Component: ARM Compiler 6.14.1 Tool: armlink [5db06d00]

==============================================================================

Section Cross References

    main.o(.text.main) refers to system_stm32f4xx.o(.data.SystemCoreClock) for SystemCoreClock
    main.o(.text.main) refers to main.o(.text.SysTick_Config) for SysTick_Config
    main.o(.text.main) refers to main.o(.text.init_main) for init_main
    main.o(.text.main) refers to system_timetick.o(.bss.tick_count) for tick_count
    main.o(.text.main) refers to stm32f4xx_gpio.o(.text.GPIO_ToggleBits) for GPIO_ToggleBits
    main.o(.ARM.exidx.text.main) refers to main.o(.text.main) for [Anonymous Symbol]
    main.o(.text.SysTick_Config) refers to main.o(.text.__NVIC_SetPriority) for __NVIC_SetPriority
    main.o(.ARM.exidx.text.SysTick_Config) refers to main.o(.text.SysTick_Config) for [Anonymous Symbol]
    main.o(.text.init_main) refers to stm32f4xx_rcc.o(.text.RCC_AHB1PeriphClockCmd) for RCC_AHB1PeriphClockCmd
    main.o(.text.init_main) refers to stm32f4xx_gpio.o(.text.GPIO_Init) for GPIO_Init
    main.o(.ARM.exidx.text.init_main) refers to main.o(.text.init_main) for [Anonymous Symbol]
    main.o(.ARM.exidx.text.__NVIC_SetPriority) refers to main.o(.text.__NVIC_SetPriority) for [Anonymous Symbol]
    system_stm32f4xx.o(.text.SystemInit) refers to system_stm32f4xx.o(.text.SetSysClock) for SetSysClock
    system_stm32f4xx.o(.ARM.exidx.text.SystemInit) refers to system_stm32f4xx.o(.text.SystemInit) for [Anonymous Symbol]
    system_stm32f4xx.o(.ARM.exidx.text.SetSysClock) refers to system_stm32f4xx.o(.text.SetSysClock) for [Anonymous Symbol]
    system_stm32f4xx.o(.text.SystemCoreClockUpdate) refers to system_stm32f4xx.o(.data.SystemCoreClock) for SystemCoreClock
    system_stm32f4xx.o(.text.SystemCoreClockUpdate) refers to system_stm32f4xx.o(.rodata.AHBPrescTable) for AHBPrescTable
    system_stm32f4xx.o(.ARM.exidx.text.SystemCoreClockUpdate) refers to system_stm32f4xx.o(.text.SystemCoreClockUpdate) for [Anonymous Symbol]
    system_timetick.o(.ARM.exidx.text.NMI_Handler) refers to system_timetick.o(.text.NMI_Handler) for [Anonymous Symbol]
    system_timetick.o(.ARM.exidx.text.HardFault_Handler) refers to system_timetick.o(.text.HardFault_Handler) for [Anonymous Symbol]
    system_timetick.o(.ARM.exidx.text.MemManage_Handler) refers to system_timetick.o(.text.MemManage_Handler) for [Anonymous Symbol]
    system_timetick.o(.ARM.exidx.text.BusFault_Handler) refers to system_timetick.o(.text.BusFault_Handler) for [Anonymous Symbol]
    system_timetick.o(.ARM.exidx.text.UsageFault_Handler) refers to system_timetick.o(.text.UsageFault_Handler) for [Anonymous Symbol]
    system_timetick.o(.ARM.exidx.text.SVC_Handler) refers to system_timetick.o(.text.SVC_Handler) for [Anonymous Symbol]
    system_timetick.o(.ARM.exidx.text.DebugMon_Handler) refers to system_timetick.o(.text.DebugMon_Handler) for [Anonymous Symbol]
    system_timetick.o(.ARM.exidx.text.PendSV_Handler) refers to system_timetick.o(.text.PendSV_Handler) for [Anonymous Symbol]
    system_timetick.o(.text.SysTick_Handler) refers to system_timetick.o(.bss.tick_count) for tick_count
    system_timetick.o(.text.SysTick_Handler) refers to system_timetick.o(.bss.tick_flag) for tick_flag
    system_timetick.o(.ARM.exidx.text.SysTick_Handler) refers to system_timetick.o(.text.SysTick_Handler) for [Anonymous Symbol]
    startup_stm32f40_41xxx.o(STACK) refers (Special) to heapauxi.o(.text) for __use_two_region_memory
    startup_stm32f40_41xxx.o(HEAP) refers (Special) to heapauxi.o(.text) for __use_two_region_memory
    startup_stm32f40_41xxx.o(RESET) refers (Special) to heapauxi.o(.text) for __use_two_region_memory
    startup_stm32f40_41xxx.o(RESET) refers to startup_stm32f40_41xxx.o(STACK) for __initial_sp
    startup_stm32f40_41xxx.o(RESET) refers to startup_stm32f40_41xxx.o(.text) for Reset_Handler
    startup_stm32f40_41xxx.o(RESET) refers to system_timetick.o(.text.NMI_Handler) for NMI_Handler
    startup_stm32f40_41xxx.o(RESET) refers to system_timetick.o(.text.HardFault_Handler) for HardFault_Handler
    startup_stm32f40_41xxx.o(RESET) refers to system_timetick.o(.text.MemManage_Handler) for MemManage_Handler
    startup_stm32f40_41xxx.o(RESET) refers to system_timetick.o(.text.BusFault_Handler) for BusFault_Handler
    startup_stm32f40_41xxx.o(RESET) refers to system_timetick.o(.text.UsageFault_Handler) for UsageFault_Handler
    startup_stm32f40_41xxx.o(RESET) refers to system_timetick.o(.text.SVC_Handler) for SVC_Handler
    startup_stm32f40_41xxx.o(RESET) refers to system_timetick.o(.text.DebugMon_Handler) for DebugMon_Handler
    startup_stm32f40_41xxx.o(RESET) refers to system_timetick.o(.text.PendSV_Handler) for PendSV_Handler
    startup_stm32f40_41xxx.o(RESET) refers to system_timetick.o(.text.SysTick_Handler) for SysTick_Handler
    startup_stm32f40_41xxx.o(.text) refers (Special) to heapauxi.o(.text) for __use_two_region_memory
[...]
    stm32f4xx_rcc.o(.ARM.exidx.text.RCC_HSICmd) refers to stm32f4xx_rcc.o(.text.RCC_HSICmd) for [Anonymous Symbol]
    stm32f4xx_rcc.o(.ARM.exidx.text.RCC_LSEConfig) refers to stm32f4xx_rcc.o(.text.RCC_LSEConfig) for [Anonymous Symbol]
    stm32f4xx_rcc.o(.ARM.exidx.text.RCC_LSICmd) refers to stm32f4xx_rcc.o(.text.RCC_LSICmd) for [Anonymous Symbol]
    stm32f4xx_rcc.o(.ARM.exidx.text.RCC_PLLConfig) refers to stm32f4xx_rcc.o(.text.RCC_PLLConfig) for [Anonymous Symbol]
    stm32f4xx_rcc.o(.ARM.exidx.text.RCC_PLLCmd) refers to stm32f4xx_rcc.o(.text.RCC_PLLCmd) for [Anonymous Symbol]
    stm32f4xx_rcc.o(.ARM.exidx.text.RCC_PLLI2SConfig) refers to stm32f4xx_rcc.o(.text.RCC_PLLI2SConfig) for [Anonymous Symbol]
    stm32f4xx_rcc.o(.ARM.exidx.text.RCC_PLLI2SCmd) refers to stm32f4xx_rcc.o(.text.RCC_PLLI2SCmd) for [Anonymous Symbol]
    stm32f4xx_rcc.o(.ARM.exidx.text.RCC_PLLSAIConfig) refers to stm32f4xx_rcc.o(.text.RCC_PLLSAIConfig) for [Anonymous Symbol]
    stm32f4xx_rcc.o(.ARM.exidx.text.RCC_PLLSAICmd) refers to stm32f4xx_rcc.o(.text.RCC_PLLSAICmd) for [Anonymous Symbol]
    stm32f4xx_rcc.o(.ARM.exidx.text.RCC_ClockSecuritySystemCmd) refers to stm32f4xx_rcc.o(.text.RCC_ClockSecuritySystemCmd) for [Anonymous Symbol]
    stm32f4xx_rcc.o(.ARM.exidx.text.RCC_MCO1Config) refers to stm32f4xx_rcc.o(.text.RCC_MCO1Config) for [Anonymous Symbol]
    stm32f4xx_rcc.o(.ARM.exidx.text.RCC_MCO2Config) refers to stm32f4xx_rcc.o(.text.RCC_MCO2Config) for [Anonymous Symbol]
    stm32f4xx_rcc.o(.ARM.exidx.text.RCC_SYSCLKConfig) refers to stm32f4xx_rcc.o(.text.RCC_SYSCLKConfig) for [Anonymous Symbol]
    stm32f4xx_rcc.o(.ARM.exidx.text.RCC_GetSYSCLKSource) refers to stm32f4xx_rcc.o(.text.RCC_GetSYSCLKSource) for [Anonymous Symbol]
    stm32f4xx_rcc.o(.ARM.exidx.text.RCC_HCLKConfig) refers to stm32f4xx_rcc.o(.text.RCC_HCLKConfig) for [Anonymous Symbol]
    stm32f4xx_rcc.o(.ARM.exidx.text.RCC_PCLK1Config) refers to stm32f4xx_rcc.o(.text.RCC_PCLK1Config) for [Anonymous Symbol]
    stm32f4xx_rcc.o(.ARM.exidx.text.RCC_PCLK2Config) refers to stm32f4xx_rcc.o(.text.RCC_PCLK2Config) for [Anonymous Symbol]
    stm32f4xx_rcc.o(.text.RCC_GetClocksFreq) refers to stm32f4xx_rcc.o(.rodata.APBAHBPrescTable) for APBAHBPrescTable
    stm32f4xx_rcc.o(.ARM.exidx.text.RCC_GetClocksFreq) refers to stm32f4xx_rcc.o(.text.RCC_GetClocksFreq) for [Anonymous Symbol]
    stm32f4xx_rcc.o(.ARM.exidx.text.RCC_RTCCLKConfig) refers to stm32f4xx_rcc.o(.text.RCC_RTCCLKConfig) for [Anonymous Symbol]
    stm32f4xx_rcc.o(.ARM.exidx.text.RCC_RTCCLKCmd) refers to stm32f4xx_rcc.o(.text.RCC_RTCCLKCmd) for [Anonymous Symbol]
    stm32f4xx_rcc.o(.ARM.exidx.text.RCC_BackupResetCmd) refers to stm32f4xx_rcc.o(.text.RCC_BackupResetCmd) for [Anonymous Symbol]
    stm32f4xx_rcc.o(.ARM.exidx.text.RCC_I2SCLKConfig) refers to stm32f4xx_rcc.o(.text.RCC_I2SCLKConfig) for [Anonymous Symbol]
    stm32f4xx_rcc.o(.ARM.exidx.text.RCC_SAIPLLI2SClkDivConfig) refers to stm32f4xx_rcc.o(.text.RCC_SAIPLLI2SClkDivConfig) for [Anonymous Symbol]
    stm32f4xx_rcc.o(.ARM.exidx.text.RCC_SAIPLLSAIClkDivConfig) refers to stm32f4xx_rcc.o(.text.RCC_SAIPLLSAIClkDivConfig) for [Anonymous Symbol]
    stm32f4xx_rcc.o(.ARM.exidx.text.RCC_SAIBlockACLKConfig) refers to stm32f4xx_rcc.o(.text.RCC_SAIBlockACLKConfig) for [Anonymous Symbol]
    stm32f4xx_rcc.o(.ARM.exidx.text.RCC_SAIBlockBCLKConfig) refers to stm32f4xx_rcc.o(.text.RCC_SAIBlockBCLKConfig) for [Anonymous Symbol]
    stm32f4xx_rcc.o(.ARM.exidx.text.RCC_LTDCCLKDivConfig) refers to stm32f4xx_rcc.o(.text.RCC_LTDCCLKDivConfig) for [Anonymous Symbol]
    stm32f4xx_rcc.o(.ARM.exidx.text.RCC_TIMCLKPresConfig) refers to stm32f4xx_rcc.o(.text.RCC_TIMCLKPresConfig) for [Anonymous Symbol]
    stm32f4xx_rcc.o(.ARM.exidx.text.RCC_AHB1PeriphClockCmd) refers to stm32f4xx_rcc.o(.text.RCC_AHB1PeriphClockCmd) for [Anonymous Symbol]
    stm32f4xx_rcc.o(.ARM.exidx.text.RCC_AHB2PeriphClockCmd) refers to stm32f4xx_rcc.o(.text.RCC_AHB2PeriphClockCmd) for [Anonymous Symbol]
    stm32f4xx_rcc.o(.ARM.exidx.text.RCC_AHB3PeriphClockCmd) refers to stm32f4xx_rcc.o(.text.RCC_AHB3PeriphClockCmd) for [Anonymous Symbol]
    stm32f4xx_rcc.o(.ARM.exidx.text.RCC_APB1PeriphClockCmd) refers to stm32f4xx_rcc.o(.text.RCC_APB1PeriphClockCmd) for [Anonymous Symbol]
    stm32f4xx_rcc.o(.ARM.exidx.text.RCC_APB2PeriphClockCmd) refers to stm32f4xx_rcc.o(.text.RCC_APB2PeriphClockCmd) for [Anonymous Symbol]
    stm32f4xx_rcc.o(.ARM.exidx.text.RCC_AHB1PeriphResetCmd) refers to stm32f4xx_rcc.o(.text.RCC_AHB1PeriphResetCmd) for [Anonymous Symbol]
    stm32f4xx_rcc.o(.ARM.exidx.text.RCC_AHB2PeriphResetCmd) refers to stm32f4xx_rcc.o(.text.RCC_AHB2PeriphResetCmd) for [Anonymous Symbol]
    stm32f4xx_rcc.o(.ARM.exidx.text.RCC_AHB3PeriphResetCmd) refers to stm32f4xx_rcc.o(.text.RCC_AHB3PeriphResetCmd) for [Anonymous Symbol]
    stm32f4xx_rcc.o(.ARM.exidx.text.RCC_APB1PeriphResetCmd) refers to stm32f4xx_rcc.o(.text.RCC_APB1PeriphResetCmd) for [Anonymous Symbol]
    stm32f4xx_rcc.o(.ARM.exidx.text.RCC_APB2PeriphResetCmd) refers to stm32f4xx_rcc.o(.text.RCC_APB2PeriphResetCmd) for [Anonymous Symbol]
    stm32f4xx_rcc.o(.ARM.exidx.text.RCC_AHB1PeriphClockLPModeCmd) refers to stm32f4xx_rcc.o(.text.RCC_AHB1PeriphClockLPModeCmd) for [Anonymous Symbol]
    stm32f4xx_rcc.o(.ARM.exidx.text.RCC_AHB2PeriphClockLPModeCmd) refers to stm32f4xx_rcc.o(.text.RCC_AHB2PeriphClockLPModeCmd) for [Anonymous Symbol]
    stm32f4xx_rcc.o(.ARM.exidx.text.RCC_AHB3PeriphClockLPModeCmd) refers to stm32f4xx_rcc.o(.text.RCC_AHB3PeriphClockLPModeCmd) for [Anonymous Symbol]
    stm32f4xx_rcc.o(.ARM.exidx.text.RCC_APB1PeriphClockLPModeCmd) refers to stm32f4xx_rcc.o(.text.RCC_APB1PeriphClockLPModeCmd) for [Anonymous Symbol]
    stm32f4xx_rcc.o(.ARM.exidx.text.RCC_APB2PeriphClockLPModeCmd) refers to stm32f4xx_rcc.o(.text.RCC_APB2PeriphClockLPModeCmd) for [Anonymous Symbol]
    stm32f4xx_rcc.o(.ARM.exidx.text.RCC_ITConfig) refers to stm32f4xx_rcc.o(.text.RCC_ITConfig) for [Anonymous Symbol]
    stm32f4xx_rcc.o(.ARM.exidx.text.RCC_ClearFlag) refers to stm32f4xx_rcc.o(.text.RCC_ClearFlag) for [Anonymous Symbol]
    stm32f4xx_rcc.o(.ARM.exidx.text.RCC_GetITStatus) refers to stm32f4xx_rcc.o(.text.RCC_GetITStatus) for [Anonymous Symbol]
    stm32f4xx_rcc.o(.ARM.exidx.text.RCC_ClearITPendingBit) refers to stm32f4xx_rcc.o(.text.RCC_ClearITPendingBit) for [Anonymous Symbol]
    stm32f4xx_syscfg.o(.text.SYSCFG_DeInit) refers to stm32f4xx_rcc.o(.text.RCC_APB2PeriphResetCmd) for RCC_APB2PeriphResetCmd
    stm32f4xx_syscfg.o(.ARM.exidx.text.SYSCFG_DeInit) refers to stm32f4xx_syscfg.o(.text.SYSCFG_DeInit) for [Anonymous Symbol]
    stm32f4xx_syscfg.o(.ARM.exidx.text.SYSCFG_MemoryRemapConfig) refers to stm32f4xx_syscfg.o(.text.SYSCFG_MemoryRemapConfig) for [Anonymous Symbol]
    stm32f4xx_syscfg.o(.ARM.exidx.text.SYSCFG_MemorySwappingBank) refers to stm32f4xx_syscfg.o(.text.SYSCFG_MemorySwappingBank) for [Anonymous Symbol]
    stm32f4xx_syscfg.o(.ARM.exidx.text.SYSCFG_EXTILineConfig) refers to stm32f4xx_syscfg.o(.text.SYSCFG_EXTILineConfig) for [Anonymous Symbol]
    stm32f4xx_syscfg.o(.ARM.exidx.text.SYSCFG_ETH_MediaInterfaceConfig) refers to stm32f4xx_syscfg.o(.text.SYSCFG_ETH_MediaInterfaceConfig) for [Anonymous Symbol]
    stm32f4xx_syscfg.o(.ARM.exidx.text.SYSCFG_CompensationCellCmd) refers to stm32f4xx_syscfg.o(.text.SYSCFG_CompensationCellCmd) for [Anonymous Symbol]
    stm32f4xx_syscfg.o(.ARM.exidx.text.SYSCFG_GetCompensationCellStatus) refers to stm32f4xx_syscfg.o(.text.SYSCFG_GetCompensationCellStatus) for [Anonymous Symbol]
    stm32f4xx_usart.o(.text.USART_DeInit) refers to stm32f4xx_rcc.o(.text.RCC_APB1PeriphResetCmd) for RCC_APB1PeriphResetCmd
    stm32f4xx_usart.o(.text.USART_DeInit) refers to stm32f4xx_rcc.o(.text.RCC_APB2PeriphResetCmd) for RCC_APB2PeriphResetCmd
    stm32f4xx_usart.o(.ARM.exidx.text.USART_DeInit) refers to stm32f4xx_usart.o(.text.USART_DeInit) for [Anonymous Symbol]
    stm32f4xx_usart.o(.text.USART_Init) refers to stm32f4xx_rcc.o(.text.RCC_GetClocksFreq) for RCC_GetClocksFreq
    stm32f4xx_usart.o(.ARM.exidx.text.USART_Init) refers to stm32f4xx_usart.o(.text.USART_Init) for [Anonymous Symbol]
    stm32f4xx_usart.o(.ARM.exidx.text.USART_StructInit) refers to stm32f4xx_usart.o(.text.USART_StructInit) for [Anonymous Symbol]
    stm32f4xx_usart.o(.ARM.exidx.text.USART_ClockInit) refers to stm32f4xx_usart.o(.text.USART_ClockInit) for [Anonymous Symbol]
    stm32f4xx_usart.o(.ARM.exidx.text.USART_ClockStructInit) refers to stm32f4xx_usart.o(.text.USART_ClockStructInit) for [Anonymous Symbol]
    stm32f4xx_usart.o(.ARM.exidx.text.USART_Cmd) refers to stm32f4xx_usart.o(.text.USART_Cmd) for [Anonymous Symbol]
    stm32f4xx_usart.o(.ARM.exidx.text.USART_SetPrescaler) refers to stm32f4xx_usart.o(.text.USART_SetPrescaler) for [Anonymous Symbol]
    stm32f4xx_usart.o(.ARM.exidx.text.USART_OverSampling8Cmd) refers to stm32f4xx_usart.o(.text.USART_OverSampling8Cmd) for [Anonymous Symbol]
    stm32f4xx_usart.o(.ARM.exidx.text.USART_OneBitMethodCmd) refers to stm32f4xx_usart.o(.text.USART_OneBitMethodCmd) for [Anonymous Symbol]
    stm32f4xx_usart.o(.ARM.exidx.text.USART_SendData) refers to stm32f4xx_usart.o(.text.USART_SendData) for [Anonymous Symbol]
    stm32f4xx_usart.o(.ARM.exidx.text.USART_ReceiveData) refers to stm32f4xx_usart.o(.text.USART_ReceiveData) for [Anonymous Symbol]
    stm32f4xx_usart.o(.ARM.exidx.text.USART_SetAddress) refers to stm32f4xx_usart.o(.text.USART_SetAddress) for [Anonymous Symbol]
    stm32f4xx_usart.o(.ARM.exidx.text.USART_ReceiverWakeUpCmd) refers to stm32f4xx_usart.o(.text.USART_ReceiverWakeUpCmd) for [Anonymous Symbol]
    stm32f4xx_usart.o(.ARM.exidx.text.USART_WakeUpConfig) refers to stm32f4xx_usart.o(.text.USART_WakeUpConfig) for [Anonymous Symbol]
    stm32f4xx_usart.o(.ARM.exidx.text.USART_LINBreakDetectLengthConfig) refers to stm32f4xx_usart.o(.text.USART_LINBreakDetectLengthConfig) for [Anonymous Symbol]
    stm32f4xx_usart.o(.ARM.exidx.text.USART_LINCmd) refers to stm32f4xx_usart.o(.text.USART_LINCmd) for [Anonymous Symbol]
    stm32f4xx_usart.o(.ARM.exidx.text.USART_SendBreak) refers to stm32f4xx_usart.o(.text.USART_SendBreak) for [Anonymous Symbol]
    stm32f4xx_usart.o(.ARM.exidx.text.USART_HalfDuplexCmd) refers to stm32f4xx_usart.o(.text.USART_HalfDuplexCmd) for [Anonymous Symbol]
    stm32f4xx_usart.o(.ARM.exidx.text.USART_SetGuardTime) refers to stm32f4xx_usart.o(.text.USART_SetGuardTime) for [Anonymous Symbol]
    stm32f4xx_usart.o(.ARM.exidx.text.USART_SmartCardCmd) refers to stm32f4xx_usart.o(.text.USART_SmartCardCmd) for [Anonymous Symbol]
    stm32f4xx_usart.o(.ARM.exidx.text.USART_SmartCardNACKCmd) refers to stm32f4xx_usart.o(.text.USART_SmartCardNACKCmd) for [Anonymous Symbol]
    stm32f4xx_usart.o(.ARM.exidx.text.USART_IrDAConfig) refers to stm32f4xx_usart.o(.text.USART_IrDAConfig) for [Anonymous Symbol]
    stm32f4xx_usart.o(.ARM.exidx.text.USART_IrDACmd) refers to stm32f4xx_usart.o(.text.USART_IrDACmd) for [Anonymous Symbol]
    stm32f4xx_usart.o(.ARM.exidx.text.USART_DMACmd) refers to stm32f4xx_usart.o(.text.USART_DMACmd) for [Anonymous Symbol]
    stm32f4xx_usart.o(.ARM.exidx.text.USART_ITConfig) refers to stm32f4xx_usart.o(.text.USART_ITConfig) for [Anonymous Symbol]
    stm32f4xx_usart.o(.ARM.exidx.text.USART_GetFlagStatus) refers to stm32f4xx_usart.o(.text.USART_GetFlagStatus) for [Anonymous Symbol]
    stm32f4xx_usart.o(.ARM.exidx.text.USART_ClearFlag) refers to stm32f4xx_usart.o(.text.USART_ClearFlag) for [Anonymous Symbol]
    stm32f4xx_usart.o(.ARM.exidx.text.USART_GetITStatus) refers to stm32f4xx_usart.o(.text.USART_GetITStatus) for [Anonymous Symbol]
    stm32f4xx_usart.o(.ARM.exidx.text.USART_ClearITPendingBit) refers to stm32f4xx_usart.o(.text.USART_ClearITPendingBit) for [Anonymous Symbol]
    stm32f4xx_gpio.o(.text.GPIO_DeInit) refers to stm32f4xx_rcc.o(.text.RCC_AHB1PeriphResetCmd) for RCC_AHB1PeriphResetCmd
    stm32f4xx_gpio.o(.ARM.exidx.text.GPIO_DeInit) refers to stm32f4xx_gpio.o(.text.GPIO_DeInit) for [Anonymous Symbol]
    stm32f4xx_gpio.o(.ARM.exidx.text.GPIO_Init) refers to stm32f4xx_gpio.o(.text.GPIO_Init) for [Anonymous Symbol]
    stm32f4xx_gpio.o(.ARM.exidx.text.GPIO_StructInit) refers to stm32f4xx_gpio.o(.text.GPIO_StructInit) for [Anonymous Symbol]
    stm32f4xx_gpio.o(.ARM.exidx.text.GPIO_PinLockConfig) refers to stm32f4xx_gpio.o(.text.GPIO_PinLockConfig) for [Anonymous Symbol]
    stm32f4xx_gpio.o(.ARM.exidx.text.GPIO_ReadInputDataBit) refers to stm32f4xx_gpio.o(.text.GPIO_ReadInputDataBit) for [Anonymous Symbol]
    stm32f4xx_gpio.o(.ARM.exidx.text.GPIO_ReadInputData) refers to stm32f4xx_gpio.o(.text.GPIO_ReadInputData) for [Anonymous Symbol]
    stm32f4xx_gpio.o(.ARM.exidx.text.GPIO_ReadOutputDataBit) refers to stm32f4xx_gpio.o(.text.GPIO_ReadOutputDataBit) for [Anonymous Symbol]
    stm32f4xx_gpio.o(.ARM.exidx.text.GPIO_ReadOutputData) refers to stm32f4xx_gpio.o(.text.GPIO_ReadOutputData) for [Anonymous Symbol]
    stm32f4xx_gpio.o(.ARM.exidx.text.GPIO_SetBits) refers to stm32f4xx_gpio.o(.text.GPIO_SetBits) for [Anonymous Symbol]
    stm32f4xx_gpio.o(.ARM.exidx.text.GPIO_ResetBits) refers to stm32f4xx_gpio.o(.text.GPIO_ResetBits) for [Anonymous Symbol]
    stm32f4xx_gpio.o(.ARM.exidx.text.GPIO_WriteBit) refers to stm32f4xx_gpio.o(.text.GPIO_WriteBit) for [Anonymous Symbol]
    stm32f4xx_gpio.o(.ARM.exidx.text.GPIO_Write) refers to stm32f4xx_gpio.o(.text.GPIO_Write) for [Anonymous Symbol]
    stm32f4xx_gpio.o(.ARM.exidx.text.GPIO_ToggleBits) refers to stm32f4xx_gpio.o(.text.GPIO_ToggleBits) for [Anonymous Symbol]
    stm32f4xx_gpio.o(.ARM.exidx.text.GPIO_PinAFConfig) refers to stm32f4xx_gpio.o(.text.GPIO_PinAFConfig) for [Anonymous Symbol]
    __main.o(!!!main) refers to __rtentry.o(.ARM.Collect$$rtentry$$00000000) for __rt_entry
    __rtentry.o(.ARM.Collect$$rtentry$$00000000) refers (Special) to __rtentry2.o(.ARM.Collect$$rtentry$$0000000A) for __rt_entry_li
    __rtentry.o(.ARM.Collect$$rtentry$$00000000) refers (Special) to __rtentry2.o(.ARM.Collect$$rtentry$$0000000D) for __rt_entry_main
    __rtentry.o(.ARM.Collect$$rtentry$$00000000) refers (Special) to __rtentry2.o(.ARM.Collect$$rtentry$$0000000C) for __rt_entry_postli_1
    __rtentry.o(.ARM.Collect$$rtentry$$00000000) refers (Special) to __rtentry2.o(.ARM.Collect$$rtentry$$00000009) for __rt_entry_postsh_1
    __rtentry.o(.ARM.Collect$$rtentry$$00000000) refers (Special) to __rtentry2.o(.ARM.Collect$$rtentry$$00000002) for __rt_entry_presh_1
    __rtentry.o(.ARM.Collect$$rtentry$$00000000) refers (Special) to __rtentry4.o(.ARM.Collect$$rtentry$$00000004) for __rt_entry_sh
    __rtentry2.o(.ARM.Collect$$rtentry$$00000008) refers to boardinit2.o(.text) for _platform_post_stackheap_init
    __rtentry2.o(.ARM.Collect$$rtentry$$0000000A) refers to libinit.o(.ARM.Collect$$libinit$$00000000) for __rt_lib_init
    __rtentry2.o(.ARM.Collect$$rtentry$$0000000B) refers to boardinit3.o(.text) for _platform_post_lib_init
    __rtentry2.o(.ARM.Collect$$rtentry$$0000000D) refers to main.o(.text.main) for main
    __rtentry2.o(.ARM.Collect$$rtentry$$0000000D) refers to exit.o(.text) for exit
    __rtentry2.o(.ARM.exidx) refers to __rtentry2.o(.ARM.Collect$$rtentry$$00000001) for .ARM.Collect$$rtentry$$00000001
    __rtentry2.o(.ARM.exidx) refers to __rtentry2.o(.ARM.Collect$$rtentry$$00000008) for .ARM.Collect$$rtentry$$00000008
    __rtentry2.o(.ARM.exidx) refers to __rtentry2.o(.ARM.Collect$$rtentry$$0000000A) for .ARM.Collect$$rtentry$$0000000A
    __rtentry2.o(.ARM.exidx) refers to __rtentry2.o(.ARM.Collect$$rtentry$$0000000B) for .ARM.Collect$$rtentry$$0000000B
    __rtentry2.o(.ARM.exidx) refers to __rtentry2.o(.ARM.Collect$$rtentry$$0000000D) for .ARM.Collect$$rtentry$$0000000D
    __rtentry4.o(.ARM.Collect$$rtentry$$00000004) refers to sys_stackheap_outer.o(.text) for __user_setup_stackheap
    __rtentry4.o(.ARM.exidx) refers to __rtentry4.o(.ARM.Collect$$rtentry$$00000004) for .ARM.Collect$$rtentry$$00000004
    sys_stackheap_outer.o(.text) refers to libspace.o(.text) for __user_perproc_libspace
    sys_stackheap_outer.o(.text) refers to startup_stm32f40_41xxx.o(.text) for __user_initial_stackheap
    exit.o(.text) refers to rtexit.o(.ARM.Collect$$rtexit$$00000000) for __rt_exit
    libinit.o(.ARM.Collect$$libinit$$00000000) refers (Special) to libinit2.o(.ARM.Collect$$libinit$$0000002E) for __rt_lib_init_alloca_1
    libinit.o(.ARM.Collect$$libinit$$00000000) refers (Special) to libinit2.o(.ARM.Collect$$libinit$$0000002C) for __rt_lib_init_argv_1
    libinit.o(.ARM.Collect$$libinit$$00000000) refers (Special) to libinit2.o(.ARM.Collect$$libinit$$0000001B) for __rt_lib_init_atexit_1
    libinit.o(.ARM.Collect$$libinit$$00000000) refers (Special) to libinit2.o(.ARM.Collect$$libinit$$00000021) for __rt_lib_init_clock_1
    libinit.o(.ARM.Collect$$libinit$$00000000) refers (Special) to libinit2.o(.ARM.Collect$$libinit$$00000032) for __rt_lib_init_cpp_1
    libinit.o(.ARM.Collect$$libinit$$00000000) refers (Special) to libinit2.o(.ARM.Collect$$libinit$$00000030) for __rt_lib_init_exceptions_1
    libinit.o(.ARM.Collect$$libinit$$00000000) refers (Special) to libinit2.o(.ARM.Collect$$libinit$$00000001) for __rt_lib_init_fp_1
    libinit.o(.ARM.Collect$$libinit$$00000000) refers (Special) to libinit2.o(.ARM.Collect$$libinit$$0000001F) for __rt_lib_init_fp_trap_1
    libinit.o(.ARM.Collect$$libinit$$00000000) refers (Special) to libinit2.o(.ARM.Collect$$libinit$$00000023) for __rt_lib_init_getenv_1
    libinit.o(.ARM.Collect$$libinit$$00000000) refers (Special) to libinit2.o(.ARM.Collect$$libinit$$0000000A) for __rt_lib_init_heap_1
    libinit.o(.ARM.Collect$$libinit$$00000000) refers (Special) to libinit2.o(.ARM.Collect$$libinit$$00000011) for __rt_lib_init_lc_collate_1
    libinit.o(.ARM.Collect$$libinit$$00000000) refers (Special) to libinit2.o(.ARM.Collect$$libinit$$00000013) for __rt_lib_init_lc_ctype_1
    libinit.o(.ARM.Collect$$libinit$$00000000) refers (Special) to libinit2.o(.ARM.Collect$$libinit$$00000015) for __rt_lib_init_lc_monetary_1
    libinit.o(.ARM.Collect$$libinit$$00000000) refers (Special) to libinit2.o(.ARM.Collect$$libinit$$00000017) for __rt_lib_init_lc_numeric_1
    libinit.o(.ARM.Collect$$libinit$$00000000) refers (Special) to libinit2.o(.ARM.Collect$$libinit$$00000019) for __rt_lib_init_lc_time_1
    libinit.o(.ARM.Collect$$libinit$$00000000) refers (Special) to libinit2.o(.ARM.Collect$$libinit$$00000004) for __rt_lib_init_preinit_1
    libinit.o(.ARM.Collect$$libinit$$00000000) refers (Special) to libinit2.o(.ARM.Collect$$libinit$$0000000E) for __rt_lib_init_rand_1
    libinit.o(.ARM.Collect$$libinit$$00000000) refers (Special) to libinit2.o(.ARM.Collect$$libinit$$00000033) for __rt_lib_init_return
    libinit.o(.ARM.Collect$$libinit$$00000000) refers (Special) to libinit2.o(.ARM.Collect$$libinit$$0000001D) for __rt_lib_init_signal_1
    libinit.o(.ARM.Collect$$libinit$$00000000) refers (Special) to libinit2.o(.ARM.Collect$$libinit$$00000025) for __rt_lib_init_stdio_1
    libinit.o(.ARM.Collect$$libinit$$00000000) refers (Special) to libinit2.o(.ARM.Collect$$libinit$$0000000C) for __rt_lib_init_user_alloc_1
    libspace.o(.text) refers to libspace.o(.bss) for __libspace_start
    rtexit.o(.ARM.Collect$$rtexit$$00000000) refers (Special) to rtexit2.o(.ARM.Collect$$rtexit$$00000004) for __rt_exit_exit
    rtexit.o(.ARM.Collect$$rtexit$$00000000) refers (Special) to rtexit2.o(.ARM.Collect$$rtexit$$00000003) for __rt_exit_ls
    rtexit.o(.ARM.Collect$$rtexit$$00000000) refers (Special) to rtexit2.o(.ARM.Collect$$rtexit$$00000002) for __rt_exit_prels_1
    rtexit.o(.ARM.exidx) refers (Special) to rtexit2.o(.ARM.Collect$$rtexit$$00000004) for __rt_exit_exit
    rtexit.o(.ARM.exidx) refers (Special) to rtexit2.o(.ARM.Collect$$rtexit$$00000003) for __rt_exit_ls
    rtexit.o(.ARM.exidx) refers (Special) to rtexit2.o(.ARM.Collect$$rtexit$$00000002) for __rt_exit_prels_1
    rtexit.o(.ARM.exidx) refers to rtexit.o(.ARM.Collect$$rtexit$$00000000) for .ARM.Collect$$rtexit$$00000000
    libinit2.o(.ARM.Collect$$libinit$$00000001) refers to fpinit.o(x$fpl$fpinit) for _fp_init
    libinit2.o(.ARM.Collect$$libinit$$00000010) refers to libinit2.o(.ARM.Collect$$libinit$$0000000F) for .ARM.Collect$$libinit$$0000000F
    libinit2.o(.ARM.Collect$$libinit$$00000012) refers to libinit2.o(.ARM.Collect$$libinit$$0000000F) for .ARM.Collect$$libinit$$0000000F
    libinit2.o(.ARM.Collect$$libinit$$00000014) refers to libinit2.o(.ARM.Collect$$libinit$$0000000F) for .ARM.Collect$$libinit$$0000000F
    libinit2.o(.ARM.Collect$$libinit$$00000016) refers to libinit2.o(.ARM.Collect$$libinit$$0000000F) for .ARM.Collect$$libinit$$0000000F
    libinit2.o(.ARM.Collect$$libinit$$00000018) refers to libinit2.o(.ARM.Collect$$libinit$$0000000F) for .ARM.Collect$$libinit$$0000000F
    libinit2.o(.ARM.Collect$$libinit$$00000026) refers to argv_veneer.o(.emb_text) for __ARM_argv_veneer
    libinit2.o(.ARM.Collect$$libinit$$00000027) refers to argv_veneer.o(.emb_text) for __ARM_argv_veneer
    rtexit2.o(.ARM.Collect$$rtexit$$00000003) refers to libshutdown.o(.ARM.Collect$$libshutdown$$00000000) for __rt_lib_shutdown
    rtexit2.o(.ARM.Collect$$rtexit$$00000004) refers to sys_exit.o(.text) for _sys_exit
    rtexit2.o(.ARM.exidx) refers to rtexit2.o(.ARM.Collect$$rtexit$$00000001) for .ARM.Collect$$rtexit$$00000001
    rtexit2.o(.ARM.exidx) refers to rtexit2.o(.ARM.Collect$$rtexit$$00000003) for .ARM.Collect$$rtexit$$00000003
    rtexit2.o(.ARM.exidx) refers to rtexit2.o(.ARM.Collect$$rtexit$$00000004) for .ARM.Collect$$rtexit$$00000004
    argv_veneer.o(.emb_text) refers to no_argv.o(.text) for __ARM_get_argv
    sys_exit.o(.text) refers (Special) to use_no_semi.o(.text) for __I$use$semihosting
    sys_exit.o(.text) refers (Special) to indicate_semi.o(.text) for __semihosting_library_function
    sys_exit_hlt.o(.text) refers (Special) to use_no_semi.o(.text) for __I$use$semihosting
    sys_exit_hlt.o(.text) refers (Special) to indicate_semi.o(.text) for __semihosting_library_function
    _get_argv_nomalloc.o(.text) refers (Special) to hrguard.o(.text) for __heap_region$guard
    _get_argv_nomalloc.o(.text) refers to defsig_rtmem_outer.o(.text) for __rt_SIGRTMEM
    _get_argv_nomalloc.o(.text) refers to sys_command.o(.text) for _sys_command_string
    libshutdown.o(.ARM.Collect$$libshutdown$$00000000) refers (Special) to libshutdown2.o(.ARM.Collect$$libshutdown$$00000002) for __rt_lib_shutdown_cpp_1
    libshutdown.o(.ARM.Collect$$libshutdown$$00000000) refers (Special) to libshutdown2.o(.ARM.Collect$$libshutdown$$00000007) for __rt_lib_shutdown_fp_trap_1
    libshutdown.o(.ARM.Collect$$libshutdown$$00000000) refers (Special) to libshutdown2.o(.ARM.Collect$$libshutdown$$0000000F) for __rt_lib_shutdown_heap_1
    libshutdown.o(.ARM.Collect$$libshutdown$$00000000) refers (Special) to libshutdown2.o(.ARM.Collect$$libshutdown$$00000010) for __rt_lib_shutdown_return
    libshutdown.o(.ARM.Collect$$libshutdown$$00000000) refers (Special) to libshutdown2.o(.ARM.Collect$$libshutdown$$0000000A) for __rt_lib_shutdown_signal_1
    libshutdown.o(.ARM.Collect$$libshutdown$$00000000) refers (Special) to libshutdown2.o(.ARM.Collect$$libshutdown$$00000004) for __rt_lib_shutdown_stdio_1
    libshutdown.o(.ARM.Collect$$libshutdown$$00000000) refers (Special) to libshutdown2.o(.ARM.Collect$$libshutdown$$0000000C) for __rt_lib_shutdown_user_alloc_1
    sys_command.o(.text) refers (Special) to use_no_semi.o(.text) for __I$use$semihosting
    sys_command.o(.text) refers (Special) to indicate_semi.o(.text) for __semihosting_library_function
    sys_command_hlt.o(.text) refers (Special) to use_no_semi.o(.text) for __I$use$semihosting
    sys_command_hlt.o(.text) refers (Special) to indicate_semi.o(.text) for __semihosting_library_function
    defsig_rtmem_outer.o(.text) refers to defsig_rtmem_inner.o(.text) for __rt_SIGRTMEM_inner
    defsig_rtmem_outer.o(.text) refers to defsig_exit.o(.text) for __sig_exit
    defsig_rtmem_formal.o(.text) refers to rt_raise.o(.text) for __rt_raise
    rt_raise.o(.text) refers to __raise.o(.text) for __raise
    rt_raise.o(.text) refers to sys_exit.o(.text) for _sys_exit
    defsig_exit.o(.text) refers to sys_exit.o(.text) for _sys_exit
    defsig_rtmem_inner.o(.text) refers to defsig_general.o(.text) for __default_signal_display
    __raise.o(.text) refers to defsig.o(CL$$defsig) for __default_signal_handler
    defsig_general.o(.text) refers to sys_wrch.o(.text) for _ttywrch
    sys_wrch.o(.text) refers (Special) to use_no_semi.o(.text) for __I$use$semihosting
    sys_wrch.o(.text) refers (Special) to indicate_semi.o(.text) for __semihosting_library_function
    sys_wrch_hlt.o(.text) refers (Special) to use_no_semi.o(.text) for __I$use$semihosting
    sys_wrch_hlt.o(.text) refers (Special) to indicate_semi.o(.text) for __semihosting_library_function
    defsig.o(CL$$defsig) refers to defsig_rtmem_inner.o(.text) for __rt_SIGRTMEM_inner
    defsig_abrt_inner.o(.text) refers to defsig_general.o(.text) for __default_signal_display
    defsig_fpe_inner.o(.text) refers to defsig_general.o(.text) for __default_signal_display
    defsig_rtred_inner.o(.text) refers to defsig_general.o(.text) for __default_signal_display
    defsig_stak_inner.o(.text) refers to defsig_general.o(.text) for __default_signal_display
    defsig_pvfn_inner.o(.text) refers to defsig_general.o(.text) for __default_signal_display
    defsig_cppl_inner.o(.text) refers to defsig_general.o(.text) for __default_signal_display
    defsig_segv_inner.o(.text) refers to defsig_general.o(.text) for __default_signal_display
    defsig_other.o(.text) refers to defsig_general.o(.text) for __default_signal_display


==============================================================================

Removing Unused input sections from the image.

    Removing main.o(.text), (0 bytes).
    Removing main.o(.ARM.exidx.text.main), (8 bytes).
    Removing main.o(.ARM.exidx.text.SysTick_Config), (8 bytes).
    Removing main.o(.ARM.exidx.text.init_main), (8 bytes).
    Removing main.o(.ARM.exidx.text.__NVIC_SetPriority), (8 bytes).
    Removing main.o(.ARM.use_no_argv), (4 bytes).
    Removing system_stm32f4xx.o(.text), (0 bytes).
    Removing system_stm32f4xx.o(.ARM.exidx.text.SystemInit), (8 bytes).
    Removing system_stm32f4xx.o(.ARM.exidx.text.SetSysClock), (8 bytes).
    Removing system_stm32f4xx.o(.text.SystemCoreClockUpdate), (126 bytes).
    Removing system_stm32f4xx.o(.ARM.exidx.text.SystemCoreClockUpdate), (8 bytes).
    Removing system_stm32f4xx.o(.rodata.AHBPrescTable), (16 bytes).
    Removing system_timetick.o(.text), (0 bytes).
    Removing system_timetick.o(.ARM.exidx.text.NMI_Handler), (8 bytes).
    Removing system_timetick.o(.ARM.exidx.text.HardFault_Handler), (8 bytes).
    Removing system_timetick.o(.ARM.exidx.text.MemManage_Handler), (8 bytes).
    Removing system_timetick.o(.ARM.exidx.text.BusFault_Handler), (8 bytes).
    Removing system_timetick.o(.ARM.exidx.text.UsageFault_Handler), (8 bytes).
    Removing system_timetick.o(.ARM.exidx.text.SVC_Handler), (8 bytes).
    Removing system_timetick.o(.ARM.exidx.text.DebugMon_Handler), (8 bytes).
    Removing system_timetick.o(.ARM.exidx.text.PendSV_Handler), (8 bytes).
    Removing system_timetick.o(.ARM.exidx.text.SysTick_Handler), (8 bytes).
    Removing stm32f4xx_rcc.o(.text), (0 bytes).
    Removing stm32f4xx_rcc.o(.text.RCC_DeInit), (80 bytes).
    Removing stm32f4xx_rcc.o(.ARM.exidx.text.RCC_DeInit), (8 bytes).
    Removing stm32f4xx_rcc.o(.text.RCC_HSEConfig), (16 bytes).
    Removing stm32f4xx_rcc.o(.ARM.exidx.text.RCC_HSEConfig), (8 bytes).
    Removing stm32f4xx_rcc.o(.text.RCC_WaitForHSEStartUp), (48 bytes).
    Removing stm32f4xx_rcc.o(.ARM.exidx.text.RCC_WaitForHSEStartUp), (8 bytes).
    Removing stm32f4xx_rcc.o(.text.RCC_GetFlagStatus), (42 bytes).
    Removing stm32f4xx_rcc.o(.ARM.exidx.text.RCC_GetFlagStatus), (8 bytes).
    Removing stm32f4xx_rcc.o(.text.RCC_AdjustHSICalibrationValue), (22 bytes).
    Removing stm32f4xx_rcc.o(.ARM.exidx.text.RCC_AdjustHSICalibrationValue), (8 bytes).
    Removing stm32f4xx_rcc.o(.text.RCC_HSICmd), (10 bytes).
    Removing stm32f4xx_rcc.o(.ARM.exidx.text.RCC_HSICmd), (8 bytes).
    Removing stm32f4xx_rcc.o(.text.RCC_LSEConfig), (30 bytes).
    Removing stm32f4xx_rcc.o(.ARM.exidx.text.RCC_LSEConfig), (8 bytes).
    Removing stm32f4xx_rcc.o(.text.RCC_LSICmd), (12 bytes).
    Removing stm32f4xx_rcc.o(.ARM.exidx.text.RCC_LSICmd), (8 bytes).
    Removing stm32f4xx_rcc.o(.text.RCC_PLLConfig), (46 bytes).
    Removing stm32f4xx_rcc.o(.ARM.exidx.text.RCC_PLLConfig), (8 bytes).
    Removing stm32f4xx_rcc.o(.text.RCC_PLLCmd), (10 bytes).
    Removing stm32f4xx_rcc.o(.ARM.exidx.text.RCC_PLLCmd), (8 bytes).
    Removing stm32f4xx_rcc.o(.text.RCC_PLLI2SConfig), (18 bytes).
    Removing stm32f4xx_rcc.o(.ARM.exidx.text.RCC_PLLI2SConfig), (8 bytes).
    Removing stm32f4xx_rcc.o(.text.RCC_PLLI2SCmd), (10 bytes).
    Removing stm32f4xx_rcc.o(.ARM.exidx.text.RCC_PLLI2SCmd), (8 bytes).
    Removing stm32f4xx_rcc.o(.text.RCC_PLLSAIConfig), (22 bytes).
    Removing stm32f4xx_rcc.o(.ARM.exidx.text.RCC_PLLSAIConfig), (8 bytes).
    Removing stm32f4xx_rcc.o(.text.RCC_PLLSAICmd), (10 bytes).
    Removing stm32f4xx_rcc.o(.ARM.exidx.text.RCC_PLLSAICmd), (8 bytes).
    Removing stm32f4xx_rcc.o(.text.RCC_ClockSecuritySystemCmd), (10 bytes).
    Removing stm32f4xx_rcc.o(.ARM.exidx.text.RCC_ClockSecuritySystemCmd), (8 bytes).
    Removing stm32f4xx_rcc.o(.text.RCC_MCO1Config), (22 bytes).
    Removing stm32f4xx_rcc.o(.ARM.exidx.text.RCC_MCO1Config), (8 bytes).
    Removing stm32f4xx_rcc.o(.text.RCC_MCO2Config), (22 bytes).
    Removing stm32f4xx_rcc.o(.ARM.exidx.text.RCC_MCO2Config), (8 bytes).
    Removing stm32f4xx_rcc.o(.text.RCC_SYSCLKConfig), (20 bytes).
    Removing stm32f4xx_rcc.o(.ARM.exidx.text.RCC_SYSCLKConfig), (8 bytes).
    Removing stm32f4xx_rcc.o(.text.RCC_GetSYSCLKSource), (16 bytes).
    Removing stm32f4xx_rcc.o(.ARM.exidx.text.RCC_GetSYSCLKSource), (8 bytes).
    Removing stm32f4xx_rcc.o(.text.RCC_HCLKConfig), (20 bytes).
    Removing stm32f4xx_rcc.o(.ARM.exidx.text.RCC_HCLKConfig), (8 bytes).
    Removing stm32f4xx_rcc.o(.text.RCC_PCLK1Config), (20 bytes).
    Removing stm32f4xx_rcc.o(.ARM.exidx.text.RCC_PCLK1Config), (8 bytes).
    Removing stm32f4xx_rcc.o(.text.RCC_PCLK2Config), (22 bytes).
    Removing stm32f4xx_rcc.o(.ARM.exidx.text.RCC_PCLK2Config), (8 bytes).
    Removing stm32f4xx_rcc.o(.text.RCC_GetClocksFreq), (150 bytes).
    Removing stm32f4xx_rcc.o(.ARM.exidx.text.RCC_GetClocksFreq), (8 bytes).
    Removing stm32f4xx_rcc.o(.text.RCC_RTCCLKConfig), (50 bytes).
    Removing stm32f4xx_rcc.o(.ARM.exidx.text.RCC_RTCCLKConfig), (8 bytes).
    Removing stm32f4xx_rcc.o(.text.RCC_RTCCLKCmd), (12 bytes).
    Removing stm32f4xx_rcc.o(.ARM.exidx.text.RCC_RTCCLKCmd), (8 bytes).
    Removing stm32f4xx_rcc.o(.text.RCC_BackupResetCmd), (12 bytes).
    Removing stm32f4xx_rcc.o(.ARM.exidx.text.RCC_BackupResetCmd), (8 bytes).
    Removing stm32f4xx_rcc.o(.text.RCC_I2SCLKConfig), (12 bytes).
    Removing stm32f4xx_rcc.o(.ARM.exidx.text.RCC_I2SCLKConfig), (8 bytes).
    Removing stm32f4xx_rcc.o(.text.RCC_SAIPLLI2SClkDivConfig), (22 bytes).
    Removing stm32f4xx_rcc.o(.ARM.exidx.text.RCC_SAIPLLI2SClkDivConfig), (8 bytes).
    Removing stm32f4xx_rcc.o(.text.RCC_SAIPLLSAIClkDivConfig), (28 bytes).
    Removing stm32f4xx_rcc.o(.ARM.exidx.text.RCC_SAIPLLSAIClkDivConfig), (8 bytes).
    Removing stm32f4xx_rcc.o(.text.RCC_SAIBlockACLKConfig), (20 bytes).
    Removing stm32f4xx_rcc.o(.ARM.exidx.text.RCC_SAIBlockACLKConfig), (8 bytes).
    Removing stm32f4xx_rcc.o(.text.RCC_SAIBlockBCLKConfig), (20 bytes).
    Removing stm32f4xx_rcc.o(.ARM.exidx.text.RCC_SAIBlockBCLKConfig), (8 bytes).
    Removing stm32f4xx_rcc.o(.text.RCC_LTDCCLKDivConfig), (20 bytes).
    Removing stm32f4xx_rcc.o(.ARM.exidx.text.RCC_LTDCCLKDivConfig), (8 bytes).
    Removing stm32f4xx_rcc.o(.text.RCC_TIMCLKPresConfig), (12 bytes).
    Removing stm32f4xx_rcc.o(.ARM.exidx.text.RCC_TIMCLKPresConfig), (8 bytes).
    Removing stm32f4xx_rcc.o(.ARM.exidx.text.RCC_AHB1PeriphClockCmd), (8 bytes).
    Removing stm32f4xx_rcc.o(.text.RCC_AHB2PeriphClockCmd), (24 bytes).
    Removing stm32f4xx_rcc.o(.ARM.exidx.text.RCC_AHB2PeriphClockCmd), (8 bytes).
    Removing stm32f4xx_rcc.o(.text.RCC_AHB3PeriphClockCmd), (24 bytes).
    Removing stm32f4xx_rcc.o(.ARM.exidx.text.RCC_AHB3PeriphClockCmd), (8 bytes).
    Removing stm32f4xx_rcc.o(.text.RCC_APB1PeriphClockCmd), (24 bytes).
    Removing stm32f4xx_rcc.o(.ARM.exidx.text.RCC_APB1PeriphClockCmd), (8 bytes).
    Removing stm32f4xx_rcc.o(.text.RCC_APB2PeriphClockCmd), (24 bytes).
    Removing stm32f4xx_rcc.o(.ARM.exidx.text.RCC_APB2PeriphClockCmd), (8 bytes).
    Removing stm32f4xx_rcc.o(.text.RCC_AHB1PeriphResetCmd), (24 bytes).
    Removing stm32f4xx_rcc.o(.ARM.exidx.text.RCC_AHB1PeriphResetCmd), (8 bytes).
    Removing stm32f4xx_rcc.o(.text.RCC_AHB2PeriphResetCmd), (24 bytes).
    Removing stm32f4xx_rcc.o(.ARM.exidx.text.RCC_AHB2PeriphResetCmd), (8 bytes).
    Removing stm32f4xx_rcc.o(.text.RCC_AHB3PeriphResetCmd), (24 bytes).
    Removing stm32f4xx_rcc.o(.ARM.exidx.text.RCC_AHB3PeriphResetCmd), (8 bytes).
    Removing stm32f4xx_rcc.o(.text.RCC_APB1PeriphResetCmd), (24 bytes).
    Removing stm32f4xx_rcc.o(.ARM.exidx.text.RCC_APB1PeriphResetCmd), (8 bytes).
    Removing stm32f4xx_rcc.o(.text.RCC_APB2PeriphResetCmd), (24 bytes).
    Removing stm32f4xx_rcc.o(.ARM.exidx.text.RCC_APB2PeriphResetCmd), (8 bytes).
    Removing stm32f4xx_rcc.o(.text.RCC_AHB1PeriphClockLPModeCmd), (24 bytes).
    Removing stm32f4xx_rcc.o(.ARM.exidx.text.RCC_AHB1PeriphClockLPModeCmd), (8 bytes).
    Removing stm32f4xx_rcc.o(.text.RCC_AHB2PeriphClockLPModeCmd), (24 bytes).
    Removing stm32f4xx_rcc.o(.ARM.exidx.text.RCC_AHB2PeriphClockLPModeCmd), (8 bytes).
    Removing stm32f4xx_rcc.o(.text.RCC_AHB3PeriphClockLPModeCmd), (24 bytes).
    Removing stm32f4xx_rcc.o(.ARM.exidx.text.RCC_AHB3PeriphClockLPModeCmd), (8 bytes).
    Removing stm32f4xx_rcc.o(.text.RCC_APB1PeriphClockLPModeCmd), (24 bytes).
    Removing stm32f4xx_rcc.o(.ARM.exidx.text.RCC_APB1PeriphClockLPModeCmd), (8 bytes).
    Removing stm32f4xx_rcc.o(.text.RCC_APB2PeriphClockLPModeCmd), (24 bytes).
    Removing stm32f4xx_rcc.o(.ARM.exidx.text.RCC_APB2PeriphClockLPModeCmd), (8 bytes).
    Removing stm32f4xx_rcc.o(.text.RCC_ITConfig), (24 bytes).
    Removing stm32f4xx_rcc.o(.ARM.exidx.text.RCC_ITConfig), (8 bytes).
    Removing stm32f4xx_rcc.o(.text.RCC_ClearFlag), (18 bytes).
    Removing stm32f4xx_rcc.o(.ARM.exidx.text.RCC_ClearFlag), (8 bytes).
    Removing stm32f4xx_rcc.o(.text.RCC_GetITStatus), (18 bytes).
    Removing stm32f4xx_rcc.o(.ARM.exidx.text.RCC_GetITStatus), (8 bytes).
    Removing stm32f4xx_rcc.o(.text.RCC_ClearITPendingBit), (12 bytes).
    Removing stm32f4xx_rcc.o(.ARM.exidx.text.RCC_ClearITPendingBit), (8 bytes).
    Removing stm32f4xx_rcc.o(.rodata.APBAHBPrescTable), (16 bytes).
    Removing stm32f4xx_syscfg.o(.text), (0 bytes).
    Removing stm32f4xx_syscfg.o(.text.SYSCFG_DeInit), (24 bytes).
    Removing stm32f4xx_syscfg.o(.ARM.exidx.text.SYSCFG_DeInit), (8 bytes).
    Removing stm32f4xx_syscfg.o(.text.SYSCFG_MemoryRemapConfig), (12 bytes).
    Removing stm32f4xx_syscfg.o(.ARM.exidx.text.SYSCFG_MemoryRemapConfig), (8 bytes).
    Removing stm32f4xx_syscfg.o(.text.SYSCFG_MemorySwappingBank), (10 bytes).
    Removing stm32f4xx_syscfg.o(.ARM.exidx.text.SYSCFG_MemorySwappingBank), (8 bytes).
    Removing stm32f4xx_syscfg.o(.text.SYSCFG_EXTILineConfig), (48 bytes).
    Removing stm32f4xx_syscfg.o(.ARM.exidx.text.SYSCFG_EXTILineConfig), (8 bytes).
    Removing stm32f4xx_syscfg.o(.text.SYSCFG_ETH_MediaInterfaceConfig), (10 bytes).
    Removing stm32f4xx_syscfg.o(.ARM.exidx.text.SYSCFG_ETH_MediaInterfaceConfig), (8 bytes).
    Removing stm32f4xx_syscfg.o(.text.SYSCFG_CompensationCellCmd), (12 bytes).
    Removing stm32f4xx_syscfg.o(.ARM.exidx.text.SYSCFG_CompensationCellCmd), (8 bytes).
    Removing stm32f4xx_syscfg.o(.text.SYSCFG_GetCompensationCellStatus), (16 bytes).
    Removing stm32f4xx_syscfg.o(.ARM.exidx.text.SYSCFG_GetCompensationCellStatus), (8 bytes).
    Removing stm32f4xx_usart.o(.text), (0 bytes).
    Removing stm32f4xx_usart.o(.text.USART_DeInit), (274 bytes).
    Removing stm32f4xx_usart.o(.ARM.exidx.text.USART_DeInit), (8 bytes).
    Removing stm32f4xx_usart.o(.text.USART_Init), (182 bytes).
    Removing stm32f4xx_usart.o(.ARM.exidx.text.USART_Init), (8 bytes).
    Removing stm32f4xx_usart.o(.text.USART_StructInit), (18 bytes).
    Removing stm32f4xx_usart.o(.ARM.exidx.text.USART_StructInit), (8 bytes).
    Removing stm32f4xx_usart.o(.text.USART_ClockInit), (34 bytes).
    Removing stm32f4xx_usart.o(.ARM.exidx.text.USART_ClockInit), (8 bytes).
    Removing stm32f4xx_usart.o(.text.USART_ClockStructInit), (8 bytes).
    Removing stm32f4xx_usart.o(.ARM.exidx.text.USART_ClockStructInit), (8 bytes).
    Removing stm32f4xx_usart.o(.text.USART_Cmd), (18 bytes).
    Removing stm32f4xx_usart.o(.ARM.exidx.text.USART_Cmd), (8 bytes).
    Removing stm32f4xx_usart.o(.text.USART_SetPrescaler), (16 bytes).
    Removing stm32f4xx_usart.o(.ARM.exidx.text.USART_SetPrescaler), (8 bytes).
    Removing stm32f4xx_usart.o(.text.USART_OverSampling8Cmd), (20 bytes).
    Removing stm32f4xx_usart.o(.ARM.exidx.text.USART_OverSampling8Cmd), (8 bytes).
    Removing stm32f4xx_usart.o(.text.USART_OneBitMethodCmd), (18 bytes).
    Removing stm32f4xx_usart.o(.ARM.exidx.text.USART_OneBitMethodCmd), (8 bytes).
    Removing stm32f4xx_usart.o(.text.USART_SendData), (8 bytes).
    Removing stm32f4xx_usart.o(.ARM.exidx.text.USART_SendData), (8 bytes).
    Removing stm32f4xx_usart.o(.text.USART_ReceiveData), (8 bytes).
    Removing stm32f4xx_usart.o(.ARM.exidx.text.USART_ReceiveData), (8 bytes).
    Removing stm32f4xx_usart.o(.text.USART_SetAddress), (16 bytes).
    Removing stm32f4xx_usart.o(.ARM.exidx.text.USART_SetAddress), (8 bytes).
    Removing stm32f4xx_usart.o(.text.USART_ReceiverWakeUpCmd), (18 bytes).
    Removing stm32f4xx_usart.o(.ARM.exidx.text.USART_ReceiverWakeUpCmd), (8 bytes).
    Removing stm32f4xx_usart.o(.text.USART_WakeUpConfig), (16 bytes).
    Removing stm32f4xx_usart.o(.ARM.exidx.text.USART_WakeUpConfig), (8 bytes).
    Removing stm32f4xx_usart.o(.text.USART_LINBreakDetectLengthConfig), (16 bytes).
    Removing stm32f4xx_usart.o(.ARM.exidx.text.USART_LINBreakDetectLengthConfig), (8 bytes).
    Removing stm32f4xx_usart.o(.text.USART_LINCmd), (18 bytes).
    Removing stm32f4xx_usart.o(.ARM.exidx.text.USART_LINCmd), (8 bytes).
    Removing stm32f4xx_usart.o(.text.USART_SendBreak), (10 bytes).
    Removing stm32f4xx_usart.o(.ARM.exidx.text.USART_SendBreak), (8 bytes).
    Removing stm32f4xx_usart.o(.text.USART_HalfDuplexCmd), (18 bytes).
    Removing stm32f4xx_usart.o(.ARM.exidx.text.USART_HalfDuplexCmd), (8 bytes).
    Removing stm32f4xx_usart.o(.text.USART_SetGuardTime), (16 bytes).
    Removing stm32f4xx_usart.o(.ARM.exidx.text.USART_SetGuardTime), (8 bytes).
    Removing stm32f4xx_usart.o(.text.USART_SmartCardCmd), (18 bytes).
    Removing stm32f4xx_usart.o(.ARM.exidx.text.USART_SmartCardCmd), (8 bytes).
    Removing stm32f4xx_usart.o(.text.USART_SmartCardNACKCmd), (18 bytes).
    Removing stm32f4xx_usart.o(.ARM.exidx.text.USART_SmartCardNACKCmd), (8 bytes).
    Removing stm32f4xx_usart.o(.text.USART_IrDAConfig), (16 bytes).
    Removing stm32f4xx_usart.o(.ARM.exidx.text.USART_IrDAConfig), (8 bytes).
    Removing stm32f4xx_usart.o(.text.USART_IrDACmd), (18 bytes).
    Removing stm32f4xx_usart.o(.ARM.exidx.text.USART_IrDACmd), (8 bytes).
    Removing stm32f4xx_usart.o(.text.USART_DMACmd), (16 bytes).
    Removing stm32f4xx_usart.o(.ARM.exidx.text.USART_DMACmd), (8 bytes).
    Removing stm32f4xx_usart.o(.text.USART_ITConfig), (46 bytes).
    Removing stm32f4xx_usart.o(.ARM.exidx.text.USART_ITConfig), (8 bytes).
    Removing stm32f4xx_usart.o(.text.USART_GetFlagStatus), (10 bytes).
    Removing stm32f4xx_usart.o(.ARM.exidx.text.USART_GetFlagStatus), (8 bytes).
    Removing stm32f4xx_usart.o(.text.USART_ClearFlag), (6 bytes).
    Removing stm32f4xx_usart.o(.ARM.exidx.text.USART_ClearFlag), (8 bytes).
    Removing stm32f4xx_usart.o(.text.USART_GetITStatus), (58 bytes).
    Removing stm32f4xx_usart.o(.ARM.exidx.text.USART_GetITStatus), (8 bytes).
    Removing stm32f4xx_usart.o(.text.USART_ClearITPendingBit), (14 bytes).
    Removing stm32f4xx_usart.o(.ARM.exidx.text.USART_ClearITPendingBit), (8 bytes).
    Removing stm32f4xx_gpio.o(.text), (0 bytes).
    Removing stm32f4xx_gpio.o(.text.GPIO_DeInit), (92 bytes).
    Removing stm32f4xx_gpio.o(.ARM.exidx.text.GPIO_DeInit), (8 bytes).
    Removing stm32f4xx_gpio.o(.ARM.exidx.text.GPIO_Init), (8 bytes).
    Removing stm32f4xx_gpio.o(.text.GPIO_StructInit), (12 bytes).
    Removing stm32f4xx_gpio.o(.ARM.exidx.text.GPIO_StructInit), (8 bytes).
    Removing stm32f4xx_gpio.o(.text.GPIO_PinLockConfig), (36 bytes).
    Removing stm32f4xx_gpio.o(.ARM.exidx.text.GPIO_PinLockConfig), (8 bytes).
    Removing stm32f4xx_gpio.o(.text.GPIO_ReadInputDataBit), (10 bytes).
    Removing stm32f4xx_gpio.o(.ARM.exidx.text.GPIO_ReadInputDataBit), (8 bytes).
    Removing stm32f4xx_gpio.o(.text.GPIO_ReadInputData), (6 bytes).
    Removing stm32f4xx_gpio.o(.ARM.exidx.text.GPIO_ReadInputData), (8 bytes).
    Removing stm32f4xx_gpio.o(.text.GPIO_ReadOutputDataBit), (10 bytes).
    Removing stm32f4xx_gpio.o(.ARM.exidx.text.GPIO_ReadOutputDataBit), (8 bytes).
    Removing stm32f4xx_gpio.o(.text.GPIO_ReadOutputData), (6 bytes).
    Removing stm32f4xx_gpio.o(.ARM.exidx.text.GPIO_ReadOutputData), (8 bytes).
    Removing stm32f4xx_gpio.o(.text.GPIO_SetBits), (4 bytes).
    Removing stm32f4xx_gpio.o(.ARM.exidx.text.GPIO_SetBits), (8 bytes).
    Removing stm32f4xx_gpio.o(.text.GPIO_ResetBits), (4 bytes).
    Removing stm32f4xx_gpio.o(.ARM.exidx.text.GPIO_ResetBits), (8 bytes).
    Removing stm32f4xx_gpio.o(.text.GPIO_WriteBit), (10 bytes).
    Removing stm32f4xx_gpio.o(.ARM.exidx.text.GPIO_WriteBit), (8 bytes).
    Removing stm32f4xx_gpio.o(.text.GPIO_Write), (4 bytes).
    Removing stm32f4xx_gpio.o(.ARM.exidx.text.GPIO_Write), (8 bytes).
    Removing stm32f4xx_gpio.o(.ARM.exidx.text.GPIO_ToggleBits), (8 bytes).
    Removing stm32f4xx_gpio.o(.text.GPIO_PinAFConfig), (40 bytes).
    Removing stm32f4xx_gpio.o(.ARM.exidx.text.GPIO_PinAFConfig), (8 bytes).

228 unused section(s) (total 3718 bytes) removed from the image.

==============================================================================

Image Symbol Table

    Local Symbols

    Symbol Name                              Value     Ov Type        Size  Object(Section)

    ../clib/angel/boardlib.s                 0x00000000   Number         0  boardinit1.o ABSOLUTE
    ../clib/angel/boardlib.s                 0x00000000   Number         0  boardinit2.o ABSOLUTE
    ../clib/angel/boardlib.s                 0x00000000   Number         0  boardinit3.o ABSOLUTE
    ../clib/angel/boardlib.s                 0x00000000   Number         0  boardshut.o ABSOLUTE
    ../clib/angel/handlers.s                 0x00000000   Number         0  __scatter_copy.o ABSOLUTE
    ../clib/angel/handlers.s                 0x00000000   Number         0  __scatter_zi.o ABSOLUTE
    ../clib/angel/kernel.s                   0x00000000   Number         0  __rtentry.o ABSOLUTE
    ../clib/angel/kernel.s                   0x00000000   Number         0  __rtentry2.o ABSOLUTE
    ../clib/angel/kernel.s                   0x00000000   Number         0  __rtentry4.o ABSOLUTE
    ../clib/angel/kernel.s                   0x00000000   Number         0  rtexit.o ABSOLUTE
    ../clib/angel/kernel.s                   0x00000000   Number         0  rtexit2.o ABSOLUTE
    ../clib/angel/rt.s                       0x00000000   Number         0  rt_raise.o ABSOLUTE
    ../clib/angel/scatter.s                  0x00000000   Number         0  __scatter.o ABSOLUTE
    ../clib/angel/startup.s                  0x00000000   Number         0  __main.o ABSOLUTE
    ../clib/angel/sys.s                      0x00000000   Number         0  sys_stackheap_outer.o ABSOLUTE
    ../clib/angel/sys.s                      0x00000000   Number         0  libspace.o ABSOLUTE
    ../clib/angel/sys.s                      0x00000000   Number         0  use_no_semi.o ABSOLUTE
    ../clib/angel/sys.s                      0x00000000   Number         0  indicate_semi.o ABSOLUTE
    ../clib/angel/sysapp.c                   0x00000000   Number         0  sys_exit.o ABSOLUTE
    ../clib/angel/sysapp.c                   0x00000000   Number         0  sys_exit_hlt.o ABSOLUTE
    ../clib/angel/sysapp.c                   0x00000000   Number         0  sys_command.o ABSOLUTE
    ../clib/angel/sysapp.c                   0x00000000   Number         0  sys_command_hlt.o ABSOLUTE
    ../clib/angel/sysapp.c                   0x00000000   Number         0  sys_wrch.o ABSOLUTE
    ../clib/angel/sysapp.c                   0x00000000   Number         0  sys_wrch_hlt.o ABSOLUTE
    ../clib/armsys.c                         0x00000000   Number         0  argv_veneer.o ABSOLUTE
    ../clib/armsys.c                         0x00000000   Number         0  argv_veneer.o ABSOLUTE
    ../clib/armsys.c                         0x00000000   Number         0  _get_argv_nomalloc.o ABSOLUTE
    ../clib/armsys.c                         0x00000000   Number         0  no_argv.o ABSOLUTE
    ../clib/heapalloc.c                      0x00000000   Number         0  hrguard.o ABSOLUTE
    ../clib/heapaux.c                        0x00000000   Number         0  heapauxi.o ABSOLUTE
    ../clib/libinit.s                        0x00000000   Number         0  libinit.o ABSOLUTE
    ../clib/libinit.s                        0x00000000   Number         0  libinit2.o ABSOLUTE
    ../clib/libinit.s                        0x00000000   Number         0  libshutdown.o ABSOLUTE
    ../clib/libinit.s                        0x00000000   Number         0  libshutdown2.o ABSOLUTE
    ../clib/signal.c                         0x00000000   Number         0  defsig_rtmem_outer.o ABSOLUTE
    ../clib/signal.c                         0x00000000   Number         0  defsig_rtmem_formal.o ABSOLUTE
    ../clib/signal.c                         0x00000000   Number         0  defsig_exit.o ABSOLUTE
    ../clib/signal.c                         0x00000000   Number         0  defsig_rtmem_inner.o ABSOLUTE
    ../clib/signal.c                         0x00000000   Number         0  __raise.o ABSOLUTE
    ../clib/signal.c                         0x00000000   Number         0  defsig_general.o ABSOLUTE
    ../clib/signal.c                         0x00000000   Number         0  defsig_abrt_inner.o ABSOLUTE
    ../clib/signal.c                         0x00000000   Number         0  defsig_fpe_inner.o ABSOLUTE
    ../clib/signal.c                         0x00000000   Number         0  defsig_rtred_inner.o ABSOLUTE
    ../clib/signal.c                         0x00000000   Number         0  defsig_stak_inner.o ABSOLUTE
    ../clib/signal.c                         0x00000000   Number         0  defsig_pvfn_inner.o ABSOLUTE
    ../clib/signal.c                         0x00000000   Number         0  defsig_cppl_inner.o ABSOLUTE
    ../clib/signal.c                         0x00000000   Number         0  defsig_segv_inner.o ABSOLUTE
    ../clib/signal.c                         0x00000000   Number         0  defsig_other.o ABSOLUTE
    ../clib/signal.s                         0x00000000   Number         0  defsig.o ABSOLUTE
    ../clib/stdlib.c                         0x00000000   Number         0  exit.o ABSOLUTE
    ../fplib/fpinit.s                        0x00000000   Number         0  fpinit.o ABSOLUTE
    dc.s                                     0x00000000   Number         0  dc.o ABSOLUTE
    main.c                                   0x00000000   Number         0  main.o ABSOLUTE
    startup_stm32f40_41xxx.s                 0x00000000   Number         0  startup_stm32f40_41xxx.o ABSOLUTE
    stm32f4xx_gpio.c                         0x00000000   Number         0  stm32f4xx_gpio.o ABSOLUTE
    stm32f4xx_rcc.c                          0x00000000   Number         0  stm32f4xx_rcc.o ABSOLUTE
    stm32f4xx_syscfg.c                       0x00000000   Number         0  stm32f4xx_syscfg.o ABSOLUTE
    stm32f4xx_usart.c                        0x00000000   Number         0  stm32f4xx_usart.o ABSOLUTE
    system_stm32f4xx.c                       0x00000000   Number         0  system_stm32f4xx.o ABSOLUTE
    system_timetick.c                        0x00000000   Number         0  system_timetick.o ABSOLUTE
    RESET                                    0x08000000   Section      392  startup_stm32f40_41xxx.o(RESET)
    !!!main                                  0x08000188   Section        8  __main.o(!!!main)
    !!!scatter                               0x08000190   Section       52  __scatter.o(!!!scatter)
    !!handler_copy                           0x080001c4   Section       26  __scatter_copy.o(!!handler_copy)
    !!handler_zi                             0x080001e0   Section       28  __scatter_zi.o(!!handler_zi)
    .ARM.Collect$$libinit$$00000000          0x080001fc   Section        2  libinit.o(.ARM.Collect$$libinit$$00000000)
    .ARM.Collect$$libinit$$00000001          0x080001fe   Section        4  libinit2.o(.ARM.Collect$$libinit$$00000001)
    .ARM.Collect$$libinit$$00000004          0x08000202   Section        0  libinit2.o(.ARM.Collect$$libinit$$00000004)
    .ARM.Collect$$libinit$$0000000A          0x08000202   Section        0  libinit2.o(.ARM.Collect$$libinit$$0000000A)
    .ARM.Collect$$libinit$$0000000C          0x08000202   Section        0  libinit2.o(.ARM.Collect$$libinit$$0000000C)
    .ARM.Collect$$libinit$$0000000E          0x08000202   Section        0  libinit2.o(.ARM.Collect$$libinit$$0000000E)
    .ARM.Collect$$libinit$$00000011          0x08000202   Section        0  libinit2.o(.ARM.Collect$$libinit$$00000011)
    .ARM.Collect$$libinit$$00000013          0x08000202   Section        0  libinit2.o(.ARM.Collect$$libinit$$00000013)
    .ARM.Collect$$libinit$$00000015          0x08000202   Section        0  libinit2.o(.ARM.Collect$$libinit$$00000015)
    .ARM.Collect$$libinit$$00000017          0x08000202   Section        0  libinit2.o(.ARM.Collect$$libinit$$00000017)
    .ARM.Collect$$libinit$$00000019          0x08000202   Section        0  libinit2.o(.ARM.Collect$$libinit$$00000019)
    .ARM.Collect$$libinit$$0000001B          0x08000202   Section        0  libinit2.o(.ARM.Collect$$libinit$$0000001B)
    .ARM.Collect$$libinit$$0000001D          0x08000202   Section        0  libinit2.o(.ARM.Collect$$libinit$$0000001D)
    .ARM.Collect$$libinit$$0000001F          0x08000202   Section        0  libinit2.o(.ARM.Collect$$libinit$$0000001F)
    .ARM.Collect$$libinit$$00000021          0x08000202   Section        0  libinit2.o(.ARM.Collect$$libinit$$00000021)
    .ARM.Collect$$libinit$$00000023          0x08000202   Section        0  libinit2.o(.ARM.Collect$$libinit$$00000023)
    .ARM.Collect$$libinit$$00000025          0x08000202   Section        0  libinit2.o(.ARM.Collect$$libinit$$00000025)
    .ARM.Collect$$libinit$$0000002C          0x08000202   Section        0  libinit2.o(.ARM.Collect$$libinit$$0000002C)
    .ARM.Collect$$libinit$$0000002E          0x08000202   Section        0  libinit2.o(.ARM.Collect$$libinit$$0000002E)
    .ARM.Collect$$libinit$$00000030          0x08000202   Section        0  libinit2.o(.ARM.Collect$$libinit$$00000030)
    .ARM.Collect$$libinit$$00000032          0x08000202   Section        0  libinit2.o(.ARM.Collect$$libinit$$00000032)
    .ARM.Collect$$libinit$$00000033          0x08000202   Section        2  libinit2.o(.ARM.Collect$$libinit$$00000033)
    .ARM.Collect$$libshutdown$$00000000      0x08000204   Section        2  libshutdown.o(.ARM.Collect$$libshutdown$$00000000)
    .ARM.Collect$$libshutdown$$00000002      0x08000206   Section        0  libshutdown2.o(.ARM.Collect$$libshutdown$$00000002)
    .ARM.Collect$$libshutdown$$00000004      0x08000206   Section        0  libshutdown2.o(.ARM.Collect$$libshutdown$$00000004)
    .ARM.Collect$$libshutdown$$00000007      0x08000206   Section        0  libshutdown2.o(.ARM.Collect$$libshutdown$$00000007)
    .ARM.Collect$$libshutdown$$0000000A      0x08000206   Section        0  libshutdown2.o(.ARM.Collect$$libshutdown$$0000000A)
    .ARM.Collect$$libshutdown$$0000000C      0x08000206   Section        0  libshutdown2.o(.ARM.Collect$$libshutdown$$0000000C)
    .ARM.Collect$$libshutdown$$0000000F      0x08000206   Section        0  libshutdown2.o(.ARM.Collect$$libshutdown$$0000000F)
    .ARM.Collect$$libshutdown$$00000010      0x08000206   Section        2  libshutdown2.o(.ARM.Collect$$libshutdown$$00000010)
    .ARM.Collect$$rtentry$$00000000          0x08000208   Section        0  __rtentry.o(.ARM.Collect$$rtentry$$00000000)
    .ARM.Collect$$rtentry$$00000002          0x08000208   Section        0  __rtentry2.o(.ARM.Collect$$rtentry$$00000002)
    .ARM.Collect$$rtentry$$00000004          0x08000208   Section        6  __rtentry4.o(.ARM.Collect$$rtentry$$00000004)
    .ARM.Collect$$rtentry$$00000009          0x0800020e   Section        0  __rtentry2.o(.ARM.Collect$$rtentry$$00000009)
    .ARM.Collect$$rtentry$$0000000A          0x0800020e   Section        4  __rtentry2.o(.ARM.Collect$$rtentry$$0000000A)
    .ARM.Collect$$rtentry$$0000000C          0x08000212   Section        0  __rtentry2.o(.ARM.Collect$$rtentry$$0000000C)
    .ARM.Collect$$rtentry$$0000000D          0x08000212   Section        8  __rtentry2.o(.ARM.Collect$$rtentry$$0000000D)
    .ARM.Collect$$rtexit$$00000000           0x0800021a   Section        2  rtexit.o(.ARM.Collect$$rtexit$$00000000)
    .ARM.Collect$$rtexit$$00000002           0x0800021c   Section        0  rtexit2.o(.ARM.Collect$$rtexit$$00000002)
    .ARM.Collect$$rtexit$$00000003           0x0800021c   Section        4  rtexit2.o(.ARM.Collect$$rtexit$$00000003)
    .ARM.Collect$$rtexit$$00000004           0x08000220   Section        6  rtexit2.o(.ARM.Collect$$rtexit$$00000004)
    $v0                                      0x08000228   Number         0  startup_stm32f40_41xxx.o(.text)
    .text                                    0x08000228   Section       64  startup_stm32f40_41xxx.o(.text)
    .text                                    0x08000268   Section        0  heapauxi.o(.text)
    .text                                    0x0800026e   Section       74  sys_stackheap_outer.o(.text)
    .text                                    0x080002b8   Section        0  exit.o(.text)
    .text                                    0x080002cc   Section        8  libspace.o(.text)
    .text                                    0x080002d4   Section        0  sys_exit.o(.text)
    .text                                    0x080002e0   Section        2  use_no_semi.o(.text)
    .text                                    0x080002e2   Section        0  indicate_semi.o(.text)
    [Anonymous Symbol]                       0x080002e4   Section        0  system_timetick.o(.text.BusFault_Handler)
    [Anonymous Symbol]                       0x080002e8   Section        0  system_timetick.o(.text.DebugMon_Handler)
    [Anonymous Symbol]                       0x080002ec   Section        0  stm32f4xx_gpio.o(.text.GPIO_Init)
    [Anonymous Symbol]                       0x08000374   Section        0  stm32f4xx_gpio.o(.text.GPIO_ToggleBits)
    [Anonymous Symbol]                       0x0800037c   Section        0  system_timetick.o(.text.HardFault_Handler)
    [Anonymous Symbol]                       0x08000380   Section        0  system_timetick.o(.text.MemManage_Handler)
    [Anonymous Symbol]                       0x08000384   Section        0  system_timetick.o(.text.NMI_Handler)
    [Anonymous Symbol]                       0x08000388   Section        0  system_timetick.o(.text.PendSV_Handler)
    [Anonymous Symbol]                       0x0800038c   Section        0  stm32f4xx_rcc.o(.text.RCC_AHB1PeriphClockCmd)
    [Anonymous Symbol]                       0x080003a4   Section        0  system_timetick.o(.text.SVC_Handler)
    SetSysClock                              0x080003a9   Thumb Code   190  system_stm32f4xx.o(.text.SetSysClock)
    [Anonymous Symbol]                       0x080003a8   Section        0  system_stm32f4xx.o(.text.SetSysClock)
    SysTick_Config                           0x08000469   Thumb Code    36  main.o(.text.SysTick_Config)
    [Anonymous Symbol]                       0x08000468   Section        0  main.o(.text.SysTick_Config)
    [Anonymous Symbol]                       0x0800048c   Section        0  system_timetick.o(.text.SysTick_Handler)
    [Anonymous Symbol]                       0x080004a8   Section        0  system_stm32f4xx.o(.text.SystemInit)
    [Anonymous Symbol]                       0x08000500   Section        0  system_timetick.o(.text.UsageFault_Handler)
    __NVIC_SetPriority                       0x08000505   Thumb Code    14  main.o(.text.__NVIC_SetPriority)
    [Anonymous Symbol]                       0x08000504   Section        0  main.o(.text.__NVIC_SetPriority)
    [Anonymous Symbol]                       0x08000514   Section        0  main.o(.text.init_main)
    [Anonymous Symbol]                       0x08000540   Section        0  main.o(.text.main)
    $v0                                      0x08000588   Number         0  fpinit.o(x$fpl$fpinit)
    x$fpl$fpinit                             0x08000588   Section       26  fpinit.o(x$fpl$fpinit)
    .bss                                     0x20000008   Section       96  libspace.o(.bss)
    Heap_Mem                                 0x20000070   Data         512  startup_stm32f40_41xxx.o(HEAP)
    HEAP                                     0x20000070   Section      512  startup_stm32f40_41xxx.o(HEAP)
    Stack_Mem                                0x20000270   Data        1024  startup_stm32f40_41xxx.o(STACK)
    STACK                                    0x20000270   Section     1024  startup_stm32f40_41xxx.o(STACK)
    __initial_sp                             0x20000670   Data           0  startup_stm32f40_41xxx.o(STACK)

    Global Symbols

    Symbol Name                              Value     Ov Type        Size  Object(Section)

    BuildAttributes$$THM_ISAv4$E$P$D$K$B$S$7EM$VFPi3$EXTD16$VFPS$VFMA$PE$A:L22UL41UL21$X:L11$S22US41US21$IEEE1$IW$~IW$USESV6$~STKCKD$USESV7$~SHL$OTIME$ROPI$EBA8$UX$STANDARDLIB$REQ8$PRES8$EABIv2 0x00000000   Number         0  anon$$obj.o ABSOLUTE
    __ARM_exceptions_init                     - Undefined Weak Reference
    __alloca_initialize                       - Undefined Weak Reference
    __arm_preinit_                            - Undefined Weak Reference
    __cpp_initialize__aeabi_                  - Undefined Weak Reference
    __cxa_finalize                            - Undefined Weak Reference
    __rt_locale                               - Undefined Weak Reference
    __sigvec_lookup                           - Undefined Weak Reference
    _atexit_init                              - Undefined Weak Reference
    _call_atexit_fns                          - Undefined Weak Reference
    _clock_init                               - Undefined Weak Reference
    _fp_trap_init                             - Undefined Weak Reference
    _fp_trap_shutdown                         - Undefined Weak Reference
    _get_lc_collate                           - Undefined Weak Reference
    _get_lc_ctype                             - Undefined Weak Reference
    _get_lc_monetary                          - Undefined Weak Reference
    _get_lc_numeric                           - Undefined Weak Reference
    _get_lc_time                              - Undefined Weak Reference
    _getenv_init                              - Undefined Weak Reference
    _handle_redirection                       - Undefined Weak Reference
    _init_alloc                               - Undefined Weak Reference
    _init_user_alloc                          - Undefined Weak Reference
    _initio                                   - Undefined Weak Reference
    _rand_init                                - Undefined Weak Reference
    _signal_finish                            - Undefined Weak Reference
    _signal_init                              - Undefined Weak Reference
    _terminate_alloc                          - Undefined Weak Reference
    _terminate_user_alloc                     - Undefined Weak Reference
    _terminateio                              - Undefined Weak Reference
    __Vectors_Size                           0x00000188   Number         0  startup_stm32f40_41xxx.o ABSOLUTE
    __Vectors                                0x08000000   Data           4  startup_stm32f40_41xxx.o(RESET)
    __Vectors_End                            0x08000188   Data           0  startup_stm32f40_41xxx.o(RESET)
    __main                                   0x08000189   Thumb Code     8  __main.o(!!!main)
    __scatterload                            0x08000191   Thumb Code     0  __scatter.o(!!!scatter)
    __scatterload_rt2                        0x08000191   Thumb Code    44  __scatter.o(!!!scatter)
    __scatterload_rt2_thumb_only             0x08000191   Thumb Code     0  __scatter.o(!!!scatter)
    __scatterload_null                       0x0800019f   Thumb Code     0  __scatter.o(!!!scatter)
    __scatterload_copy                       0x080001c5   Thumb Code    26  __scatter_copy.o(!!handler_copy)
    __scatterload_zeroinit                   0x080001e1   Thumb Code    28  __scatter_zi.o(!!handler_zi)
    __rt_lib_init                            0x080001fd   Thumb Code     0  libinit.o(.ARM.Collect$$libinit$$00000000)
    __rt_lib_init_fp_1                       0x080001ff   Thumb Code     0  libinit2.o(.ARM.Collect$$libinit$$00000001)
    __rt_lib_init_alloca_1                   0x08000203   Thumb Code     0  libinit2.o(.ARM.Collect$$libinit$$0000002E)
    __rt_lib_init_argv_1                     0x08000203   Thumb Code     0  libinit2.o(.ARM.Collect$$libinit$$0000002C)
    __rt_lib_init_atexit_1                   0x08000203   Thumb Code     0  libinit2.o(.ARM.Collect$$libinit$$0000001B)
    __rt_lib_init_clock_1                    0x08000203   Thumb Code     0  libinit2.o(.ARM.Collect$$libinit$$00000021)
    __rt_lib_init_cpp_1                      0x08000203   Thumb Code     0  libinit2.o(.ARM.Collect$$libinit$$00000032)
    __rt_lib_init_exceptions_1               0x08000203   Thumb Code     0  libinit2.o(.ARM.Collect$$libinit$$00000030)
    __rt_lib_init_fp_trap_1                  0x08000203   Thumb Code     0  libinit2.o(.ARM.Collect$$libinit$$0000001F)
    __rt_lib_init_getenv_1                   0x08000203   Thumb Code     0  libinit2.o(.ARM.Collect$$libinit$$00000023)
    __rt_lib_init_heap_1                     0x08000203   Thumb Code     0  libinit2.o(.ARM.Collect$$libinit$$0000000A)
    __rt_lib_init_lc_collate_1               0x08000203   Thumb Code     0  libinit2.o(.ARM.Collect$$libinit$$00000011)
    __rt_lib_init_lc_ctype_1                 0x08000203   Thumb Code     0  libinit2.o(.ARM.Collect$$libinit$$00000013)
    __rt_lib_init_lc_monetary_1              0x08000203   Thumb Code     0  libinit2.o(.ARM.Collect$$libinit$$00000015)
    __rt_lib_init_lc_numeric_1               0x08000203   Thumb Code     0  libinit2.o(.ARM.Collect$$libinit$$00000017)
    __rt_lib_init_lc_time_1                  0x08000203   Thumb Code     0  libinit2.o(.ARM.Collect$$libinit$$00000019)
    __rt_lib_init_preinit_1                  0x08000203   Thumb Code     0  libinit2.o(.ARM.Collect$$libinit$$00000004)
    __rt_lib_init_rand_1                     0x08000203   Thumb Code     0  libinit2.o(.ARM.Collect$$libinit$$0000000E)
    __rt_lib_init_return                     0x08000203   Thumb Code     0  libinit2.o(.ARM.Collect$$libinit$$00000033)
    __rt_lib_init_signal_1                   0x08000203   Thumb Code     0  libinit2.o(.ARM.Collect$$libinit$$0000001D)
    __rt_lib_init_stdio_1                    0x08000203   Thumb Code     0  libinit2.o(.ARM.Collect$$libinit$$00000025)
    __rt_lib_init_user_alloc_1               0x08000203   Thumb Code     0  libinit2.o(.ARM.Collect$$libinit$$0000000C)
    __rt_lib_shutdown                        0x08000205   Thumb Code     0  libshutdown.o(.ARM.Collect$$libshutdown$$00000000)
    __rt_lib_shutdown_cpp_1                  0x08000207   Thumb Code     0  libshutdown2.o(.ARM.Collect$$libshutdown$$00000002)
    __rt_lib_shutdown_fp_trap_1              0x08000207   Thumb Code     0  libshutdown2.o(.ARM.Collect$$libshutdown$$00000007)
    __rt_lib_shutdown_heap_1                 0x08000207   Thumb Code     0  libshutdown2.o(.ARM.Collect$$libshutdown$$0000000F)
    __rt_lib_shutdown_return                 0x08000207   Thumb Code     0  libshutdown2.o(.ARM.Collect$$libshutdown$$00000010)
    __rt_lib_shutdown_signal_1               0x08000207   Thumb Code     0  libshutdown2.o(.ARM.Collect$$libshutdown$$0000000A)
    __rt_lib_shutdown_stdio_1                0x08000207   Thumb Code     0  libshutdown2.o(.ARM.Collect$$libshutdown$$00000004)
    __rt_lib_shutdown_user_alloc_1           0x08000207   Thumb Code     0  libshutdown2.o(.ARM.Collect$$libshutdown$$0000000C)
    __rt_entry                               0x08000209   Thumb Code     0  __rtentry.o(.ARM.Collect$$rtentry$$00000000)
    __rt_entry_presh_1                       0x08000209   Thumb Code     0  __rtentry2.o(.ARM.Collect$$rtentry$$00000002)
    __rt_entry_sh                            0x08000209   Thumb Code     0  __rtentry4.o(.ARM.Collect$$rtentry$$00000004)
    __rt_entry_li                            0x0800020f   Thumb Code     0  __rtentry2.o(.ARM.Collect$$rtentry$$0000000A)
    __rt_entry_postsh_1                      0x0800020f   Thumb Code     0  __rtentry2.o(.ARM.Collect$$rtentry$$00000009)
    __rt_entry_main                          0x08000213   Thumb Code     0  __rtentry2.o(.ARM.Collect$$rtentry$$0000000D)
    __rt_entry_postli_1                      0x08000213   Thumb Code     0  __rtentry2.o(.ARM.Collect$$rtentry$$0000000C)
    __rt_exit                                0x0800021b   Thumb Code     0  rtexit.o(.ARM.Collect$$rtexit$$00000000)
    __rt_exit_ls                             0x0800021d   Thumb Code     0  rtexit2.o(.ARM.Collect$$rtexit$$00000003)
    __rt_exit_prels_1                        0x0800021d   Thumb Code     0  rtexit2.o(.ARM.Collect$$rtexit$$00000002)
    __rt_exit_exit                           0x08000221   Thumb Code     0  rtexit2.o(.ARM.Collect$$rtexit$$00000004)
    Reset_Handler                            0x08000229   Thumb Code     8  startup_stm32f40_41xxx.o(.text)
    ADC_IRQHandler                           0x08000243   Thumb Code     0  startup_stm32f40_41xxx.o(.text)
    CAN1_RX0_IRQHandler                      0x08000243   Thumb Code     0  startup_stm32f40_41xxx.o(.text)
    CAN1_RX1_IRQHandler                      0x08000243   Thumb Code     0  startup_stm32f40_41xxx.o(.text)
    CAN1_SCE_IRQHandler                      0x08000243   Thumb Code     0  startup_stm32f40_41xxx.o(.text)
    CAN1_TX_IRQHandler                       0x08000243   Thumb Code     0  startup_stm32f40_41xxx.o(.text)
    CAN2_RX0_IRQHandler                      0x08000243   Thumb Code     0  startup_stm32f40_41xxx.o(.text)
    CAN2_RX1_IRQHandler                      0x08000243   Thumb Code     0  startup_stm32f40_41xxx.o(.text)
    CAN2_SCE_IRQHandler                      0x08000243   Thumb Code     0  startup_stm32f40_41xxx.o(.text)
    CAN2_TX_IRQHandler                       0x08000243   Thumb Code     0  startup_stm32f40_41xxx.o(.text)
    CRYP_IRQHandler                          0x08000243   Thumb Code     0  startup_stm32f40_41xxx.o(.text)
    DCMI_IRQHandler                          0x08000243   Thumb Code     0  startup_stm32f40_41xxx.o(.text)
    DMA1_Stream0_IRQHandler                  0x08000243   Thumb Code     0  startup_stm32f40_41xxx.o(.text)
    DMA1_Stream1_IRQHandler                  0x08000243   Thumb Code     0  startup_stm32f40_41xxx.o(.text)
    DMA1_Stream2_IRQHandler                  0x08000243   Thumb Code     0  startup_stm32f40_41xxx.o(.text)
    DMA1_Stream3_IRQHandler                  0x08000243   Thumb Code     0  startup_stm32f40_41xxx.o(.text)
    DMA1_Stream4_IRQHandler                  0x08000243   Thumb Code     0  startup_stm32f40_41xxx.o(.text)
    DMA1_Stream5_IRQHandler                  0x08000243   Thumb Code     0  startup_stm32f40_41xxx.o(.text)
    DMA1_Stream6_IRQHandler                  0x08000243   Thumb Code     0  startup_stm32f40_41xxx.o(.text)
    DMA1_Stream7_IRQHandler                  0x08000243   Thumb Code     0  startup_stm32f40_41xxx.o(.text)
    DMA2_Stream0_IRQHandler                  0x08000243   Thumb Code     0  startup_stm32f40_41xxx.o(.text)
    DMA2_Stream1_IRQHandler                  0x08000243   Thumb Code     0  startup_stm32f40_41xxx.o(.text)
    DMA2_Stream2_IRQHandler                  0x08000243   Thumb Code     0  startup_stm32f40_41xxx.o(.text)
    DMA2_Stream3_IRQHandler                  0x08000243   Thumb Code     0  startup_stm32f40_41xxx.o(.text)
    DMA2_Stream4_IRQHandler                  0x08000243   Thumb Code     0  startup_stm32f40_41xxx.o(.text)
    DMA2_Stream5_IRQHandler                  0x08000243   Thumb Code     0  startup_stm32f40_41xxx.o(.text)
    DMA2_Stream6_IRQHandler                  0x08000243   Thumb Code     0  startup_stm32f40_41xxx.o(.text)
    DMA2_Stream7_IRQHandler                  0x08000243   Thumb Code     0  startup_stm32f40_41xxx.o(.text)
    ETH_IRQHandler                           0x08000243   Thumb Code     0  startup_stm32f40_41xxx.o(.text)
    ETH_WKUP_IRQHandler                      0x08000243   Thumb Code     0  startup_stm32f40_41xxx.o(.text)
    EXTI0_IRQHandler                         0x08000243   Thumb Code     0  startup_stm32f40_41xxx.o(.text)
    EXTI15_10_IRQHandler                     0x08000243   Thumb Code     0  startup_stm32f40_41xxx.o(.text)
    EXTI1_IRQHandler                         0x08000243   Thumb Code     0  startup_stm32f40_41xxx.o(.text)
    EXTI2_IRQHandler                         0x08000243   Thumb Code     0  startup_stm32f40_41xxx.o(.text)
    EXTI3_IRQHandler                         0x08000243   Thumb Code     0  startup_stm32f40_41xxx.o(.text)
    EXTI4_IRQHandler                         0x08000243   Thumb Code     0  startup_stm32f40_41xxx.o(.text)
    EXTI9_5_IRQHandler                       0x08000243   Thumb Code     0  startup_stm32f40_41xxx.o(.text)
    FLASH_IRQHandler                         0x08000243   Thumb Code     0  startup_stm32f40_41xxx.o(.text)
    FPU_IRQHandler                           0x08000243   Thumb Code     0  startup_stm32f40_41xxx.o(.text)
    FSMC_IRQHandler                          0x08000243   Thumb Code     0  startup_stm32f40_41xxx.o(.text)
    HASH_RNG_IRQHandler                      0x08000243   Thumb Code     0  startup_stm32f40_41xxx.o(.text)
    I2C1_ER_IRQHandler                       0x08000243   Thumb Code     0  startup_stm32f40_41xxx.o(.text)
    I2C1_EV_IRQHandler                       0x08000243   Thumb Code     0  startup_stm32f40_41xxx.o(.text)
    I2C2_ER_IRQHandler                       0x08000243   Thumb Code     0  startup_stm32f40_41xxx.o(.text)
    I2C2_EV_IRQHandler                       0x08000243   Thumb Code     0  startup_stm32f40_41xxx.o(.text)
    I2C3_ER_IRQHandler                       0x08000243   Thumb Code     0  startup_stm32f40_41xxx.o(.text)
    I2C3_EV_IRQHandler                       0x08000243   Thumb Code     0  startup_stm32f40_41xxx.o(.text)
    OTG_FS_IRQHandler                        0x08000243   Thumb Code     0  startup_stm32f40_41xxx.o(.text)
    OTG_FS_WKUP_IRQHandler                   0x08000243   Thumb Code     0  startup_stm32f40_41xxx.o(.text)
    OTG_HS_EP1_IN_IRQHandler                 0x08000243   Thumb Code     0  startup_stm32f40_41xxx.o(.text)
    OTG_HS_EP1_OUT_IRQHandler                0x08000243   Thumb Code     0  startup_stm32f40_41xxx.o(.text)
    OTG_HS_IRQHandler                        0x08000243   Thumb Code     0  startup_stm32f40_41xxx.o(.text)
    OTG_HS_WKUP_IRQHandler                   0x08000243   Thumb Code     0  startup_stm32f40_41xxx.o(.text)
    PVD_IRQHandler                           0x08000243   Thumb Code     0  startup_stm32f40_41xxx.o(.text)
    RCC_IRQHandler                           0x08000243   Thumb Code     0  startup_stm32f40_41xxx.o(.text)
    RTC_Alarm_IRQHandler                     0x08000243   Thumb Code     0  startup_stm32f40_41xxx.o(.text)
    RTC_WKUP_IRQHandler                      0x08000243   Thumb Code     0  startup_stm32f40_41xxx.o(.text)
    SDIO_IRQHandler                          0x08000243   Thumb Code     0  startup_stm32f40_41xxx.o(.text)
    SPI1_IRQHandler                          0x08000243   Thumb Code     0  startup_stm32f40_41xxx.o(.text)
    SPI2_IRQHandler                          0x08000243   Thumb Code     0  startup_stm32f40_41xxx.o(.text)
    SPI3_IRQHandler                          0x08000243   Thumb Code     0  startup_stm32f40_41xxx.o(.text)
    TAMP_STAMP_IRQHandler                    0x08000243   Thumb Code     0  startup_stm32f40_41xxx.o(.text)
    TIM1_BRK_TIM9_IRQHandler                 0x08000243   Thumb Code     0  startup_stm32f40_41xxx.o(.text)
    TIM1_CC_IRQHandler                       0x08000243   Thumb Code     0  startup_stm32f40_41xxx.o(.text)
    TIM1_TRG_COM_TIM11_IRQHandler            0x08000243   Thumb Code     0  startup_stm32f40_41xxx.o(.text)
    TIM1_UP_TIM10_IRQHandler                 0x08000243   Thumb Code     0  startup_stm32f40_41xxx.o(.text)
    TIM2_IRQHandler                          0x08000243   Thumb Code     0  startup_stm32f40_41xxx.o(.text)
    TIM3_IRQHandler                          0x08000243   Thumb Code     0  startup_stm32f40_41xxx.o(.text)
    TIM4_IRQHandler                          0x08000243   Thumb Code     0  startup_stm32f40_41xxx.o(.text)
    TIM5_IRQHandler                          0x08000243   Thumb Code     0  startup_stm32f40_41xxx.o(.text)
    TIM6_DAC_IRQHandler                      0x08000243   Thumb Code     0  startup_stm32f40_41xxx.o(.text)
    TIM7_IRQHandler                          0x08000243   Thumb Code     0  startup_stm32f40_41xxx.o(.text)
    TIM8_BRK_TIM12_IRQHandler                0x08000243   Thumb Code     0  startup_stm32f40_41xxx.o(.text)
    TIM8_CC_IRQHandler                       0x08000243   Thumb Code     0  startup_stm32f40_41xxx.o(.text)
    TIM8_TRG_COM_TIM14_IRQHandler            0x08000243   Thumb Code     0  startup_stm32f40_41xxx.o(.text)
    TIM8_UP_TIM13_IRQHandler                 0x08000243   Thumb Code     0  startup_stm32f40_41xxx.o(.text)
    UART4_IRQHandler                         0x08000243   Thumb Code     0  startup_stm32f40_41xxx.o(.text)
    UART5_IRQHandler                         0x08000243   Thumb Code     0  startup_stm32f40_41xxx.o(.text)
    USART1_IRQHandler                        0x08000243   Thumb Code     0  startup_stm32f40_41xxx.o(.text)
    USART2_IRQHandler                        0x08000243   Thumb Code     0  startup_stm32f40_41xxx.o(.text)
    USART3_IRQHandler                        0x08000243   Thumb Code     0  startup_stm32f40_41xxx.o(.text)
    USART6_IRQHandler                        0x08000243   Thumb Code     0  startup_stm32f40_41xxx.o(.text)
    WWDG_IRQHandler                          0x08000243   Thumb Code     0  startup_stm32f40_41xxx.o(.text)
    __user_initial_stackheap                 0x08000245   Thumb Code     0  startup_stm32f40_41xxx.o(.text)
    __use_two_region_memory                  0x08000269   Thumb Code     2  heapauxi.o(.text)
    __rt_heap_escrow$2region                 0x0800026b   Thumb Code     2  heapauxi.o(.text)
    __rt_heap_expand$2region                 0x0800026d   Thumb Code     2  heapauxi.o(.text)
    __user_setup_stackheap                   0x0800026f   Thumb Code    74  sys_stackheap_outer.o(.text)
    exit                                     0x080002b9   Thumb Code    18  exit.o(.text)
    __user_libspace                          0x080002cd   Thumb Code     8  libspace.o(.text)
    __user_perproc_libspace                  0x080002cd   Thumb Code     0  libspace.o(.text)
    __user_perthread_libspace                0x080002cd   Thumb Code     0  libspace.o(.text)
    _sys_exit                                0x080002d5   Thumb Code     8  sys_exit.o(.text)
    __I$use$semihosting                      0x080002e1   Thumb Code     0  use_no_semi.o(.text)
    __use_no_semihosting_swi                 0x080002e1   Thumb Code     2  use_no_semi.o(.text)
    __semihosting_library_function           0x080002e3   Thumb Code     0  indicate_semi.o(.text)
    BusFault_Handler                         0x080002e5   Thumb Code     2  system_timetick.o(.text.BusFault_Handler)
    DebugMon_Handler                         0x080002e9   Thumb Code     2  system_timetick.o(.text.DebugMon_Handler)
    GPIO_Init                                0x080002ed   Thumb Code   134  stm32f4xx_gpio.o(.text.GPIO_Init)
    GPIO_ToggleBits                          0x08000375   Thumb Code     8  stm32f4xx_gpio.o(.text.GPIO_ToggleBits)
    HardFault_Handler                        0x0800037d   Thumb Code     2  system_timetick.o(.text.HardFault_Handler)
    MemManage_Handler                        0x08000381   Thumb Code     2  system_timetick.o(.text.MemManage_Handler)
    NMI_Handler                              0x08000385   Thumb Code     2  system_timetick.o(.text.NMI_Handler)
    PendSV_Handler                           0x08000389   Thumb Code     2  system_timetick.o(.text.PendSV_Handler)
    RCC_AHB1PeriphClockCmd                   0x0800038d   Thumb Code    24  stm32f4xx_rcc.o(.text.RCC_AHB1PeriphClockCmd)
    SVC_Handler                              0x080003a5   Thumb Code     2  system_timetick.o(.text.SVC_Handler)
    SysTick_Handler                          0x0800048d   Thumb Code    28  system_timetick.o(.text.SysTick_Handler)
    SystemInit                               0x080004a9   Thumb Code    86  system_stm32f4xx.o(.text.SystemInit)
    UsageFault_Handler                       0x08000501   Thumb Code     2  system_timetick.o(.text.UsageFault_Handler)
    init_main                                0x08000515   Thumb Code    42  main.o(.text.init_main)
    main                                     0x08000541   Thumb Code    72  main.o(.text.main)
    _fp_init                                 0x08000589   Thumb Code    26  fpinit.o(x$fpl$fpinit)
    __fplib_config_fpu_vfp                   0x080005a1   Thumb Code     0  fpinit.o(x$fpl$fpinit)
    __fplib_config_pureend_doubles           0x080005a1   Thumb Code     0  fpinit.o(x$fpl$fpinit)
    Region$$Table$$Base                      0x080005a4   Number         0  anon$$obj.o(Region$$Table)
    Region$$Table$$Limit                     0x080005c4   Number         0  anon$$obj.o(Region$$Table)
    SystemCoreClock                          0x20000000   Data           4  system_stm32f4xx.o(.data.SystemCoreClock)
    __libspace_start                         0x20000008   Data          96  libspace.o(.bss)
    __temporary_stack_top$libspace           0x20000068   Data           0  libspace.o(.bss)
    tick_count                               0x20000068   Data           4  system_timetick.o(.bss.tick_count)
    tick_flag                                0x2000006c   Data           4  system_timetick.o(.bss.tick_flag)



==============================================================================

Memory Map of the image

  Image Entry point : 0x08000229

  Load Region LR_1 (Base: 0x08000000, Size: 0x000005c8, Max: 0xffffffff, ABSOLUTE)

    Execution Region ER_RO (Exec base: 0x08000000, Load base: 0x08000000, Size: 0x000005c4, Max: 0xffffffff, ABSOLUTE)

    Exec Addr    Load Addr    Size         Type   Attr      Idx    E Section Name        Object

    0x08000000   0x08000000   0x00000188   Data   RO           63    RESET               startup_stm32f40_41xxx.o
    0x08000188   0x08000188   0x00000008   Code   RO          311  * !!!main             c_w.l(__main.o)
    0x08000190   0x08000190   0x00000034   Code   RO          474    !!!scatter          c_w.l(__scatter.o)
    0x080001c4   0x080001c4   0x0000001a   Code   RO          476    !!handler_copy      c_w.l(__scatter_copy.o)
    0x080001de   0x080001de   0x00000002   PAD
    0x080001e0   0x080001e0   0x0000001c   Code   RO          478    !!handler_zi        c_w.l(__scatter_zi.o)
    0x080001fc   0x080001fc   0x00000002   Code   RO          338    .ARM.Collect$$libinit$$00000000  c_w.l(libinit.o)
    0x080001fe   0x080001fe   0x00000004   Code   RO          344    .ARM.Collect$$libinit$$00000001  c_w.l(libinit2.o)
    0x08000202   0x08000202   0x00000000   Code   RO          347    .ARM.Collect$$libinit$$00000004  c_w.l(libinit2.o)
    0x08000202   0x08000202   0x00000000   Code   RO          350    .ARM.Collect$$libinit$$0000000A  c_w.l(libinit2.o)
    0x08000202   0x08000202   0x00000000   Code   RO          352    .ARM.Collect$$libinit$$0000000C  c_w.l(libinit2.o)
    0x08000202   0x08000202   0x00000000   Code   RO          354    .ARM.Collect$$libinit$$0000000E  c_w.l(libinit2.o)
    0x08000202   0x08000202   0x00000000   Code   RO          357    .ARM.Collect$$libinit$$00000011  c_w.l(libinit2.o)
    0x08000202   0x08000202   0x00000000   Code   RO          359    .ARM.Collect$$libinit$$00000013  c_w.l(libinit2.o)
    0x08000202   0x08000202   0x00000000   Code   RO          361    .ARM.Collect$$libinit$$00000015  c_w.l(libinit2.o)
    0x08000202   0x08000202   0x00000000   Code   RO          363    .ARM.Collect$$libinit$$00000017  c_w.l(libinit2.o)
    0x08000202   0x08000202   0x00000000   Code   RO          365    .ARM.Collect$$libinit$$00000019  c_w.l(libinit2.o)
    0x08000202   0x08000202   0x00000000   Code   RO          367    .ARM.Collect$$libinit$$0000001B  c_w.l(libinit2.o)
    0x08000202   0x08000202   0x00000000   Code   RO          369    .ARM.Collect$$libinit$$0000001D  c_w.l(libinit2.o)
    0x08000202   0x08000202   0x00000000   Code   RO          371    .ARM.Collect$$libinit$$0000001F  c_w.l(libinit2.o)
    0x08000202   0x08000202   0x00000000   Code   RO          373    .ARM.Collect$$libinit$$00000021  c_w.l(libinit2.o)
    0x08000202   0x08000202   0x00000000   Code   RO          375    .ARM.Collect$$libinit$$00000023  c_w.l(libinit2.o)
    0x08000202   0x08000202   0x00000000   Code   RO          377    .ARM.Collect$$libinit$$00000025  c_w.l(libinit2.o)
    0x08000202   0x08000202   0x00000000   Code   RO          381    .ARM.Collect$$libinit$$0000002C  c_w.l(libinit2.o)
    0x08000202   0x08000202   0x00000000   Code   RO          383    .ARM.Collect$$libinit$$0000002E  c_w.l(libinit2.o)
    0x08000202   0x08000202   0x00000000   Code   RO          385    .ARM.Collect$$libinit$$00000030  c_w.l(libinit2.o)
    0x08000202   0x08000202   0x00000000   Code   RO          387    .ARM.Collect$$libinit$$00000032  c_w.l(libinit2.o)
    0x08000202   0x08000202   0x00000002   Code   RO          388    .ARM.Collect$$libinit$$00000033  c_w.l(libinit2.o)
    0x08000204   0x08000204   0x00000002   Code   RO          410    .ARM.Collect$$libshutdown$$00000000  c_w.l(libshutdown.o)
    0x08000206   0x08000206   0x00000000   Code   RO          425    .ARM.Collect$$libshutdown$$00000002  c_w.l(libshutdown2.o)
    0x08000206   0x08000206   0x00000000   Code   RO          427    .ARM.Collect$$libshutdown$$00000004  c_w.l(libshutdown2.o)
    0x08000206   0x08000206   0x00000000   Code   RO          430    .ARM.Collect$$libshutdown$$00000007  c_w.l(libshutdown2.o)
    0x08000206   0x08000206   0x00000000   Code   RO          433    .ARM.Collect$$libshutdown$$0000000A  c_w.l(libshutdown2.o)
    0x08000206   0x08000206   0x00000000   Code   RO          435    .ARM.Collect$$libshutdown$$0000000C  c_w.l(libshutdown2.o)
    0x08000206   0x08000206   0x00000000   Code   RO          438    .ARM.Collect$$libshutdown$$0000000F  c_w.l(libshutdown2.o)
    0x08000206   0x08000206   0x00000002   Code   RO          439    .ARM.Collect$$libshutdown$$00000010  c_w.l(libshutdown2.o)
    0x08000208   0x08000208   0x00000000   Code   RO          313    .ARM.Collect$$rtentry$$00000000  c_w.l(__rtentry.o)
    0x08000208   0x08000208   0x00000000   Code   RO          315    .ARM.Collect$$rtentry$$00000002  c_w.l(__rtentry2.o)
    0x08000208   0x08000208   0x00000006   Code   RO          327    .ARM.Collect$$rtentry$$00000004  c_w.l(__rtentry4.o)
    0x0800020e   0x0800020e   0x00000000   Code   RO          317    .ARM.Collect$$rtentry$$00000009  c_w.l(__rtentry2.o)
    0x0800020e   0x0800020e   0x00000004   Code   RO          318    .ARM.Collect$$rtentry$$0000000A  c_w.l(__rtentry2.o)
    0x08000212   0x08000212   0x00000000   Code   RO          320    .ARM.Collect$$rtentry$$0000000C  c_w.l(__rtentry2.o)
    0x08000212   0x08000212   0x00000008   Code   RO          321    .ARM.Collect$$rtentry$$0000000D  c_w.l(__rtentry2.o)
    0x0800021a   0x0800021a   0x00000002   Code   RO          342    .ARM.Collect$$rtexit$$00000000  c_w.l(rtexit.o)
    0x0800021c   0x0800021c   0x00000000   Code   RO          390    .ARM.Collect$$rtexit$$00000002  c_w.l(rtexit2.o)
    0x0800021c   0x0800021c   0x00000004   Code   RO          391    .ARM.Collect$$rtexit$$00000003  c_w.l(rtexit2.o)
    0x08000220   0x08000220   0x00000006   Code   RO          392    .ARM.Collect$$rtexit$$00000004  c_w.l(rtexit2.o)
    0x08000226   0x08000226   0x00000002   PAD
    0x08000228   0x08000228   0x00000040   Code   RO           64  * .text               startup_stm32f40_41xxx.o
    0x08000268   0x08000268   0x00000006   Code   RO          309    .text               c_w.l(heapauxi.o)
    0x0800026e   0x0800026e   0x0000004a   Code   RO          329    .text               c_w.l(sys_stackheap_outer.o)
    0x080002b8   0x080002b8   0x00000012   Code   RO          331    .text               c_w.l(exit.o)
    0x080002ca   0x080002ca   0x00000002   PAD
    0x080002cc   0x080002cc   0x00000008   Code   RO          339    .text               c_w.l(libspace.o)
    0x080002d4   0x080002d4   0x0000000c   Code   RO          400    .text               c_w.l(sys_exit.o)
    0x080002e0   0x080002e0   0x00000002   Code   RO          415    .text               c_w.l(use_no_semi.o)
    0x080002e2   0x080002e2   0x00000000   Code   RO          417    .text               c_w.l(indicate_semi.o)
    0x080002e2   0x080002e2   0x00000002   PAD
    0x080002e4   0x080002e4   0x00000002   Code   RO           41    .text.BusFault_Handler  system_timetick.o
    0x080002e6   0x080002e6   0x00000002   PAD
    0x080002e8   0x080002e8   0x00000002   Code   RO           47    .text.DebugMon_Handler  system_timetick.o
    0x080002ea   0x080002ea   0x00000002   PAD
    0x080002ec   0x080002ec   0x00000086   Code   RO          274    .text.GPIO_Init     stm32f4xx_gpio.o
    0x08000372   0x08000372   0x00000002   PAD
    0x08000374   0x08000374   0x00000008   Code   RO          296    .text.GPIO_ToggleBits  stm32f4xx_gpio.o
    0x0800037c   0x0800037c   0x00000002   Code   RO           37    .text.HardFault_Handler  system_timetick.o
    0x0800037e   0x0800037e   0x00000002   PAD
    0x08000380   0x08000380   0x00000002   Code   RO           39    .text.MemManage_Handler  system_timetick.o
    0x08000382   0x08000382   0x00000002   PAD
    0x08000384   0x08000384   0x00000002   Code   RO           35    .text.NMI_Handler   system_timetick.o
    0x08000386   0x08000386   0x00000002   PAD
    0x08000388   0x08000388   0x00000002   Code   RO           49    .text.PendSV_Handler  system_timetick.o
    0x0800038a   0x0800038a   0x00000002   PAD
    0x0800038c   0x0800038c   0x00000018   Code   RO          137    .text.RCC_AHB1PeriphClockCmd  stm32f4xx_rcc.o
    0x080003a4   0x080003a4   0x00000002   Code   RO           45    .text.SVC_Handler   system_timetick.o
    0x080003a6   0x080003a6   0x00000002   PAD
    0x080003a8   0x080003a8   0x000000be   Code   RO           21    .text.SetSysClock   system_stm32f4xx.o
    0x08000466   0x08000466   0x00000002   PAD
    0x08000468   0x08000468   0x00000024   Code   RO            4    .text.SysTick_Config  main.o
    0x0800048c   0x0800048c   0x0000001c   Code   RO           51    .text.SysTick_Handler  system_timetick.o
    0x080004a8   0x080004a8   0x00000056   Code   RO           19    .text.SystemInit    system_stm32f4xx.o
    0x080004fe   0x080004fe   0x00000002   PAD
    0x08000500   0x08000500   0x00000002   Code   RO           43    .text.UsageFault_Handler  system_timetick.o
    0x08000502   0x08000502   0x00000002   PAD
    0x08000504   0x08000504   0x0000000e   Code   RO            8    .text.__NVIC_SetPriority  main.o
    0x08000512   0x08000512   0x00000002   PAD
    0x08000514   0x08000514   0x0000002a   Code   RO            6    .text.init_main     main.o
    0x0800053e   0x0800053e   0x00000002   PAD
    0x08000540   0x08000540   0x00000048   Code   RO            2    .text.main          main.o
    0x08000588   0x08000588   0x0000001a   Code   RO          398    x$fpl$fpinit        fz_wm.l(fpinit.o)
    0x080005a2   0x080005a2   0x00000002   PAD
    0x080005a4   0x080005a4   0x00000020   Data   RO          473    Region$$Table       anon$$obj.o


    Execution Region ER_RW (Exec base: 0x20000000, Load base: 0x080005c4, Size: 0x00000004, Max: 0xffffffff, ABSOLUTE)

    Exec Addr    Load Addr    Size         Type   Attr      Idx    E Section Name        Object

    0x20000000   0x080005c4   0x00000004   Data   RW           25    .data.SystemCoreClock  system_stm32f4xx.o


    Execution Region ER_ZI (Exec base: 0x20000008, Load base: 0x080005c8, Size: 0x00000668, Max: 0xffffffff, ABSOLUTE)

    Exec Addr    Load Addr    Size         Type   Attr      Idx    E Section Name        Object

    0x20000008        -       0x00000060   Zero   RW          340    .bss                c_w.l(libspace.o)
    0x20000068        -       0x00000004   Zero   RW           54    .bss.tick_count     system_timetick.o
    0x2000006c        -       0x00000004   Zero   RW           53    .bss.tick_flag      system_timetick.o
    0x20000070        -       0x00000200   Zero   RW           62    HEAP                startup_stm32f40_41xxx.o
    0x20000270        -       0x00000400   Zero   RW           61    STACK               startup_stm32f40_41xxx.o


==============================================================================

Image component sizes


      Code (inc. data)   RO Data    RW Data    ZI Data      Debug   Object Name

       164          0          0          0          0       5215   main.o
        64         26        392          0       1536        852   startup_stm32f40_41xxx.o
       142          0          0          0          0       4519   stm32f4xx_gpio.o
        24          0          0          0          0      12221   stm32f4xx_rcc.o
       276          0          0          4          0       3258   system_stm32f4xx.o
        44          0          0          0          8       1206   system_timetick.o

    ----------------------------------------------------------------------
       740         26        424          4       1544      27271   Object Totals
         0          0         32          0          0          0   (incl. Generated)
        26          0          0          0          0          0   (incl. Padding)

    ----------------------------------------------------------------------

      Code (inc. data)   RO Data    RW Data    ZI Data      Debug   Library Member Name

         8          0          0          0          0         68   __main.o
         0          0          0          0          0          0   __rtentry.o
        12          0          0          0          0          0   __rtentry2.o
         6          0          0          0          0          0   __rtentry4.o
        52          8          0          0          0          0   __scatter.o
        26          0          0          0          0          0   __scatter_copy.o
        28          0          0          0          0          0   __scatter_zi.o
        18          0          0          0          0         80   exit.o
         6          0          0          0          0        152   heapauxi.o
         0          0          0          0          0          0   indicate_semi.o
         2          0          0          0          0          0   libinit.o
         6          0          0          0          0          0   libinit2.o
         2          0          0          0          0          0   libshutdown.o
         2          0          0          0          0          0   libshutdown2.o
         8          4          0          0         96         68   libspace.o
         2          0          0          0          0          0   rtexit.o
        10          0          0          0          0          0   rtexit2.o
        12          4          0          0          0         68   sys_exit.o
        74          0          0          0          0         80   sys_stackheap_outer.o
         2          0          0          0          0         68   use_no_semi.o
        26          0          0          0          0        116   fpinit.o

    ----------------------------------------------------------------------
       312         16          0          0         96        700   Library Totals
        10          0          0          0          0          0   (incl. Padding)

    ----------------------------------------------------------------------

      Code (inc. data)   RO Data    RW Data    ZI Data      Debug   Library Name

       276         16          0          0         96        584   c_w.l
        26          0          0          0          0        116   fz_wm.l

    ----------------------------------------------------------------------
       312         16          0          0         96        700   Library Totals

    ----------------------------------------------------------------------

==============================================================================


      Code (inc. data)   RO Data    RW Data    ZI Data      Debug   

      1052         42        424          4       1640      27751   Grand Totals
      1052         42        424          4       1640      27751   ELF Image Totals
      1052         42        424          4          0          0   ROM Totals

==============================================================================

    Total RO  Size (Code + RO Data)                 1476 (   1.44kB)
    Total RW  Size (RW Data + ZI Data)              1644 (   1.61kB)
    Total ROM Size (Code + RO Data + RW Data)       1480 (   1.45kB)

==============================================================================

