Archive member included to satisfy reference by file (symbol)

/mnt/c/VSARM/gcc-arm-none-eabi-10.3-2021.10/bin/../lib/gcc/arm-none-eabi/10.3.1/../../../../arm-none-eabi/lib/thumb/v7e-m+fp/hard/libc_nano.a(lib_a-exit.o)
                              /mnt/c/VSARM/gcc-arm-none-eabi-10.3-2021.10/bin/../lib/gcc/arm-none-eabi/10.3.1/../../../../arm-none-eabi/lib/thumb/v7e-m+fp/hard/crt0.o (exit)
/mnt/c/VSARM/gcc-arm-none-eabi-10.3-2021.10/bin/../lib/gcc/arm-none-eabi/10.3.1/../../../../arm-none-eabi/lib/thumb/v7e-m+fp/hard/libc_nano.a(lib_a-impure.o)
                              /mnt/c/VSARM/gcc-arm-none-eabi-10.3-2021.10/bin/../lib/gcc/arm-none-eabi/10.3.1/../../../../arm-none-eabi/lib/thumb/v7e-m+fp/hard/libc_nano.a(lib_a-exit.o) (_global_impure_ptr)
/mnt/c/VSARM/gcc-arm-none-eabi-10.3-2021.10/bin/../lib/gcc/arm-none-eabi/10.3.1/../../../../arm-none-eabi/lib/thumb/v7e-m+fp/hard/libc_nano.a(lib_a-init.o)
                              /mnt/c/VSARM/gcc-arm-none-eabi-10.3-2021.10/bin/../lib/gcc/arm-none-eabi/10.3.1/../../../../arm-none-eabi/lib/thumb/v7e-m+fp/hard/crt0.o (__libc_init_array)
/mnt/c/VSARM/gcc-arm-none-eabi-10.3-2021.10/bin/../lib/gcc/arm-none-eabi/10.3.1/../../../../arm-none-eabi/lib/thumb/v7e-m+fp/hard/libc_nano.a(lib_a-memset.o)
                              /mnt/c/VSARM/gcc-arm-none-eabi-10.3-2021.10/bin/../lib/gcc/arm-none-eabi/10.3.1/../../../../arm-none-eabi/lib/thumb/v7e-m+fp/hard/crt0.o (memset)
/mnt/c/VSARM/gcc-arm-none-eabi-10.3-2021.10/bin/../lib/gcc/arm-none-eabi/10.3.1/../../../../arm-none-eabi/lib/thumb/v7e-m+fp/hard/libc_nano.a(lib_a-printf.o)
                              build/main.o (printf)
/mnt/c/VSARM/gcc-arm-none-eabi-10.3-2021.10/bin/../lib/gcc/arm-none-eabi/10.3.1/../../../../arm-none-eabi/lib/thumb/v7e-m+fp/hard/libc_nano.a(lib_a-findfp.o)
                              /mnt/c/VSARM/gcc-arm-none-eabi-10.3-2021.10/bin/../lib/gcc/arm-none-eabi/10.3.1/../../../../arm-none-eabi/lib/thumb/v7e-m+fp/hard/libc_nano.a(lib_a-printf.o) (__sinit)
/mnt/c/VSARM/gcc-arm-none-eabi-10.3-2021.10/bin/../lib/gcc/arm-none-eabi/10.3.1/../../../../arm-none-eabi/lib/thumb/v7e-m+fp/hard/libc_nano.a(lib_a-fwalk.o)
                              /mnt/c/VSARM/gcc-arm-none-eabi-10.3-2021.10/bin/../lib/gcc/arm-none-eabi/10.3.1/../../../../arm-none-eabi/lib/thumb/v7e-m+fp/hard/libc_nano.a(lib_a-findfp.o) (_fwalk)
/mnt/c/VSARM/gcc-arm-none-eabi-10.3-2021.10/bin/../lib/gcc/arm-none-eabi/10.3.1/../../../../arm-none-eabi/lib/thumb/v7e-m+fp/hard/libc_nano.a(lib_a-lock.o)
                              /mnt/c/VSARM/gcc-arm-none-eabi-10.3-2021.10/bin/../lib/gcc/arm-none-eabi/10.3.1/../../../../arm-none-eabi/lib/thumb/v7e-m+fp/hard/libc_nano.a(lib_a-findfp.o) (__retarget_lock_init_recursive)
/mnt/c/VSARM/gcc-arm-none-eabi-10.3-2021.10/bin/../lib/gcc/arm-none-eabi/10.3.1/../../../../arm-none-eabi/lib/thumb/v7e-m+fp/hard/libc_nano.a(lib_a-nano-mallocr.o)
                              /mnt/c/VSARM/gcc-arm-none-eabi-10.3-2021.10/bin/../lib/gcc/arm-none-eabi/10.3.1/../../../../arm-none-eabi/lib/thumb/v7e-m+fp/hard/libc_nano.a(lib_a-findfp.o) (_malloc_r)
/mnt/c/VSARM/gcc-arm-none-eabi-10.3-2021.10/bin/../lib/gcc/arm-none-eabi/10.3.1/../../../../arm-none-eabi/lib/thumb/v7e-m+fp/hard/libc_nano.a(lib_a-nano-vfprintf.o)
                              /mnt/c/VSARM/gcc-arm-none-eabi-10.3-2021.10/bin/../lib/gcc/arm-none-eabi/10.3.1/../../../../arm-none-eabi/lib/thumb/v7e-m+fp/hard/libc_nano.a(lib_a-printf.o) (_vfprintf_r)
/mnt/c/VSARM/gcc-arm-none-eabi-10.3-2021.10/bin/../lib/gcc/arm-none-eabi/10.3.1/../../../../arm-none-eabi/lib/thumb/v7e-m+fp/hard/libc_nano.a(lib_a-nano-vfprintf_i.o)
                              /mnt/c/VSARM/gcc-arm-none-eabi-10.3-2021.10/bin/../lib/gcc/arm-none-eabi/10.3.1/../../../../arm-none-eabi/lib/thumb/v7e-m+fp/hard/libc_nano.a(lib_a-nano-vfprintf.o) (_printf_i)
/mnt/c/VSARM/gcc-arm-none-eabi-10.3-2021.10/bin/../lib/gcc/arm-none-eabi/10.3.1/../../../../arm-none-eabi/lib/thumb/v7e-m+fp/hard/libc_nano.a(lib_a-sbrkr.o)
                              /mnt/c/VSARM/gcc-arm-none-eabi-10.3-2021.10/bin/../lib/gcc/arm-none-eabi/10.3.1/../../../../arm-none-eabi/lib/thumb/v7e-m+fp/hard/libc_nano.a(lib_a-nano-mallocr.o) (_sbrk_r)
/mnt/c/VSARM/gcc-arm-none-eabi-10.3-2021.10/bin/../lib/gcc/arm-none-eabi/10.3.1/../../../../arm-none-eabi/lib/thumb/v7e-m+fp/hard/libc_nano.a(lib_a-stdio.o)
                              /mnt/c/VSARM/gcc-arm-none-eabi-10.3-2021.10/bin/../lib/gcc/arm-none-eabi/10.3.1/../../../../arm-none-eabi/lib/thumb/v7e-m+fp/hard/libc_nano.a(lib_a-findfp.o) (__sread)
/mnt/c/VSARM/gcc-arm-none-eabi-10.3-2021.10/bin/../lib/gcc/arm-none-eabi/10.3.1/../../../../arm-none-eabi/lib/thumb/v7e-m+fp/hard/libc_nano.a(lib_a-wbuf.o)
                              /mnt/c/VSARM/gcc-arm-none-eabi-10.3-2021.10/bin/../lib/gcc/arm-none-eabi/10.3.1/../../../../arm-none-eabi/lib/thumb/v7e-m+fp/hard/libc_nano.a(lib_a-nano-vfprintf.o) (__swbuf_r)
[...]
Memory Configuration

Name             Origin             Length             Attributes
RAM              0x0000000020000000 0x0000000000020000 xrw
CCMRAM           0x0000000010000000 0x0000000000010000 xrw
FLASH            0x0000000008000000 0x0000000000100000 xr
*default*        0x0000000000000000 0xffffffffffffffff

Linker script and memory map

LOAD /mnt/c/VSARM/gcc-arm-none-eabi-10.3-2021.10/bin/../lib/gcc/arm-none-eabi/10.3.1/thumb/v7e-m+fp/hard/crti.o
LOAD /mnt/c/VSARM/gcc-arm-none-eabi-10.3-2021.10/bin/../lib/gcc/arm-none-eabi/10.3.1/thumb/v7e-m+fp/hard/crtbegin.o
LOAD /mnt/c/VSARM/gcc-arm-none-eabi-10.3-2021.10/bin/../lib/gcc/arm-none-eabi/10.3.1/../../../../arm-none-eabi/lib/thumb/v7e-m+fp/hard/crt0.o
LOAD build/main.o
LOAD build/stm32f4xx_it.o
LOAD build/stm32f4xx_hal_msp.o
LOAD build/stm32f4xx_hal_tim.o
LOAD build/stm32f4xx_hal_tim_ex.o
LOAD build/stm32f4xx_hal_rcc.o
LOAD build/stm32f4xx_hal_rcc_ex.o
LOAD build/stm32f4xx_hal_flash.o
LOAD build/stm32f4xx_hal_flash_ex.o
LOAD build/stm32f4xx_hal_flash_ramfunc.o
LOAD build/stm32f4xx_hal_gpio.o
LOAD build/stm32f4xx_hal_dma_ex.o
LOAD build/stm32f4xx_hal_dma.o
LOAD build/stm32f4xx_hal_pwr.o
LOAD build/stm32f4xx_hal_pwr_ex.o
LOAD build/stm32f4xx_hal_cortex.o
LOAD build/stm32f4xx_hal.o
LOAD build/stm32f4xx_hal_exti.o
LOAD build/stm32f4xx_hal_uart.o
LOAD build/system_stm32f4xx.o
LOAD build/startup_stm32f407xx.o
LOAD /mnt/c/VSARM/gcc-arm-none-eabi-10.3-2021.10/bin/../lib/gcc/arm-none-eabi/10.3.1/../../../../arm-none-eabi/lib/thumb/v7e-m+fp/hard/libc_nano.a
LOAD /mnt/c/VSARM/gcc-arm-none-eabi-10.3-2021.10/bin/../lib/gcc/arm-none-eabi/10.3.1/../../../../arm-none-eabi/lib/thumb/v7e-m+fp/hard/libm.a
LOAD /mnt/c/VSARM/gcc-arm-none-eabi-10.3-2021.10/bin/../lib/gcc/arm-none-eabi/10.3.1/../../../../arm-none-eabi/lib/thumb/v7e-m+fp/hard/libnosys.a
START GROUP
LOAD /mnt/c/VSARM/gcc-arm-none-eabi-10.3-2021.10/bin/../lib/gcc/arm-none-eabi/10.3.1/thumb/v7e-m+fp/hard/libgcc.a
LOAD /mnt/c/VSARM/gcc-arm-none-eabi-10.3-2021.10/bin/../lib/gcc/arm-none-eabi/10.3.1/../../../../arm-none-eabi/lib/thumb/v7e-m+fp/hard/libc_nano.a
END GROUP
START GROUP
LOAD /mnt/c/VSARM/gcc-arm-none-eabi-10.3-2021.10/bin/../lib/gcc/arm-none-eabi/10.3.1/thumb/v7e-m+fp/hard/libgcc.a
LOAD /mnt/c/VSARM/gcc-arm-none-eabi-10.3-2021.10/bin/../lib/gcc/arm-none-eabi/10.3.1/../../../../arm-none-eabi/lib/thumb/v7e-m+fp/hard/libc_nano.a
END GROUP
LOAD /mnt/c/VSARM/gcc-arm-none-eabi-10.3-2021.10/bin/../lib/gcc/arm-none-eabi/10.3.1/thumb/v7e-m+fp/hard/crtend.o
LOAD /mnt/c/VSARM/gcc-arm-none-eabi-10.3-2021.10/bin/../lib/gcc/arm-none-eabi/10.3.1/thumb/v7e-m+fp/hard/crtn.o
                0x0000000020020000                _estack = 0x20020000
                0x0000000000000200                _Min_Heap_Size = 0x200
                0x0000000000000400                _Min_Stack_Size = 0x400

.isr_vector     0x0000000008000000      0x188
                0x0000000008000000                . = ALIGN (0x4)
 *(.isr_vector)
 .isr_vector    0x0000000008000000      0x188 build/startup_stm32f407xx.o
                0x0000000008000000                g_pfnVectors
                0x0000000008000188                . = ALIGN (0x4)

.text           0x0000000008000190     0x40c4
                0x0000000008000190                . = ALIGN (0x4)
 *(.text)
 .text          0x0000000008000190       0x40 /mnt/c/VSARM/gcc-arm-none-eabi-10.3-2021.10/bin/../lib/gcc/arm-none-eabi/10.3.1/thumb/v7e-m+fp/hard/crtbegin.o
 .text          0x00000000080001d0       0xa0 /mnt/c/VSARM/gcc-arm-none-eabi-10.3-2021.10/bin/../lib/gcc/arm-none-eabi/10.3.1/../../../../arm-none-eabi/lib/thumb/v7e-m+fp/hard/libc_nano.a(lib_a-memchr.o)
                0x00000000080001d0                memchr
 .text          0x0000000008000270      0x254 /mnt/c/VSARM/gcc-arm-none-eabi-10.3-2021.10/bin/../lib/gcc/arm-none-eabi/10.3.1/thumb/v7e-m+fp/hard/libgcc.a(_arm_muldf3.o)
                0x0000000008000270                __aeabi_dmul
                0x0000000008000270                __muldf3
 .text          0x00000000080004c4      0x378 /mnt/c/VSARM/gcc-arm-none-eabi-10.3-2021.10/bin/../lib/gcc/arm-none-eabi/10.3.1/thumb/v7e-m+fp/hard/libgcc.a(_arm_addsubdf3.o)
                0x00000000080004c4                __aeabi_drsub
                0x00000000080004cc                __aeabi_dsub
                0x00000000080004cc                __subdf3
                0x00000000080004d0                __adddf3
                0x00000000080004d0                __aeabi_dadd
                0x0000000008000748                __aeabi_ui2d
                0x0000000008000748                __floatunsidf
                0x0000000008000768                __floatsidf
                0x0000000008000768                __aeabi_i2d
                0x000000000800078c                __extendsfdf2
                0x000000000800078c                __aeabi_f2d
                0x00000000080007d0                __aeabi_ul2d
                0x00000000080007d0                __floatundidf
                0x00000000080007e0                __floatdidf
                0x00000000080007e0                __aeabi_l2d
 .text          0x000000000800083c       0xa0 /mnt/c/VSARM/gcc-arm-none-eabi-10.3-2021.10/bin/../lib/gcc/arm-none-eabi/10.3.1/thumb/v7e-m+fp/hard/libgcc.a(_arm_truncdfsf2.o)
                0x000000000800083c                __aeabi_d2f
                0x000000000800083c                __truncdfsf2
 .text          0x00000000080008dc       0x30 /mnt/c/VSARM/gcc-arm-none-eabi-10.3-2021.10/bin/../lib/gcc/arm-none-eabi/10.3.1/thumb/v7e-m+fp/hard/libgcc.a(_aeabi_uldivmod.o)
                0x00000000080008dc                __aeabi_uldivmod
 .text          0x000000000800090c      0x2d0 /mnt/c/VSARM/gcc-arm-none-eabi-10.3-2021.10/bin/../lib/gcc/arm-none-eabi/10.3.1/thumb/v7e-m+fp/hard/libgcc.a(_udivmoddi4.o)
                0x000000000800090c                __udivmoddi4
 .text          0x0000000008000bdc        0x4 /mnt/c/VSARM/gcc-arm-none-eabi-10.3-2021.10/bin/../lib/gcc/arm-none-eabi/10.3.1/thumb/v7e-m+fp/hard/libgcc.a(_dvmd_tls.o)
                0x0000000008000bdc                __aeabi_ldiv0
                0x0000000008000bdc                __aeabi_idiv0
 *(.text*)
 .text.MX_GPIO_Init
                0x0000000008000be0       0x94 build/main.o
 .text.MX_DMA_Init
                0x0000000008000c74       0x34 build/main.o
 .text.parameter_compute
                0x0000000008000ca8       0x64 build/main.o
                0x0000000008000ca8                parameter_compute
 .text.HAL_UART_RxCpltCallback
                0x0000000008000d0c       0x6c build/main.o
                0x0000000008000d0c                HAL_UART_RxCpltCallback
 .text.PID_compute
                0x0000000008000d78       0xc8 build/main.o
                0x0000000008000d78                PID_compute
 .text.HAL_TIM_PeriodElapsedCallback
                0x0000000008000e40       0xac build/main.o
                0x0000000008000e40                HAL_TIM_PeriodElapsedCallback
 .text.PWM_generate
                0x0000000008000eec       0x48 build/main.o
                0x0000000008000eec                PWM_generate
 .text.Error_Handler
                0x0000000008000f34        0x4 build/main.o
                0x0000000008000f34                Error_Handler
 .text.MX_TIM2_Init
                0x0000000008000f38       0x60 build/main.o
 .text.MX_TIM3_Init
                0x0000000008000f98       0x8c build/main.o
 .text.MX_UART4_Init
                0x0000000008001024       0x34 build/main.o
 .text.MX_TIM1_Init
                0x0000000008001058       0x6c build/main.o
 .text.SystemClock_Config
                0x00000000080010c4       0xa8 build/main.o
                0x00000000080010c4                SystemClock_Config
 .text.main     0x000000000800116c      0x148 build/main.o
                0x000000000800116c                main
 .text.NMI_Handler
                0x00000000080012b4        0x2 build/stm32f4xx_it.o
                0x00000000080012b4                NMI_Handler
 .text.HardFault_Handler
                0x00000000080012b6        0x2 build/stm32f4xx_it.o
                0x00000000080012b6                HardFault_Handler
 .text.MemManage_Handler
                0x00000000080012b8        0x2 build/stm32f4xx_it.o
                0x00000000080012b8                MemManage_Handler
 .text.BusFault_Handler
                0x00000000080012ba        0x2 build/stm32f4xx_it.o
                0x00000000080012ba                BusFault_Handler
 .text.UsageFault_Handler
                0x00000000080012bc        0x2 build/stm32f4xx_it.o
                0x00000000080012bc                UsageFault_Handler
 .text.SVC_Handler
                0x00000000080012be        0x2 build/stm32f4xx_it.o
                0x00000000080012be                SVC_Handler
 .text.DebugMon_Handler
                0x00000000080012c0        0x2 build/stm32f4xx_it.o
                0x00000000080012c0                DebugMon_Handler
 .text.PendSV_Handler
                0x00000000080012c2        0x2 build/stm32f4xx_it.o
                0x00000000080012c2                PendSV_Handler
 .text.SysTick_Handler
                0x00000000080012c4        0x8 build/stm32f4xx_it.o
                0x00000000080012c4                SysTick_Handler
 .text.DMA1_Stream2_IRQHandler
                0x00000000080012cc       0x10 build/stm32f4xx_it.o
                0x00000000080012cc                DMA1_Stream2_IRQHandler
 .text.TIM1_UP_TIM10_IRQHandler
                0x00000000080012dc       0x10 build/stm32f4xx_it.o
                0x00000000080012dc                TIM1_UP_TIM10_IRQHandler
 .text.UART4_IRQHandler
                0x00000000080012ec       0x10 build/stm32f4xx_it.o
                0x00000000080012ec                UART4_IRQHandler
 .text.HAL_MspInit
                0x00000000080012fc       0x38 build/stm32f4xx_hal_msp.o
                0x00000000080012fc                HAL_MspInit
 .text.HAL_TIM_Base_MspInit
                0x0000000008001334       0x40 build/stm32f4xx_hal_msp.o
                0x0000000008001334                HAL_TIM_Base_MspInit
 .text.HAL_TIM_Encoder_MspInit
                0x0000000008001374       0x68 build/stm32f4xx_hal_msp.o
                0x0000000008001374                HAL_TIM_Encoder_MspInit
 .text.HAL_TIM_PWM_MspInit
                0x00000000080013dc       0x30 build/stm32f4xx_hal_msp.o
                0x00000000080013dc                HAL_TIM_PWM_MspInit
 .text.HAL_TIM_MspPostInit
                0x000000000800140c       0x58 build/stm32f4xx_hal_msp.o
                0x000000000800140c                HAL_TIM_MspPostInit
 .text.HAL_UART_MspInit
                0x0000000008001464       0xc4 build/stm32f4xx_hal_msp.o
                0x0000000008001464                HAL_UART_MspInit
 .text.TIM_OC1_SetConfig
                0x0000000008001528       0x68 build/stm32f4xx_hal_tim.o
 .text.TIM_OC3_SetConfig
                0x0000000008001590       0x70 build/stm32f4xx_hal_tim.o
 .text.TIM_OC4_SetConfig
                0x0000000008001600       0x50 build/stm32f4xx_hal_tim.o
 .text.TIM_TI1_ConfigInputStage
                0x0000000008001650       0x26 build/stm32f4xx_hal_tim.o
 .text.TIM_TI2_ConfigInputStage
                0x0000000008001676       0x28 build/stm32f4xx_hal_tim.o
 .text.TIM_ITRx_SetConfig
                0x000000000800169e       0x10 build/stm32f4xx_hal_tim.o
 .text.HAL_TIM_Base_Start_IT
                0x00000000080016ae       0x22 build/stm32f4xx_hal_tim.o
                0x00000000080016ae                HAL_TIM_Base_Start_IT
 .text.HAL_TIM_OC_DelayElapsedCallback
                0x00000000080016d0        0x2 build/stm32f4xx_hal_tim.o
                0x00000000080016d0                HAL_TIM_OC_DelayElapsedCallback
 .text.HAL_TIM_IC_CaptureCallback
                0x00000000080016d2        0x2 build/stm32f4xx_hal_tim.o
                0x00000000080016d2                HAL_TIM_IC_CaptureCallback
 .text.HAL_TIM_PWM_PulseFinishedCallback
                0x00000000080016d4        0x2 build/stm32f4xx_hal_tim.o
                0x00000000080016d4                HAL_TIM_PWM_PulseFinishedCallback
 .text.HAL_TIM_TriggerCallback
                0x00000000080016d6        0x2 build/stm32f4xx_hal_tim.o
                0x00000000080016d6                HAL_TIM_TriggerCallback
 .text.HAL_TIM_IRQHandler
                0x00000000080016d8      0x17a build/stm32f4xx_hal_tim.o
                0x00000000080016d8                HAL_TIM_IRQHandler
 *fill*         0x0000000008001852        0x2 
 .text.TIM_Base_SetConfig
                0x0000000008001854       0xc8 build/stm32f4xx_hal_tim.o
                0x0000000008001854                TIM_Base_SetConfig
 .text.HAL_TIM_Base_Init
                0x000000000800191c       0x34 build/stm32f4xx_hal_tim.o
                0x000000000800191c                HAL_TIM_Base_Init
 .text.HAL_TIM_PWM_Init
                0x0000000008001950       0x34 build/stm32f4xx_hal_tim.o
                0x0000000008001950                HAL_TIM_PWM_Init
 .text.HAL_TIM_Encoder_Init
                0x0000000008001984       0xa2 build/stm32f4xx_hal_tim.o
                0x0000000008001984                HAL_TIM_Encoder_Init
 *fill*         0x0000000008001a26        0x2 
 .text.TIM_OC2_SetConfig
                0x0000000008001a28       0x70 build/stm32f4xx_hal_tim.o
                0x0000000008001a28                TIM_OC2_SetConfig
 .text.HAL_TIM_PWM_ConfigChannel
                0x0000000008001a98       0xdc build/stm32f4xx_hal_tim.o
                0x0000000008001a98                HAL_TIM_PWM_ConfigChannel
 .text.TIM_ETR_SetConfig
                0x0000000008001b74       0x1a build/stm32f4xx_hal_tim.o
                0x0000000008001b74                TIM_ETR_SetConfig
 .text.HAL_TIM_ConfigClockSource
                0x0000000008001b8e       0xda build/stm32f4xx_hal_tim.o
                0x0000000008001b8e                HAL_TIM_ConfigClockSource
 .text.TIM_CCxChannelCmd
                0x0000000008001c68       0x1e build/stm32f4xx_hal_tim.o
                0x0000000008001c68                TIM_CCxChannelCmd
 *fill*         0x0000000008001c86        0x2 
 .text.HAL_TIM_PWM_Start
                0x0000000008001c88       0x40 build/stm32f4xx_hal_tim.o
                0x0000000008001c88                HAL_TIM_PWM_Start
 .text.HAL_TIM_Encoder_Start
                0x0000000008001cc8       0x44 build/stm32f4xx_hal_tim.o
                0x0000000008001cc8                HAL_TIM_Encoder_Start
 .text.HAL_TIMEx_MasterConfigSynchronization
                0x0000000008001d0c       0x8c build/stm32f4xx_hal_tim_ex.o
                0x0000000008001d0c                HAL_TIMEx_MasterConfigSynchronization
 .text.HAL_TIMEx_CommutCallback
                0x0000000008001d98        0x2 build/stm32f4xx_hal_tim_ex.o
                0x0000000008001d98                HAL_TIMEx_CommutCallback
 .text.HAL_TIMEx_BreakCallback
                0x0000000008001d9a        0x2 build/stm32f4xx_hal_tim_ex.o
                0x0000000008001d9a                HAL_TIMEx_BreakCallback
 .text.HAL_RCC_OscConfig
                0x0000000008001d9c      0x3ec build/stm32f4xx_hal_rcc.o
                0x0000000008001d9c                HAL_RCC_OscConfig
 .text.HAL_RCC_GetSysClockFreq
                0x0000000008002188       0xd4 build/stm32f4xx_hal_rcc.o
                0x0000000008002188                HAL_RCC_GetSysClockFreq
 .text.HAL_RCC_ClockConfig
                0x000000000800225c      0x160 build/stm32f4xx_hal_rcc.o
                0x000000000800225c                HAL_RCC_ClockConfig
 .text.HAL_RCC_GetHCLKFreq
                0x00000000080023bc        0xc build/stm32f4xx_hal_rcc.o
                0x00000000080023bc                HAL_RCC_GetHCLKFreq
 .text.HAL_RCC_GetPCLK1Freq
                0x00000000080023c8       0x20 build/stm32f4xx_hal_rcc.o
                0x00000000080023c8                HAL_RCC_GetPCLK1Freq
 .text.HAL_RCC_GetPCLK2Freq
                0x00000000080023e8       0x20 build/stm32f4xx_hal_rcc.o
                0x00000000080023e8                HAL_RCC_GetPCLK2Freq
 .text.HAL_GPIO_Init
                0x0000000008002408      0x1d0 build/stm32f4xx_hal_gpio.o
                0x0000000008002408                HAL_GPIO_Init
 .text.HAL_GPIO_WritePin
                0x00000000080025d8        0xc build/stm32f4xx_hal_gpio.o
                0x00000000080025d8                HAL_GPIO_WritePin
 .text.HAL_GPIO_TogglePin
                0x00000000080025e4       0x12 build/stm32f4xx_hal_gpio.o
                0x00000000080025e4                HAL_GPIO_TogglePin
 .text.DMA_SetConfig
                0x00000000080025f6       0x2c build/stm32f4xx_hal_dma.o
 *fill*         0x0000000008002622        0x2 
 .text.DMA_CalcBaseAndBitshift
                0x0000000008002624       0x44 build/stm32f4xx_hal_dma.o
 .text.DMA_CheckFifoParam
                0x0000000008002668       0x8e build/stm32f4xx_hal_dma.o
 *fill*         0x00000000080026f6        0x2 
 .text.HAL_DMA_Init
                0x00000000080026f8       0xcc build/stm32f4xx_hal_dma.o
                0x00000000080026f8                HAL_DMA_Init
 .text.HAL_DMA_Start_IT
                0x00000000080027c4       0x6a build/stm32f4xx_hal_dma.o
                0x00000000080027c4                HAL_DMA_Start_IT
 .text.HAL_DMA_Abort_IT
                0x000000000800282e       0x26 build/stm32f4xx_hal_dma.o
                0x000000000800282e                HAL_DMA_Abort_IT
 .text.HAL_DMA_IRQHandler
                0x0000000008002854      0x1dc build/stm32f4xx_hal_dma.o
                0x0000000008002854                HAL_DMA_IRQHandler
 .text.HAL_NVIC_SetPriorityGrouping
                0x0000000008002a30       0x24 build/stm32f4xx_hal_cortex.o
                0x0000000008002a30                HAL_NVIC_SetPriorityGrouping
 .text.HAL_NVIC_SetPriority
                0x0000000008002a54       0x70 build/stm32f4xx_hal_cortex.o
                0x0000000008002a54                HAL_NVIC_SetPriority
 .text.HAL_NVIC_EnableIRQ
                0x0000000008002ac4       0x1c build/stm32f4xx_hal_cortex.o
                0x0000000008002ac4                HAL_NVIC_EnableIRQ
 .text.HAL_SYSTICK_Config
                0x0000000008002ae0       0x28 build/stm32f4xx_hal_cortex.o
                0x0000000008002ae0                HAL_SYSTICK_Config
 .text.HAL_InitTick
                0x0000000008002b08       0x4c build/stm32f4xx_hal.o
                0x0000000008002b08                HAL_InitTick
 .text.HAL_Init
                0x0000000008002b54       0x34 build/stm32f4xx_hal.o
                0x0000000008002b54                HAL_Init
 .text.HAL_IncTick
                0x0000000008002b88       0x18 build/stm32f4xx_hal.o
                0x0000000008002b88                HAL_IncTick
 .text.HAL_GetTick
                0x0000000008002ba0        0xc build/stm32f4xx_hal.o
                0x0000000008002ba0                HAL_GetTick
 .text.HAL_Delay
                0x0000000008002bac       0x28 build/stm32f4xx_hal.o
                0x0000000008002bac                HAL_Delay
 .text.UART_EndTxTransfer
                0x0000000008002bd4       0x12 build/stm32f4xx_hal_uart.o
 .text.UART_EndRxTransfer
                0x0000000008002be6       0x1c build/stm32f4xx_hal_uart.o
 .text.UART_Transmit_IT
                0x0000000008002c02       0x66 build/stm32f4xx_hal_uart.o
 .text.UART_SetConfig
                0x0000000008002c68      0x1d4 build/stm32f4xx_hal_uart.o
 .text.HAL_UART_Init
                0x0000000008002e3c       0x5e build/stm32f4xx_hal_uart.o
                0x0000000008002e3c                HAL_UART_Init
 *fill*         0x0000000008002e9a        0x2 
 .text.HAL_UART_Receive_DMA
                0x0000000008002e9c       0xa8 build/stm32f4xx_hal_uart.o
                0x0000000008002e9c                HAL_UART_Receive_DMA
 .text.HAL_UART_TxCpltCallback
                0x0000000008002f44        0x2 build/stm32f4xx_hal_uart.o
                0x0000000008002f44                HAL_UART_TxCpltCallback
 .text.UART_EndTransmit_IT
                0x0000000008002f46       0x1a build/stm32f4xx_hal_uart.o
 .text.UART_DMAReceiveCplt
                0x0000000008002f60       0x3e build/stm32f4xx_hal_uart.o
 .text.UART_Receive_IT
                0x0000000008002f9e       0x9e build/stm32f4xx_hal_uart.o
 .text.HAL_UART_RxHalfCpltCallback
                0x000000000800303c        0x2 build/stm32f4xx_hal_uart.o
                0x000000000800303c                HAL_UART_RxHalfCpltCallback
 .text.UART_DMARxHalfCplt
                0x000000000800303e        0xa build/stm32f4xx_hal_uart.o
 .text.HAL_UART_ErrorCallback
                0x0000000008003048        0x2 build/stm32f4xx_hal_uart.o
                0x0000000008003048                HAL_UART_ErrorCallback
 .text.UART_DMAError
                0x000000000800304a       0x58 build/stm32f4xx_hal_uart.o
 *fill*         0x00000000080030a2        0x2 
 .text.HAL_UART_IRQHandler
                0x00000000080030a4      0x128 build/stm32f4xx_hal_uart.o
                0x00000000080030a4                HAL_UART_IRQHandler
 .text.UART_DMAAbortOnError
                0x00000000080031cc       0x10 build/stm32f4xx_hal_uart.o
 .text.SystemInit
                0x00000000080031dc       0x1c build/system_stm32f4xx.o
                0x00000000080031dc                SystemInit
 .text.Reset_Handler
                0x00000000080031f8       0x50 build/startup_stm32f407xx.o
                0x00000000080031f8                Reset_Handler
 .text.Default_Handler
                0x0000000008003248        0x2 build/startup_stm32f407xx.o
                0x0000000008003248                RTC_Alarm_IRQHandler
                0x0000000008003248                HASH_RNG_IRQHandler
                0x0000000008003248                EXTI2_IRQHandler
                0x0000000008003248                TIM8_CC_IRQHandler
                0x0000000008003248                TIM1_CC_IRQHandler
                0x0000000008003248                DMA2_Stream5_IRQHandler
                0x0000000008003248                DMA1_Stream5_IRQHandler
                0x0000000008003248                PVD_IRQHandler
                0x0000000008003248                SDIO_IRQHandler
                0x0000000008003248                TAMP_STAMP_IRQHandler
                0x0000000008003248                CAN2_RX1_IRQHandler
                0x0000000008003248                EXTI3_IRQHandler
                0x0000000008003248                TIM8_TRG_COM_TIM14_IRQHandler
                0x0000000008003248                TIM8_UP_TIM13_IRQHandler
                0x0000000008003248                I2C3_ER_IRQHandler
                0x0000000008003248                EXTI0_IRQHandler
                0x0000000008003248                I2C2_EV_IRQHandler
                0x0000000008003248                CAN1_RX0_IRQHandler
                0x0000000008003248                FPU_IRQHandler
                0x0000000008003248                OTG_HS_WKUP_IRQHandler
                0x0000000008003248                CAN2_SCE_IRQHandler
                0x0000000008003248                DMA2_Stream2_IRQHandler
                0x0000000008003248                SPI1_IRQHandler
                0x0000000008003248                TIM6_DAC_IRQHandler
                0x0000000008003248                TIM1_BRK_TIM9_IRQHandler
                0x0000000008003248                DCMI_IRQHandler
                0x0000000008003248                CAN2_RX0_IRQHandler
                0x0000000008003248                DMA2_Stream3_IRQHandler
                0x0000000008003248                USART6_IRQHandler
                0x0000000008003248                USART3_IRQHandler
                0x0000000008003248                CAN1_RX1_IRQHandler
                0x0000000008003248                UART5_IRQHandler
                0x0000000008003248                DMA2_Stream0_IRQHandler
                0x0000000008003248                TIM4_IRQHandler
                0x0000000008003248                I2C1_EV_IRQHandler
                0x0000000008003248                DMA1_Stream6_IRQHandler
                0x0000000008003248                DMA1_Stream1_IRQHandler
                0x0000000008003248                TIM3_IRQHandler
                0x0000000008003248                RCC_IRQHandler
                0x0000000008003248                TIM8_BRK_TIM12_IRQHandler
                0x0000000008003248                Default_Handler
                0x0000000008003248                EXTI15_10_IRQHandler
                0x0000000008003248                ADC_IRQHandler
                0x0000000008003248                DMA1_Stream7_IRQHandler
                0x0000000008003248                TIM7_IRQHandler
                0x0000000008003248                CAN2_TX_IRQHandler
                0x0000000008003248                TIM5_IRQHandler
                0x0000000008003248                DMA2_Stream7_IRQHandler
                0x0000000008003248                I2C3_EV_IRQHandler
                0x0000000008003248                EXTI9_5_IRQHandler
                0x0000000008003248                RTC_WKUP_IRQHandler
                0x0000000008003248                ETH_WKUP_IRQHandler
                0x0000000008003248                SPI2_IRQHandler
                0x0000000008003248                OTG_HS_EP1_IN_IRQHandler
                0x0000000008003248                DMA1_Stream0_IRQHandler
                0x0000000008003248                CAN1_TX_IRQHandler
                0x0000000008003248                EXTI4_IRQHandler
                0x0000000008003248                FSMC_IRQHandler
                0x0000000008003248                ETH_IRQHandler
                0x0000000008003248                OTG_HS_EP1_OUT_IRQHandler
                0x0000000008003248                WWDG_IRQHandler
                0x0000000008003248                TIM2_IRQHandler
                0x0000000008003248                OTG_FS_WKUP_IRQHandler
                0x0000000008003248                TIM1_TRG_COM_TIM11_IRQHandler
                0x0000000008003248                OTG_HS_IRQHandler
                0x0000000008003248                EXTI1_IRQHandler
                0x0000000008003248                USART2_IRQHandler
                0x0000000008003248                I2C2_ER_IRQHandler
                0x0000000008003248                DMA2_Stream1_IRQHandler
                0x0000000008003248                CAN1_SCE_IRQHandler
                0x0000000008003248                FLASH_IRQHandler
                0x0000000008003248                DMA2_Stream4_IRQHandler
                0x0000000008003248                USART1_IRQHandler
                0x0000000008003248                OTG_FS_IRQHandler
                0x0000000008003248                SPI3_IRQHandler
                0x0000000008003248                DMA1_Stream4_IRQHandler
                0x0000000008003248                I2C1_ER_IRQHandler
                0x0000000008003248                DMA2_Stream6_IRQHandler
                0x0000000008003248                DMA1_Stream3_IRQHandler
 *fill*         0x000000000800324a        0x2 
 .text.__libc_init_array
                0x000000000800324c       0x48 /mnt/c/VSARM/gcc-arm-none-eabi-10.3-2021.10/bin/../lib/gcc/arm-none-eabi/10.3.1/../../../../arm-none-eabi/lib/thumb/v7e-m+fp/hard/libc_nano.a(lib_a-init.o)
                0x000000000800324c                __libc_init_array
 .text.memset   0x0000000008003294       0x10 /mnt/c/VSARM/gcc-arm-none-eabi-10.3-2021.10/bin/../lib/gcc/arm-none-eabi/10.3.1/../../../../arm-none-eabi/lib/thumb/v7e-m+fp/hard/libc_nano.a(lib_a-memset.o)
                0x0000000008003294                memset
 .text.printf   0x00000000080032a4       0x30 /mnt/c/VSARM/gcc-arm-none-eabi-10.3-2021.10/bin/../lib/gcc/arm-none-eabi/10.3.1/../../../../arm-none-eabi/lib/thumb/v7e-m+fp/hard/libc_nano.a(lib_a-printf.o)
                0x00000000080032a4                printf
                0x00000000080032a4                iprintf
 .text.std      0x00000000080032d4       0x48 /mnt/c/VSARM/gcc-arm-none-eabi-10.3-2021.10/bin/../lib/gcc/arm-none-eabi/10.3.1/../../../../arm-none-eabi/lib/thumb/v7e-m+fp/hard/libc_nano.a(lib_a-findfp.o)
 .text._cleanup_r
                0x000000000800331c        0xc /mnt/c/VSARM/gcc-arm-none-eabi-10.3-2021.10/bin/../lib/gcc/arm-none-eabi/10.3.1/../../../../arm-none-eabi/lib/thumb/v7e-m+fp/hard/libc_nano.a(lib_a-findfp.o)
                0x000000000800331c                _cleanup_r
 .text.__sfmoreglue
                0x0000000008003328       0x2c /mnt/c/VSARM/gcc-arm-none-eabi-10.3-2021.10/bin/../lib/gcc/arm-none-eabi/10.3.1/../../../../arm-none-eabi/lib/thumb/v7e-m+fp/hard/libc_nano.a(lib_a-findfp.o)
                0x0000000008003328                __sfmoreglue
 .text.__sfp_lock_acquire
                0x0000000008003354        0xc /mnt/c/VSARM/gcc-arm-none-eabi-10.3-2021.10/bin/../lib/gcc/arm-none-eabi/10.3.1/../../../../arm-none-eabi/lib/thumb/v7e-m+fp/hard/libc_nano.a(lib_a-findfp.o)
                0x0000000008003354                __sfp_lock_acquire
 .text.__sfp_lock_release
                0x0000000008003360        0xc /mnt/c/VSARM/gcc-arm-none-eabi-10.3-2021.10/bin/../lib/gcc/arm-none-eabi/10.3.1/../../../../arm-none-eabi/lib/thumb/v7e-m+fp/hard/libc_nano.a(lib_a-findfp.o)
                0x0000000008003360                __sfp_lock_release
 .text.__sinit_lock_acquire
                0x000000000800336c        0xc /mnt/c/VSARM/gcc-arm-none-eabi-10.3-2021.10/bin/../lib/gcc/arm-none-eabi/10.3.1/../../../../arm-none-eabi/lib/thumb/v7e-m+fp/hard/libc_nano.a(lib_a-findfp.o)
                0x000000000800336c                __sinit_lock_acquire
 .text.__sinit_lock_release
                0x0000000008003378        0xc /mnt/c/VSARM/gcc-arm-none-eabi-10.3-2021.10/bin/../lib/gcc/arm-none-eabi/10.3.1/../../../../arm-none-eabi/lib/thumb/v7e-m+fp/hard/libc_nano.a(lib_a-findfp.o)
                0x0000000008003378                __sinit_lock_release
 .text.__sinit  0x0000000008003384       0x70 /mnt/c/VSARM/gcc-arm-none-eabi-10.3-2021.10/bin/../lib/gcc/arm-none-eabi/10.3.1/../../../../arm-none-eabi/lib/thumb/v7e-m+fp/hard/libc_nano.a(lib_a-findfp.o)
                0x0000000008003384                __sinit
 .text.__sfp    0x00000000080033f4       0x8c /mnt/c/VSARM/gcc-arm-none-eabi-10.3-2021.10/bin/../lib/gcc/arm-none-eabi/10.3.1/../../../../arm-none-eabi/lib/thumb/v7e-m+fp/hard/libc_nano.a(lib_a-findfp.o)
                0x00000000080033f4                __sfp
 .text._fwalk_reent
                0x0000000008003480       0x3e /mnt/c/VSARM/gcc-arm-none-eabi-10.3-2021.10/bin/../lib/gcc/arm-none-eabi/10.3.1/../../../../arm-none-eabi/lib/thumb/v7e-m+fp/hard/libc_nano.a(lib_a-fwalk.o)
                0x0000000008003480                _fwalk_reent
 .text.__retarget_lock_init_recursive
                0x00000000080034be        0x2 /mnt/c/VSARM/gcc-arm-none-eabi-10.3-2021.10/bin/../lib/gcc/arm-none-eabi/10.3.1/../../../../arm-none-eabi/lib/thumb/v7e-m+fp/hard/libc_nano.a(lib_a-lock.o)
                0x00000000080034be                __retarget_lock_init_recursive
 .text.__retarget_lock_acquire_recursive
                0x00000000080034c0        0x2 /mnt/c/VSARM/gcc-arm-none-eabi-10.3-2021.10/bin/../lib/gcc/arm-none-eabi/10.3.1/../../../../arm-none-eabi/lib/thumb/v7e-m+fp/hard/libc_nano.a(lib_a-lock.o)
                0x00000000080034c0                __retarget_lock_acquire_recursive
 .text.__retarget_lock_release_recursive
                0x00000000080034c2        0x2 /mnt/c/VSARM/gcc-arm-none-eabi-10.3-2021.10/bin/../lib/gcc/arm-none-eabi/10.3.1/../../../../arm-none-eabi/lib/thumb/v7e-m+fp/hard/libc_nano.a(lib_a-lock.o)
                0x00000000080034c2                __retarget_lock_release_recursive
 .text.sbrk_aligned
                0x00000000080034c4       0x40 /mnt/c/VSARM/gcc-arm-none-eabi-10.3-2021.10/bin/../lib/gcc/arm-none-eabi/10.3.1/../../../../arm-none-eabi/lib/thumb/v7e-m+fp/hard/libc_nano.a(lib_a-nano-mallocr.o)
 .text._malloc_r
                0x0000000008003504       0xe8 /mnt/c/VSARM/gcc-arm-none-eabi-10.3-2021.10/bin/../lib/gcc/arm-none-eabi/10.3.1/../../../../arm-none-eabi/lib/thumb/v7e-m+fp/hard/libc_nano.a(lib_a-nano-mallocr.o)
                0x0000000008003504                _malloc_r
 .text.__sfputc_r
                0x00000000080035ec       0x2e /mnt/c/VSARM/gcc-arm-none-eabi-10.3-2021.10/bin/../lib/gcc/arm-none-eabi/10.3.1/../../../../arm-none-eabi/lib/thumb/v7e-m+fp/hard/libc_nano.a(lib_a-nano-vfprintf.o)
 .text.__sfputs_r
                0x000000000800361a       0x24 /mnt/c/VSARM/gcc-arm-none-eabi-10.3-2021.10/bin/../lib/gcc/arm-none-eabi/10.3.1/../../../../arm-none-eabi/lib/thumb/v7e-m+fp/hard/libc_nano.a(lib_a-nano-vfprintf.o)
                0x000000000800361a                __sfputs_r
 *fill*         0x000000000800363e        0x2 
 .text._vfprintf_r
                0x0000000008003640      0x260 /mnt/c/VSARM/gcc-arm-none-eabi-10.3-2021.10/bin/../lib/gcc/arm-none-eabi/10.3.1/../../../../arm-none-eabi/lib/thumb/v7e-m+fp/hard/libc_nano.a(lib_a-nano-vfprintf.o)
                0x0000000008003640                _vfiprintf_r
                0x0000000008003640                _vfprintf_r
 .text._printf_common
                0x00000000080038a0       0xda /mnt/c/VSARM/gcc-arm-none-eabi-10.3-2021.10/bin/../lib/gcc/arm-none-eabi/10.3.1/../../../../arm-none-eabi/lib/thumb/v7e-m+fp/hard/libc_nano.a(lib_a-nano-vfprintf_i.o)
                0x00000000080038a0                _printf_common
 *fill*         0x000000000800397a        0x2 
 .text._printf_i
                0x000000000800397c      0x24c /mnt/c/VSARM/gcc-arm-none-eabi-10.3-2021.10/bin/../lib/gcc/arm-none-eabi/10.3.1/../../../../arm-none-eabi/lib/thumb/v7e-m+fp/hard/libc_nano.a(lib_a-nano-vfprintf_i.o)
                0x000000000800397c                _printf_i
 .text._sbrk_r  0x0000000008003bc8       0x20 /mnt/c/VSARM/gcc-arm-none-eabi-10.3-2021.10/bin/../lib/gcc/arm-none-eabi/10.3.1/../../../../arm-none-eabi/lib/thumb/v7e-m+fp/hard/libc_nano.a(lib_a-sbrkr.o)
                0x0000000008003bc8                _sbrk_r
 .text.__sread  0x0000000008003be8       0x22 /mnt/c/VSARM/gcc-arm-none-eabi-10.3-2021.10/bin/../lib/gcc/arm-none-eabi/10.3.1/../../../../arm-none-eabi/lib/thumb/v7e-m+fp/hard/libc_nano.a(lib_a-stdio.o)
                0x0000000008003be8                __sread
 .text.__swrite
                0x0000000008003c0a       0x38 /mnt/c/VSARM/gcc-arm-none-eabi-10.3-2021.10/bin/../lib/gcc/arm-none-eabi/10.3.1/../../../../arm-none-eabi/lib/thumb/v7e-m+fp/hard/libc_nano.a(lib_a-stdio.o)
                0x0000000008003c0a                __swrite
 .text.__sseek  0x0000000008003c42       0x24 /mnt/c/VSARM/gcc-arm-none-eabi-10.3-2021.10/bin/../lib/gcc/arm-none-eabi/10.3.1/../../../../arm-none-eabi/lib/thumb/v7e-m+fp/hard/libc_nano.a(lib_a-stdio.o)
                0x0000000008003c42                __sseek
 .text.__sclose
                0x0000000008003c66        0x8 /mnt/c/VSARM/gcc-arm-none-eabi-10.3-2021.10/bin/../lib/gcc/arm-none-eabi/10.3.1/../../../../arm-none-eabi/lib/thumb/v7e-m+fp/hard/libc_nano.a(lib_a-stdio.o)
                0x0000000008003c66                __sclose
 *fill*         0x0000000008003c6e        0x2 
 .text.__swbuf_r
                0x0000000008003c70       0xa4 /mnt/c/VSARM/gcc-arm-none-eabi-10.3-2021.10/bin/../lib/gcc/arm-none-eabi/10.3.1/../../../../arm-none-eabi/lib/thumb/v7e-m+fp/hard/libc_nano.a(lib_a-wbuf.o)
                0x0000000008003c70                __swbuf_r
 .text._write_r
                0x0000000008003d14       0x24 /mnt/c/VSARM/gcc-arm-none-eabi-10.3-2021.10/bin/../lib/gcc/arm-none-eabi/10.3.1/../../../../arm-none-eabi/lib/thumb/v7e-m+fp/hard/libc_nano.a(lib_a-writer.o)
                0x0000000008003d14                _write_r
 .text.__swsetup_r
                0x0000000008003d38       0xdc /mnt/c/VSARM/gcc-arm-none-eabi-10.3-2021.10/bin/../lib/gcc/arm-none-eabi/10.3.1/../../../../arm-none-eabi/lib/thumb/v7e-m+fp/hard/libc_nano.a(lib_a-wsetup.o)
                0x0000000008003d38                __swsetup_r
 .text._close_r
                0x0000000008003e14       0x20 /mnt/c/VSARM/gcc-arm-none-eabi-10.3-2021.10/bin/../lib/gcc/arm-none-eabi/10.3.1/../../../../arm-none-eabi/lib/thumb/v7e-m+fp/hard/libc_nano.a(lib_a-closer.o)
                0x0000000008003e14                _close_r
 .text.__sflush_r
                0x0000000008003e34      0x10c /mnt/c/VSARM/gcc-arm-none-eabi-10.3-2021.10/bin/../lib/gcc/arm-none-eabi/10.3.1/../../../../arm-none-eabi/lib/thumb/v7e-m+fp/hard/libc_nano.a(lib_a-fflush.o)
                0x0000000008003e34                __sflush_r
 .text._fflush_r
                0x0000000008003f40       0x78 /mnt/c/VSARM/gcc-arm-none-eabi-10.3-2021.10/bin/../lib/gcc/arm-none-eabi/10.3.1/../../../../arm-none-eabi/lib/thumb/v7e-m+fp/hard/libc_nano.a(lib_a-fflush.o)
                0x0000000008003f40                _fflush_r
 .text._lseek_r
                0x0000000008003fb8       0x24 /mnt/c/VSARM/gcc-arm-none-eabi-10.3-2021.10/bin/../lib/gcc/arm-none-eabi/10.3.1/../../../../arm-none-eabi/lib/thumb/v7e-m+fp/hard/libc_nano.a(lib_a-lseekr.o)
                0x0000000008003fb8                _lseek_r
 .text.__swhatbuf_r
                0x0000000008003fdc       0x4a /mnt/c/VSARM/gcc-arm-none-eabi-10.3-2021.10/bin/../lib/gcc/arm-none-eabi/10.3.1/../../../../arm-none-eabi/lib/thumb/v7e-m+fp/hard/libc_nano.a(lib_a-makebuf.o)
                0x0000000008003fdc                __swhatbuf_r
 *fill*         0x0000000008004026        0x2 
 .text.__smakebuf_r
                0x0000000008004028       0x80 /mnt/c/VSARM/gcc-arm-none-eabi-10.3-2021.10/bin/../lib/gcc/arm-none-eabi/10.3.1/../../../../arm-none-eabi/lib/thumb/v7e-m+fp/hard/libc_nano.a(lib_a-makebuf.o)
                0x0000000008004028                __smakebuf_r
 .text.__malloc_lock
                0x00000000080040a8        0xc /mnt/c/VSARM/gcc-arm-none-eabi-10.3-2021.10/bin/../lib/gcc/arm-none-eabi/10.3.1/../../../../arm-none-eabi/lib/thumb/v7e-m+fp/hard/libc_nano.a(lib_a-mlock.o)
                0x00000000080040a8                __malloc_lock
 .text.__malloc_unlock
                0x00000000080040b4        0xc /mnt/c/VSARM/gcc-arm-none-eabi-10.3-2021.10/bin/../lib/gcc/arm-none-eabi/10.3.1/../../../../arm-none-eabi/lib/thumb/v7e-m+fp/hard/libc_nano.a(lib_a-mlock.o)
                0x00000000080040b4                __malloc_unlock
 .text._free_r  0x00000000080040c0       0x98 /mnt/c/VSARM/gcc-arm-none-eabi-10.3-2021.10/bin/../lib/gcc/arm-none-eabi/10.3.1/../../../../arm-none-eabi/lib/thumb/v7e-m+fp/hard/libc_nano.a(lib_a-nano-freer.o)
                0x00000000080040c0                _free_r
 .text._read_r  0x0000000008004158       0x24 /mnt/c/VSARM/gcc-arm-none-eabi-10.3-2021.10/bin/../lib/gcc/arm-none-eabi/10.3.1/../../../../arm-none-eabi/lib/thumb/v7e-m+fp/hard/libc_nano.a(lib_a-readr.o)
                0x0000000008004158                _read_r
 .text._fstat_r
                0x000000000800417c       0x24 /mnt/c/VSARM/gcc-arm-none-eabi-10.3-2021.10/bin/../lib/gcc/arm-none-eabi/10.3.1/../../../../arm-none-eabi/lib/thumb/v7e-m+fp/hard/libc_nano.a(lib_a-fstatr.o)
                0x000000000800417c                _fstat_r
 .text._isatty_r
                0x00000000080041a0       0x20 /mnt/c/VSARM/gcc-arm-none-eabi-10.3-2021.10/bin/../lib/gcc/arm-none-eabi/10.3.1/../../../../arm-none-eabi/lib/thumb/v7e-m+fp/hard/libc_nano.a(lib_a-isattyr.o)
                0x00000000080041a0                _isatty_r
 .text._close   0x00000000080041c0       0x10 /mnt/c/VSARM/gcc-arm-none-eabi-10.3-2021.10/bin/../lib/gcc/arm-none-eabi/10.3.1/../../../../arm-none-eabi/lib/thumb/v7e-m+fp/hard/libnosys.a(close.o)
                0x00000000080041c0                _close
 .text._fstat   0x00000000080041d0       0x10 /mnt/c/VSARM/gcc-arm-none-eabi-10.3-2021.10/bin/../lib/gcc/arm-none-eabi/10.3.1/../../../../arm-none-eabi/lib/thumb/v7e-m+fp/hard/libnosys.a(fstat.o)
                0x00000000080041d0                _fstat
 .text._isatty  0x00000000080041e0       0x10 /mnt/c/VSARM/gcc-arm-none-eabi-10.3-2021.10/bin/../lib/gcc/arm-none-eabi/10.3.1/../../../../arm-none-eabi/lib/thumb/v7e-m+fp/hard/libnosys.a(isatty.o)
                0x00000000080041e0                _isatty
 .text._lseek   0x00000000080041f0       0x10 /mnt/c/VSARM/gcc-arm-none-eabi-10.3-2021.10/bin/../lib/gcc/arm-none-eabi/10.3.1/../../../../arm-none-eabi/lib/thumb/v7e-m+fp/hard/libnosys.a(lseek.o)
                0x00000000080041f0                _lseek
 .text._read    0x0000000008004200       0x10 /mnt/c/VSARM/gcc-arm-none-eabi-10.3-2021.10/bin/../lib/gcc/arm-none-eabi/10.3.1/../../../../arm-none-eabi/lib/thumb/v7e-m+fp/hard/libnosys.a(read.o)
                0x0000000008004200                _read
 .text._sbrk    0x0000000008004210       0x1c /mnt/c/VSARM/gcc-arm-none-eabi-10.3-2021.10/bin/../lib/gcc/arm-none-eabi/10.3.1/../../../../arm-none-eabi/lib/thumb/v7e-m+fp/hard/libnosys.a(sbrk.o)
                0x0000000008004210                _sbrk
 .text._write   0x000000000800422c       0x10 /mnt/c/VSARM/gcc-arm-none-eabi-10.3-2021.10/bin/../lib/gcc/arm-none-eabi/10.3.1/../../../../arm-none-eabi/lib/thumb/v7e-m+fp/hard/libnosys.a(write.o)
                0x000000000800422c                _write
 *(.glue_7)
 .glue_7        0x000000000800423c        0x0 linker stubs
 *(.glue_7t)
 .glue_7t       0x000000000800423c        0x0 linker stubs
 *(.eh_frame)
 .eh_frame      0x000000000800423c        0x0 /mnt/c/VSARM/gcc-arm-none-eabi-10.3-2021.10/bin/../lib/gcc/arm-none-eabi/10.3.1/thumb/v7e-m+fp/hard/crtbegin.o
 *(.init)
 .init          0x000000000800423c        0x4 /mnt/c/VSARM/gcc-arm-none-eabi-10.3-2021.10/bin/../lib/gcc/arm-none-eabi/10.3.1/thumb/v7e-m+fp/hard/crti.o
                0x000000000800423c                _init
 .init          0x0000000008004240        0x8 /mnt/c/VSARM/gcc-arm-none-eabi-10.3-2021.10/bin/../lib/gcc/arm-none-eabi/10.3.1/thumb/v7e-m+fp/hard/crtn.o
 *(.fini)
 .fini          0x0000000008004248        0x4 /mnt/c/VSARM/gcc-arm-none-eabi-10.3-2021.10/bin/../lib/gcc/arm-none-eabi/10.3.1/thumb/v7e-m+fp/hard/crti.o
                0x0000000008004248                _fini
 .fini          0x000000000800424c        0x8 /mnt/c/VSARM/gcc-arm-none-eabi-10.3-2021.10/bin/../lib/gcc/arm-none-eabi/10.3.1/thumb/v7e-m+fp/hard/crtn.o
                0x0000000008004254                . = ALIGN (0x4)
                0x0000000008004254                _etext = .

.vfp11_veneer   0x0000000008004254        0x0
 .vfp11_veneer  0x0000000008004254        0x0 linker stubs

.v4_bx          0x0000000008004254        0x0
 .v4_bx         0x0000000008004254        0x0 linker stubs

.iplt           0x0000000008004254        0x0
 .iplt          0x0000000008004254        0x0 /mnt/c/VSARM/gcc-arm-none-eabi-10.3-2021.10/bin/../lib/gcc/arm-none-eabi/10.3.1/thumb/v7e-m+fp/hard/crtbegin.o

.rodata         0x0000000008004254       0xd0
                0x0000000008004254                . = ALIGN (0x4)
 *(.rodata)
 *(.rodata*)
 .rodata.main.str1.4
                0x0000000008004254       0x16 build/main.o
 *fill*         0x000000000800426a        0x2 
 .rodata.flagBitshiftOffset.0
                0x000000000800426c        0x8 build/stm32f4xx_hal_dma.o
 .rodata.AHBPrescTable
                0x0000000008004274       0x10 build/system_stm32f4xx.o
                0x0000000008004274                AHBPrescTable
 .rodata.APBPrescTable
                0x0000000008004284        0x8 build/system_stm32f4xx.o
                0x0000000008004284                APBPrescTable
 .rodata._global_impure_ptr
                0x000000000800428c        0x4 /mnt/c/VSARM/gcc-arm-none-eabi-10.3-2021.10/bin/../lib/gcc/arm-none-eabi/10.3.1/../../../../arm-none-eabi/lib/thumb/v7e-m+fp/hard/libc_nano.a(lib_a-impure.o)
                0x000000000800428c                _global_impure_ptr
 .rodata.__sf_fake_stderr
                0x0000000008004290       0x20 /mnt/c/VSARM/gcc-arm-none-eabi-10.3-2021.10/bin/../lib/gcc/arm-none-eabi/10.3.1/../../../../arm-none-eabi/lib/thumb/v7e-m+fp/hard/libc_nano.a(lib_a-findfp.o)
                0x0000000008004290                __sf_fake_stderr
 .rodata.__sf_fake_stdin
                0x00000000080042b0       0x20 /mnt/c/VSARM/gcc-arm-none-eabi-10.3-2021.10/bin/../lib/gcc/arm-none-eabi/10.3.1/../../../../arm-none-eabi/lib/thumb/v7e-m+fp/hard/libc_nano.a(lib_a-findfp.o)
                0x00000000080042b0                __sf_fake_stdin
 .rodata.__sf_fake_stdout
                0x00000000080042d0       0x20 /mnt/c/VSARM/gcc-arm-none-eabi-10.3-2021.10/bin/../lib/gcc/arm-none-eabi/10.3.1/../../../../arm-none-eabi/lib/thumb/v7e-m+fp/hard/libc_nano.a(lib_a-findfp.o)
                0x00000000080042d0                __sf_fake_stdout
 .rodata._vfprintf_r.str1.1
                0x00000000080042f0       0x11 /mnt/c/VSARM/gcc-arm-none-eabi-10.3-2021.10/bin/../lib/gcc/arm-none-eabi/10.3.1/../../../../arm-none-eabi/lib/thumb/v7e-m+fp/hard/libc_nano.a(lib_a-nano-vfprintf.o)
 .rodata._printf_i.str1.1
                0x0000000008004301       0x22 /mnt/c/VSARM/gcc-arm-none-eabi-10.3-2021.10/bin/../lib/gcc/arm-none-eabi/10.3.1/../../../../arm-none-eabi/lib/thumb/v7e-m+fp/hard/libc_nano.a(lib_a-nano-vfprintf_i.o)
                0x0000000008004324                . = ALIGN (0x4)
 *fill*         0x0000000008004323        0x1 

.ARM.extab
 *(.ARM.extab* .gnu.linkonce.armextab.*)

.ARM            0x0000000008004324        0x8
                0x0000000008004324                __exidx_start = .
 *(.ARM.exidx*)
 .ARM.exidx     0x0000000008004324        0x8 /mnt/c/VSARM/gcc-arm-none-eabi-10.3-2021.10/bin/../lib/gcc/arm-none-eabi/10.3.1/thumb/v7e-m+fp/hard/libgcc.a(_udivmoddi4.o)
                0x000000000800432c                __exidx_end = .

.rel.dyn        0x000000000800432c        0x0
 .rel.iplt      0x000000000800432c        0x0 /mnt/c/VSARM/gcc-arm-none-eabi-10.3-2021.10/bin/../lib/gcc/arm-none-eabi/10.3.1/thumb/v7e-m+fp/hard/crtbegin.o

.preinit_array  0x000000000800432c        0x0
                0x000000000800432c                PROVIDE (__preinit_array_start = .)
 *(.preinit_array*)
                0x000000000800432c                PROVIDE (__preinit_array_end = .)

.init_array     0x000000000800432c        0x4
                0x000000000800432c                PROVIDE (__init_array_start = .)
 *(SORT_BY_NAME(.init_array.*))
 *(.init_array*)
 .init_array    0x000000000800432c        0x4 /mnt/c/VSARM/gcc-arm-none-eabi-10.3-2021.10/bin/../lib/gcc/arm-none-eabi/10.3.1/thumb/v7e-m+fp/hard/crtbegin.o
                0x0000000008004330                PROVIDE (__init_array_end = .)

.fini_array     0x0000000008004330        0x4
                [!provide]                        PROVIDE (__fini_array_start = .)
 *(SORT_BY_NAME(.fini_array.*))
 *(.fini_array*)
 .fini_array    0x0000000008004330        0x4 /mnt/c/VSARM/gcc-arm-none-eabi-10.3-2021.10/bin/../lib/gcc/arm-none-eabi/10.3.1/thumb/v7e-m+fp/hard/crtbegin.o
                [!provide]                        PROVIDE (__fini_array_end = .)
                0x0000000008004334                _sidata = LOADADDR (.data)

.data           0x0000000020000000       0x70 load address 0x0000000008004334
                0x0000000020000000                . = ALIGN (0x4)
                0x0000000020000000                _sdata = .
 *(.data)
 *(.data*)
 .data.uwTickFreq
                0x0000000020000000        0x1 build/stm32f4xx_hal.o
                0x0000000020000000                uwTickFreq
 *fill*         0x0000000020000001        0x3 
 .data.uwTickPrio
                0x0000000020000004        0x4 build/stm32f4xx_hal.o
                0x0000000020000004                uwTickPrio
 .data.SystemCoreClock
                0x0000000020000008        0x4 build/system_stm32f4xx.o
                0x0000000020000008                SystemCoreClock
 .data._impure_ptr
                0x000000002000000c        0x4 /mnt/c/VSARM/gcc-arm-none-eabi-10.3-2021.10/bin/../lib/gcc/arm-none-eabi/10.3.1/../../../../arm-none-eabi/lib/thumb/v7e-m+fp/hard/libc_nano.a(lib_a-impure.o)
                0x000000002000000c                _impure_ptr
 .data.impure_data
                0x0000000020000010       0x60 /mnt/c/VSARM/gcc-arm-none-eabi-10.3-2021.10/bin/../lib/gcc/arm-none-eabi/10.3.1/../../../../arm-none-eabi/lib/thumb/v7e-m+fp/hard/libc_nano.a(lib_a-impure.o)
                0x0000000020000070                . = ALIGN (0x4)
                0x0000000020000070                _edata = .
                0x00000000080043a4                _siccmram = LOADADDR (.ccmram)

.igot.plt       0x0000000020000070        0x0 load address 0x00000000080043a4
 .igot.plt      0x0000000020000070        0x0 /mnt/c/VSARM/gcc-arm-none-eabi-10.3-2021.10/bin/../lib/gcc/arm-none-eabi/10.3.1/thumb/v7e-m+fp/hard/crtbegin.o

.ccmram         0x0000000010000000        0x0 load address 0x00000000080043a4
                0x0000000010000000                . = ALIGN (0x4)
                0x0000000010000000                _sccmram = .
 *(.ccmram)
 *(.ccmram*)
                0x0000000010000000                . = ALIGN (0x4)
                0x0000000010000000                _eccmram = .
                0x0000000010000000                . = ALIGN (0x4)

.bss            0x0000000020000070      0x1f0
                0x0000000020000070                _sbss = .
                0x0000000020000070                __bss_start__ = _sbss
 *(.bss)
 .bss           0x0000000020000070       0x1c /mnt/c/VSARM/gcc-arm-none-eabi-10.3-2021.10/bin/../lib/gcc/arm-none-eabi/10.3.1/thumb/v7e-m+fp/hard/crtbegin.o
 *(.bss*)
 .bss.Kd        0x000000002000008c        0x4 build/main.o
                0x000000002000008c                Kd
 .bss.Ki        0x0000000020000090        0x4 build/main.o
                0x0000000020000090                Ki
 .bss.Kp        0x0000000020000094        0x4 build/main.o
                0x0000000020000094                Kp
 .bss.Value_PWM
                0x0000000020000098        0x4 build/main.o
                0x0000000020000098                Value_PWM
 .bss.config    0x000000002000009c        0x4 build/main.o
                0x000000002000009c                config
 .bss.count     0x00000000200000a0        0x2 build/main.o
                0x00000000200000a0                count
 *fill*         0x00000000200000a2        0x2 
 .bss.data      0x00000000200000a4       0x1e build/main.o
                0x00000000200000a4                data
 *fill*         0x00000000200000c2        0x2 
 .bss.ek.5      0x00000000200000c4        0x4 build/main.o
 .bss.ek1.4     0x00000000200000c8        0x4 build/main.o
 .bss.ek2.1     0x00000000200000cc        0x4 build/main.o
 .bss.hdma_uart4_rx
                0x00000000200000d0       0x60 build/main.o
                0x00000000200000d0                hdma_uart4_rx
 .bss.htim1     0x0000000020000130       0x40 build/main.o
                0x0000000020000130                htim1
 .bss.htim2     0x0000000020000170       0x40 build/main.o
                0x0000000020000170                htim2
 .bss.htim3     0x00000000200001b0       0x40 build/main.o
                0x00000000200001b0                htim3
 .bss.huart4    0x00000000200001f0       0x40 build/main.o
                0x00000000200001f0                huart4
 .bss.mode      0x0000000020000230        0x4 build/main.o
                0x0000000020000230                mode
 .bss.position  0x0000000020000234        0x4 build/main.o
                0x0000000020000234                position
 .bss.set_point
                0x0000000020000238        0x4 build/main.o
                0x0000000020000238                set_point
 .bss.uk        0x000000002000023c        0x4 build/main.o
                0x000000002000023c                uk
 .bss.uk.0      0x0000000020000240        0x4 build/main.o
 .bss.uk1.3     0x0000000020000244        0x4 build/main.o
 .bss.uwTick    0x0000000020000248        0x4 build/stm32f4xx_hal.o
                0x0000000020000248                uwTick
 .bss.__lock___malloc_recursive_mutex
                0x000000002000024c        0x1 /mnt/c/VSARM/gcc-arm-none-eabi-10.3-2021.10/bin/../lib/gcc/arm-none-eabi/10.3.1/../../../../arm-none-eabi/lib/thumb/v7e-m+fp/hard/libc_nano.a(lib_a-lock.o)
                0x000000002000024c                __lock___malloc_recursive_mutex
 .bss.__lock___sfp_recursive_mutex
                0x000000002000024d        0x1 /mnt/c/VSARM/gcc-arm-none-eabi-10.3-2021.10/bin/../lib/gcc/arm-none-eabi/10.3.1/../../../../arm-none-eabi/lib/thumb/v7e-m+fp/hard/libc_nano.a(lib_a-lock.o)
                0x000000002000024d                __lock___sfp_recursive_mutex
 .bss.__lock___sinit_recursive_mutex
                0x000000002000024e        0x1 /mnt/c/VSARM/gcc-arm-none-eabi-10.3-2021.10/bin/../lib/gcc/arm-none-eabi/10.3.1/../../../../arm-none-eabi/lib/thumb/v7e-m+fp/hard/libc_nano.a(lib_a-lock.o)
                0x000000002000024e                __lock___sinit_recursive_mutex
 *fill*         0x000000002000024f        0x1 
 .bss.__malloc_free_list
                0x0000000020000250        0x4 /mnt/c/VSARM/gcc-arm-none-eabi-10.3-2021.10/bin/../lib/gcc/arm-none-eabi/10.3.1/../../../../arm-none-eabi/lib/thumb/v7e-m+fp/hard/libc_nano.a(lib_a-nano-mallocr.o)
                0x0000000020000250                __malloc_free_list
 .bss.__malloc_sbrk_start
                0x0000000020000254        0x4 /mnt/c/VSARM/gcc-arm-none-eabi-10.3-2021.10/bin/../lib/gcc/arm-none-eabi/10.3.1/../../../../arm-none-eabi/lib/thumb/v7e-m+fp/hard/libc_nano.a(lib_a-nano-mallocr.o)
                0x0000000020000254                __malloc_sbrk_start
 .bss.errno     0x0000000020000258        0x4 /mnt/c/VSARM/gcc-arm-none-eabi-10.3-2021.10/bin/../lib/gcc/arm-none-eabi/10.3.1/../../../../arm-none-eabi/lib/thumb/v7e-m+fp/hard/libc_nano.a(lib_a-reent.o)
                0x0000000020000258                errno
 .bss.heap_end.0
                0x000000002000025c        0x4 /mnt/c/VSARM/gcc-arm-none-eabi-10.3-2021.10/bin/../lib/gcc/arm-none-eabi/10.3.1/../../../../arm-none-eabi/lib/thumb/v7e-m+fp/hard/libnosys.a(sbrk.o)
 *(COMMON)
                0x0000000020000260                . = ALIGN (0x4)
                0x0000000020000260                _ebss = .
                0x0000000020000260                __bss_end__ = _ebss

._user_heap_stack
                0x0000000020000260      0x600
                0x0000000020000260                . = ALIGN (0x8)
                0x0000000020000260                PROVIDE (end = .)
                [!provide]                        PROVIDE (_end = .)
                0x0000000020000460                . = (. + _Min_Heap_Size)
 *fill*         0x0000000020000260      0x200 
                0x0000000020000860                . = (. + _Min_Stack_Size)
 *fill*         0x0000000020000460      0x400 
                0x0000000020000860                . = ALIGN (0x8)

/DISCARD/
 libc.a(*)
 libm.a(*)
 libgcc.a(*)

.ARM.attributes
                0x0000000000000000       0x30
 *(.ARM.attributes)
 .ARM.attributes
                0x0000000000000000       0x1e /mnt/c/VSARM/gcc-arm-none-eabi-10.3-2021.10/bin/../lib/gcc/arm-none-eabi/10.3.1/thumb/v7e-m+fp/hard/crti.o
 .ARM.attributes
                0x000000000000001e       0x34 /mnt/c/VSARM/gcc-arm-none-eabi-10.3-2021.10/bin/../lib/gcc/arm-none-eabi/10.3.1/thumb/v7e-m+fp/hard/crtbegin.o
 .ARM.attributes
                0x0000000000000052       0x34 build/main.o
 .ARM.attributes
                0x0000000000000086       0x34 build/stm32f4xx_it.o
 .ARM.attributes
                0x00000000000000ba       0x34 build/stm32f4xx_hal_msp.o
 .ARM.attributes
                0x00000000000000ee       0x34 build/stm32f4xx_hal_tim.o
 .ARM.attributes
                0x0000000000000122       0x34 build/stm32f4xx_hal_tim_ex.o
 .ARM.attributes
                0x0000000000000156       0x34 build/stm32f4xx_hal_rcc.o
 .ARM.attributes
                0x000000000000018a       0x34 build/stm32f4xx_hal_gpio.o
 .ARM.attributes
                0x00000000000001be       0x34 build/stm32f4xx_hal_dma.o
 .ARM.attributes
                0x00000000000001f2       0x34 build/stm32f4xx_hal_cortex.o
 .ARM.attributes
                0x0000000000000226       0x34 build/stm32f4xx_hal.o
 .ARM.attributes
                0x000000000000025a       0x34 build/stm32f4xx_hal_uart.o
 .ARM.attributes
                0x000000000000028e       0x34 build/system_stm32f4xx.o
 .ARM.attributes
                0x00000000000002c2       0x21 build/startup_stm32f407xx.o
 .ARM.attributes
                0x00000000000002e3       0x34 /mnt/c/VSARM/gcc-arm-none-eabi-10.3-2021.10/bin/../lib/gcc/arm-none-eabi/10.3.1/../../../../arm-none-eabi/lib/thumb/v7e-m+fp/hard/libc_nano.a(lib_a-impure.o)
 .ARM.attributes
                0x0000000000000317       0x34 /mnt/c/VSARM/gcc-arm-none-eabi-10.3-2021.10/bin/../lib/gcc/arm-none-eabi/10.3.1/../../../../arm-none-eabi/lib/thumb/v7e-m+fp/hard/libc_nano.a(lib_a-init.o)
 .ARM.attributes
                0x000000000000034b       0x34 /mnt/c/VSARM/gcc-arm-none-eabi-10.3-2021.10/bin/../lib/gcc/arm-none-eabi/10.3.1/../../../../arm-none-eabi/lib/thumb/v7e-m+fp/hard/libc_nano.a(lib_a-memset.o)
 .ARM.attributes
                0x000000000000037f       0x34 /mnt/c/VSARM/gcc-arm-none-eabi-10.3-2021.10/bin/../lib/gcc/arm-none-eabi/10.3.1/../../../../arm-none-eabi/lib/thumb/v7e-m+fp/hard/libc_nano.a(lib_a-printf.o)
 .ARM.attributes
                0x00000000000003b3       0x34 /mnt/c/VSARM/gcc-arm-none-eabi-10.3-2021.10/bin/../lib/gcc/arm-none-eabi/10.3.1/../../../../arm-none-eabi/lib/thumb/v7e-m+fp/hard/libc_nano.a(lib_a-findfp.o)
 .ARM.attributes
                0x00000000000003e7       0x34 /mnt/c/VSARM/gcc-arm-none-eabi-10.3-2021.10/bin/../lib/gcc/arm-none-eabi/10.3.1/../../../../arm-none-eabi/lib/thumb/v7e-m+fp/hard/libc_nano.a(lib_a-fwalk.o)
 .ARM.attributes
                0x000000000000041b       0x34 /mnt/c/VSARM/gcc-arm-none-eabi-10.3-2021.10/bin/../lib/gcc/arm-none-eabi/10.3.1/../../../../arm-none-eabi/lib/thumb/v7e-m+fp/hard/libc_nano.a(lib_a-lock.o)
 .ARM.attributes
                0x000000000000044f       0x34 /mnt/c/VSARM/gcc-arm-none-eabi-10.3-2021.10/bin/../lib/gcc/arm-none-eabi/10.3.1/../../../../arm-none-eabi/lib/thumb/v7e-m+fp/hard/libc_nano.a(lib_a-nano-mallocr.o)
 .ARM.attributes
                0x0000000000000483       0x34 /mnt/c/VSARM/gcc-arm-none-eabi-10.3-2021.10/bin/../lib/gcc/arm-none-eabi/10.3.1/../../../../arm-none-eabi/lib/thumb/v7e-m+fp/hard/libc_nano.a(lib_a-nano-vfprintf.o)
 .ARM.attributes
                0x00000000000004b7       0x34 /mnt/c/VSARM/gcc-arm-none-eabi-10.3-2021.10/bin/../lib/gcc/arm-none-eabi/10.3.1/../../../../arm-none-eabi/lib/thumb/v7e-m+fp/hard/libc_nano.a(lib_a-nano-vfprintf_i.o)
 .ARM.attributes
                0x00000000000004eb       0x34 /mnt/c/VSARM/gcc-arm-none-eabi-10.3-2021.10/bin/../lib/gcc/arm-none-eabi/10.3.1/../../../../arm-none-eabi/lib/thumb/v7e-m+fp/hard/libc_nano.a(lib_a-sbrkr.o)
 .ARM.attributes
                0x000000000000051f       0x34 /mnt/c/VSARM/gcc-arm-none-eabi-10.3-2021.10/bin/../lib/gcc/arm-none-eabi/10.3.1/../../../../arm-none-eabi/lib/thumb/v7e-m+fp/hard/libc_nano.a(lib_a-stdio.o)
 .ARM.attributes
                0x0000000000000553       0x34 /mnt/c/VSARM/gcc-arm-none-eabi-10.3-2021.10/bin/../lib/gcc/arm-none-eabi/10.3.1/../../../../arm-none-eabi/lib/thumb/v7e-m+fp/hard/libc_nano.a(lib_a-wbuf.o)
 .ARM.attributes
                0x0000000000000587       0x34 /mnt/c/VSARM/gcc-arm-none-eabi-10.3-2021.10/bin/../lib/gcc/arm-none-eabi/10.3.1/../../../../arm-none-eabi/lib/thumb/v7e-m+fp/hard/libc_nano.a(lib_a-writer.o)
 .ARM.attributes
                0x00000000000005bb       0x34 /mnt/c/VSARM/gcc-arm-none-eabi-10.3-2021.10/bin/../lib/gcc/arm-none-eabi/10.3.1/../../../../arm-none-eabi/lib/thumb/v7e-m+fp/hard/libc_nano.a(lib_a-wsetup.o)
 .ARM.attributes
                0x00000000000005ef       0x34 /mnt/c/VSARM/gcc-arm-none-eabi-10.3-2021.10/bin/../lib/gcc/arm-none-eabi/10.3.1/../../../../arm-none-eabi/lib/thumb/v7e-m+fp/hard/libc_nano.a(lib_a-closer.o)
 .ARM.attributes
                0x0000000000000623       0x34 /mnt/c/VSARM/gcc-arm-none-eabi-10.3-2021.10/bin/../lib/gcc/arm-none-eabi/10.3.1/../../../../arm-none-eabi/lib/thumb/v7e-m+fp/hard/libc_nano.a(lib_a-fflush.o)
 .ARM.attributes
                0x0000000000000657       0x34 /mnt/c/VSARM/gcc-arm-none-eabi-10.3-2021.10/bin/../lib/gcc/arm-none-eabi/10.3.1/../../../../arm-none-eabi/lib/thumb/v7e-m+fp/hard/libc_nano.a(lib_a-lseekr.o)
 .ARM.attributes
                0x000000000000068b       0x34 /mnt/c/VSARM/gcc-arm-none-eabi-10.3-2021.10/bin/../lib/gcc/arm-none-eabi/10.3.1/../../../../arm-none-eabi/lib/thumb/v7e-m+fp/hard/libc_nano.a(lib_a-makebuf.o)
 .ARM.attributes
                0x00000000000006bf       0x1c /mnt/c/VSARM/gcc-arm-none-eabi-10.3-2021.10/bin/../lib/gcc/arm-none-eabi/10.3.1/../../../../arm-none-eabi/lib/thumb/v7e-m+fp/hard/libc_nano.a(lib_a-memchr.o)
 .ARM.attributes
                0x00000000000006db       0x34 /mnt/c/VSARM/gcc-arm-none-eabi-10.3-2021.10/bin/../lib/gcc/arm-none-eabi/10.3.1/../../../../arm-none-eabi/lib/thumb/v7e-m+fp/hard/libc_nano.a(lib_a-mlock.o)
 .ARM.attributes
                0x000000000000070f       0x34 /mnt/c/VSARM/gcc-arm-none-eabi-10.3-2021.10/bin/../lib/gcc/arm-none-eabi/10.3.1/../../../../arm-none-eabi/lib/thumb/v7e-m+fp/hard/libc_nano.a(lib_a-nano-freer.o)
 .ARM.attributes
                0x0000000000000743       0x34 /mnt/c/VSARM/gcc-arm-none-eabi-10.3-2021.10/bin/../lib/gcc/arm-none-eabi/10.3.1/../../../../arm-none-eabi/lib/thumb/v7e-m+fp/hard/libc_nano.a(lib_a-readr.o)
 .ARM.attributes
                0x0000000000000777       0x34 /mnt/c/VSARM/gcc-arm-none-eabi-10.3-2021.10/bin/../lib/gcc/arm-none-eabi/10.3.1/../../../../arm-none-eabi/lib/thumb/v7e-m+fp/hard/libc_nano.a(lib_a-reent.o)
 .ARM.attributes
                0x00000000000007ab       0x34 /mnt/c/VSARM/gcc-arm-none-eabi-10.3-2021.10/bin/../lib/gcc/arm-none-eabi/10.3.1/../../../../arm-none-eabi/lib/thumb/v7e-m+fp/hard/libc_nano.a(lib_a-fstatr.o)
 .ARM.attributes
                0x00000000000007df       0x34 /mnt/c/VSARM/gcc-arm-none-eabi-10.3-2021.10/bin/../lib/gcc/arm-none-eabi/10.3.1/../../../../arm-none-eabi/lib/thumb/v7e-m+fp/hard/libc_nano.a(lib_a-isattyr.o)
 .ARM.attributes
                0x0000000000000813       0x34 /mnt/c/VSARM/gcc-arm-none-eabi-10.3-2021.10/bin/../lib/gcc/arm-none-eabi/10.3.1/../../../../arm-none-eabi/lib/thumb/v7e-m+fp/hard/libnosys.a(close.o)
 .ARM.attributes
                0x0000000000000847       0x34 /mnt/c/VSARM/gcc-arm-none-eabi-10.3-2021.10/bin/../lib/gcc/arm-none-eabi/10.3.1/../../../../arm-none-eabi/lib/thumb/v7e-m+fp/hard/libnosys.a(fstat.o)
 .ARM.attributes
                0x000000000000087b       0x34 /mnt/c/VSARM/gcc-arm-none-eabi-10.3-2021.10/bin/../lib/gcc/arm-none-eabi/10.3.1/../../../../arm-none-eabi/lib/thumb/v7e-m+fp/hard/libnosys.a(isatty.o)
 .ARM.attributes
                0x00000000000008af       0x34 /mnt/c/VSARM/gcc-arm-none-eabi-10.3-2021.10/bin/../lib/gcc/arm-none-eabi/10.3.1/../../../../arm-none-eabi/lib/thumb/v7e-m+fp/hard/libnosys.a(lseek.o)
 .ARM.attributes
                0x00000000000008e3       0x34 /mnt/c/VSARM/gcc-arm-none-eabi-10.3-2021.10/bin/../lib/gcc/arm-none-eabi/10.3.1/../../../../arm-none-eabi/lib/thumb/v7e-m+fp/hard/libnosys.a(read.o)
 .ARM.attributes
                0x0000000000000917       0x34 /mnt/c/VSARM/gcc-arm-none-eabi-10.3-2021.10/bin/../lib/gcc/arm-none-eabi/10.3.1/../../../../arm-none-eabi/lib/thumb/v7e-m+fp/hard/libnosys.a(sbrk.o)
 .ARM.attributes
                0x000000000000094b       0x34 /mnt/c/VSARM/gcc-arm-none-eabi-10.3-2021.10/bin/../lib/gcc/arm-none-eabi/10.3.1/../../../../arm-none-eabi/lib/thumb/v7e-m+fp/hard/libnosys.a(write.o)
 .ARM.attributes
                0x000000000000097f       0x1e /mnt/c/VSARM/gcc-arm-none-eabi-10.3-2021.10/bin/../lib/gcc/arm-none-eabi/10.3.1/thumb/v7e-m+fp/hard/libgcc.a(_arm_muldf3.o)
 .ARM.attributes
                0x000000000000099d       0x1e /mnt/c/VSARM/gcc-arm-none-eabi-10.3-2021.10/bin/../lib/gcc/arm-none-eabi/10.3.1/thumb/v7e-m+fp/hard/libgcc.a(_arm_addsubdf3.o)
 .ARM.attributes
                0x00000000000009bb       0x1e /mnt/c/VSARM/gcc-arm-none-eabi-10.3-2021.10/bin/../lib/gcc/arm-none-eabi/10.3.1/thumb/v7e-m+fp/hard/libgcc.a(_arm_truncdfsf2.o)
 .ARM.attributes
                0x00000000000009d9       0x1e /mnt/c/VSARM/gcc-arm-none-eabi-10.3-2021.10/bin/../lib/gcc/arm-none-eabi/10.3.1/thumb/v7e-m+fp/hard/libgcc.a(_aeabi_uldivmod.o)
 .ARM.attributes
                0x00000000000009f7       0x34 /mnt/c/VSARM/gcc-arm-none-eabi-10.3-2021.10/bin/../lib/gcc/arm-none-eabi/10.3.1/thumb/v7e-m+fp/hard/libgcc.a(_udivmoddi4.o)
 .ARM.attributes
                0x0000000000000a2b       0x1e /mnt/c/VSARM/gcc-arm-none-eabi-10.3-2021.10/bin/../lib/gcc/arm-none-eabi/10.3.1/thumb/v7e-m+fp/hard/libgcc.a(_dvmd_tls.o)
 .ARM.attributes
                0x0000000000000a49       0x1e /mnt/c/VSARM/gcc-arm-none-eabi-10.3-2021.10/bin/../lib/gcc/arm-none-eabi/10.3.1/thumb/v7e-m+fp/hard/crtn.o
OUTPUT(build/POSITION_Control.elf elf32-littlearm)
LOAD linker stubs
LOAD /mnt/c/VSARM/gcc-arm-none-eabi-10.3-2021.10/bin/../lib/gcc/arm-none-eabi/10.3.1/../../../../arm-none-eabi/lib/thumb/v7e-m+fp/hard/libc.a
LOAD /mnt/c/VSARM/gcc-arm-none-eabi-10.3-2021.10/bin/../lib/gcc/arm-none-eabi/10.3.1/../../../../arm-none-eabi/lib/thumb/v7e-m+fp/hard/libm.a
LOAD /mnt/c/VSARM/gcc-arm-none-eabi-10.3-2021.10/bin/../lib/gcc/arm-none-eabi/10.3.1/thumb/v7e-m+fp/hard/libgcc.a

.debug_info     0x0000000000000000     0xe7d7
 .debug_info    0x0000000000000000     0x1df2 build/main.o
 .debug_info    0x0000000000001df2      0xa5c build/stm32f4xx_it.o
 .debug_info    0x000000000000284e     0x12c4 build/stm32f4xx_hal_msp.o
 .debug_info    0x0000000000003b12     0x38c4 build/stm32f4xx_hal_tim.o
 .debug_info    0x00000000000073d6     0x1781 build/stm32f4xx_hal_tim_ex.o
 .debug_info    0x0000000000008b57      0xbe6 build/stm32f4xx_hal_rcc.o
 .debug_info    0x000000000000973d      0x833 build/stm32f4xx_hal_gpio.o
 .debug_info    0x0000000000009f70      0xbd1 build/stm32f4xx_hal_dma.o
 .debug_info    0x000000000000ab41     0x1174 build/stm32f4xx_hal_cortex.o
 .debug_info    0x000000000000bcb5      0xacf build/stm32f4xx_hal.o
 .debug_info    0x000000000000c784     0x1a7e build/stm32f4xx_hal_uart.o
 .debug_info    0x000000000000e202      0x5b3 build/system_stm32f4xx.o
 .debug_info    0x000000000000e7b5       0x22 build/startup_stm32f407xx.o

.debug_abbrev   0x0000000000000000     0x1db0
 .debug_abbrev  0x0000000000000000      0x36c build/main.o
 .debug_abbrev  0x000000000000036c      0x190 build/stm32f4xx_it.o
 .debug_abbrev  0x00000000000004fc      0x25b build/stm32f4xx_hal_msp.o
 .debug_abbrev  0x0000000000000757      0x282 build/stm32f4xx_hal_tim.o
 .debug_abbrev  0x00000000000009d9      0x27e build/stm32f4xx_hal_tim_ex.o
 .debug_abbrev  0x0000000000000c57      0x2aa build/stm32f4xx_hal_rcc.o
 .debug_abbrev  0x0000000000000f01      0x22b build/stm32f4xx_hal_gpio.o
 .debug_abbrev  0x000000000000112c      0x2ff build/stm32f4xx_hal_dma.o
 .debug_abbrev  0x000000000000142b      0x382 build/stm32f4xx_hal_cortex.o
 .debug_abbrev  0x00000000000017ad      0x209 build/stm32f4xx_hal.o
 .debug_abbrev  0x00000000000019b6      0x2cd build/stm32f4xx_hal_uart.o
 .debug_abbrev  0x0000000000001c83      0x11b build/system_stm32f4xx.o
 .debug_abbrev  0x0000000000001d9e       0x12 build/startup_stm32f407xx.o

.debug_loc      0x0000000000000000     0xa5bf
 .debug_loc     0x0000000000000000      0x439 build/main.o
 .debug_loc     0x0000000000000439       0x80 build/stm32f4xx_it.o
 .debug_loc     0x00000000000004b9      0x35a build/stm32f4xx_hal_msp.o
 .debug_loc     0x0000000000000813     0x45d0 build/stm32f4xx_hal_tim.o
 .debug_loc     0x0000000000004de3     0x157d build/stm32f4xx_hal_tim_ex.o
 .debug_loc     0x0000000000006360      0x6e4 build/stm32f4xx_hal_rcc.o
 .debug_loc     0x0000000000006a44      0x5c7 build/stm32f4xx_hal_gpio.o
 .debug_loc     0x000000000000700b      0xd6d build/stm32f4xx_hal_dma.o
 .debug_loc     0x0000000000007d78      0x7a4 build/stm32f4xx_hal_cortex.o
 .debug_loc     0x000000000000851c      0x1e1 build/stm32f4xx_hal.o
 .debug_loc     0x00000000000086fd     0x1d6a build/stm32f4xx_hal_uart.o
 .debug_loc     0x000000000000a467      0x158 build/system_stm32f4xx.o

.debug_aranges  0x0000000000000000      0xb90
 .debug_aranges
                0x0000000000000000       0x90 build/main.o
 .debug_aranges
                0x0000000000000090       0x78 build/stm32f4xx_it.o
 .debug_aranges
                0x0000000000000108       0x68 build/stm32f4xx_hal_msp.o
 .debug_aranges
                0x0000000000000170      0x3a8 build/stm32f4xx_hal_tim.o
 .debug_aranges
                0x0000000000000518      0x150 build/stm32f4xx_hal_tim_ex.o
 .debug_aranges
                0x0000000000000668       0x88 build/stm32f4xx_hal_rcc.o
 .debug_aranges
                0x00000000000006f0       0x58 build/stm32f4xx_hal_gpio.o
 .debug_aranges
                0x0000000000000748       0x90 build/stm32f4xx_hal_dma.o
 .debug_aranges
                0x00000000000007d8       0xa8 build/stm32f4xx_hal_cortex.o
 .debug_aranges
                0x0000000000000880       0xf0 build/stm32f4xx_hal.o
 .debug_aranges
                0x0000000000000970      0x1d0 build/stm32f4xx_hal_uart.o
 .debug_aranges
                0x0000000000000b40       0x28 build/system_stm32f4xx.o
 .debug_aranges
                0x0000000000000b68       0x28 build/startup_stm32f407xx.o

.debug_ranges   0x0000000000000000      0xb40
 .debug_ranges  0x0000000000000000       0x80 build/main.o
 .debug_ranges  0x0000000000000080       0x68 build/stm32f4xx_it.o
 .debug_ranges  0x00000000000000e8       0x58 build/stm32f4xx_hal_msp.o
 .debug_ranges  0x0000000000000140      0x398 build/stm32f4xx_hal_tim.o
 .debug_ranges  0x00000000000004d8      0x140 build/stm32f4xx_hal_tim_ex.o
 .debug_ranges  0x0000000000000618       0x90 build/stm32f4xx_hal_rcc.o
 .debug_ranges  0x00000000000006a8       0x48 build/stm32f4xx_hal_gpio.o
 .debug_ranges  0x00000000000006f0       0x80 build/stm32f4xx_hal_dma.o
 .debug_ranges  0x0000000000000770       0xf8 build/stm32f4xx_hal_cortex.o
 .debug_ranges  0x0000000000000868       0xe0 build/stm32f4xx_hal.o
 .debug_ranges  0x0000000000000948      0x1c0 build/stm32f4xx_hal_uart.o
 .debug_ranges  0x0000000000000b08       0x18 build/system_stm32f4xx.o
 .debug_ranges  0x0000000000000b20       0x20 build/startup_stm32f407xx.o

.debug_line     0x0000000000000000     0xa458
 .debug_line    0x0000000000000000      0x94f build/main.o
 .debug_line    0x000000000000094f      0x30b build/stm32f4xx_it.o
 .debug_line    0x0000000000000c5a      0x4af build/stm32f4xx_hal_msp.o
 .debug_line    0x0000000000001109     0x365f build/stm32f4xx_hal_tim.o
 .debug_line    0x0000000000004768     0x1194 build/stm32f4xx_hal_tim_ex.o
 .debug_line    0x00000000000058fc      0xb04 build/stm32f4xx_hal_rcc.o
 .debug_line    0x0000000000006400      0x6ce build/stm32f4xx_hal_gpio.o
 .debug_line    0x0000000000006ace      0xdf0 build/stm32f4xx_hal_dma.o
 .debug_line    0x00000000000078be      0x76a build/stm32f4xx_hal_cortex.o
 .debug_line    0x0000000000008028      0x557 build/stm32f4xx_hal.o
 .debug_line    0x000000000000857f     0x1c1c build/stm32f4xx_hal_uart.o
 .debug_line    0x000000000000a19b      0x24a build/system_stm32f4xx.o
 .debug_line    0x000000000000a3e5       0x73 build/startup_stm32f407xx.o

.debug_str      0x0000000000000000     0x3928
 .debug_str     0x0000000000000000     0x13a1 build/main.o
                                       0x1487 (size before relaxing)
 .debug_str     0x00000000000013a1      0x130 build/stm32f4xx_it.o
                                        0x8d7 (size before relaxing)
 .debug_str     0x00000000000014d1      0x135 build/stm32f4xx_hal_msp.o
                                        0xfb1 (size before relaxing)
 .debug_str     0x0000000000001606      0xbd0 build/stm32f4xx_hal_tim.o
                                       0x14b3 (size before relaxing)
 .debug_str     0x00000000000021d6      0x4d5 build/stm32f4xx_hal_tim_ex.o
                                        0xccb (size before relaxing)
 .debug_str     0x00000000000026ab      0x22f build/stm32f4xx_hal_rcc.o
                                        0x70e (size before relaxing)
 .debug_str     0x00000000000028da      0x10d build/stm32f4xx_hal_gpio.o
                                        0x4e8 (size before relaxing)
 .debug_str     0x00000000000029e7      0x2ba build/stm32f4xx_hal_dma.o
                                        0x77e (size before relaxing)
 .debug_str     0x0000000000002ca1      0x4d5 build/stm32f4xx_hal_cortex.o
                                        0xc34 (size before relaxing)
 .debug_str     0x0000000000003176      0x295 build/stm32f4xx_hal.o
                                        0xb62 (size before relaxing)
 .debug_str     0x000000000000340b      0x4b2 build/stm32f4xx_hal_uart.o
                                        0xc3a (size before relaxing)
 .debug_str     0x00000000000038bd       0x47 build/system_stm32f4xx.o
                                        0x37d (size before relaxing)
 .debug_str     0x0000000000003904       0x24 build/startup_stm32f407xx.o
                                         0x72 (size before relaxing)

.comment        0x0000000000000000       0x49
 .comment       0x0000000000000000       0x49 build/main.o
                                         0x4a (size before relaxing)
 .comment       0x0000000000000049       0x4a build/stm32f4xx_it.o
 .comment       0x0000000000000049       0x4a build/stm32f4xx_hal_msp.o
 .comment       0x0000000000000049       0x4a build/stm32f4xx_hal_tim.o
 .comment       0x0000000000000049       0x4a build/stm32f4xx_hal_tim_ex.o
 .comment       0x0000000000000049       0x4a build/stm32f4xx_hal_rcc.o
 .comment       0x0000000000000049       0x4a build/stm32f4xx_hal_gpio.o
 .comment       0x0000000000000049       0x4a build/stm32f4xx_hal_dma.o
 .comment       0x0000000000000049       0x4a build/stm32f4xx_hal_cortex.o
 .comment       0x0000000000000049       0x4a build/stm32f4xx_hal.o
 .comment       0x0000000000000049       0x4a build/stm32f4xx_hal_uart.o
 .comment       0x0000000000000049       0x4a build/system_stm32f4xx.o

.debug_frame    0x0000000000000000     0x2818
 .debug_frame   0x0000000000000000      0x194 build/main.o
 .debug_frame   0x0000000000000194       0xf0 build/stm32f4xx_it.o
 .debug_frame   0x0000000000000284      0x118 build/stm32f4xx_hal_msp.o
 .debug_frame   0x000000000000039c      0xa70 build/stm32f4xx_hal_tim.o
 .debug_frame   0x0000000000000e0c      0x3a8 build/stm32f4xx_hal_tim_ex.o
 .debug_frame   0x00000000000011b4      0x16c build/stm32f4xx_hal_rcc.o
 .debug_frame   0x0000000000001320       0xd8 build/stm32f4xx_hal_gpio.o
 .debug_frame   0x00000000000013f8      0x188 build/stm32f4xx_hal_dma.o
 .debug_frame   0x0000000000001580      0x148 build/stm32f4xx_hal_cortex.o
 .debug_frame   0x00000000000016c8      0x1ec build/stm32f4xx_hal.o
 .debug_frame   0x00000000000018b4      0x4ec build/stm32f4xx_hal_uart.o
 .debug_frame   0x0000000000001da0       0x30 build/system_stm32f4xx.o
 .debug_frame   0x0000000000001dd0       0x2c /mnt/c/VSARM/gcc-arm-none-eabi-10.3-2021.10/bin/../lib/gcc/arm-none-eabi/10.3.1/../../../../arm-none-eabi/lib/thumb/v7e-m+fp/hard/libc_nano.a(lib_a-init.o)
 .debug_frame   0x0000000000001dfc       0x20 /mnt/c/VSARM/gcc-arm-none-eabi-10.3-2021.10/bin/../lib/gcc/arm-none-eabi/10.3.1/../../../../arm-none-eabi/lib/thumb/v7e-m+fp/hard/libc_nano.a(lib_a-memset.o)
 .debug_frame   0x0000000000001e1c       0x74 /mnt/c/VSARM/gcc-arm-none-eabi-10.3-2021.10/bin/../lib/gcc/arm-none-eabi/10.3.1/../../../../arm-none-eabi/lib/thumb/v7e-m+fp/hard/libc_nano.a(lib_a-printf.o)
 .debug_frame   0x0000000000001e90      0x14c /mnt/c/VSARM/gcc-arm-none-eabi-10.3-2021.10/bin/../lib/gcc/arm-none-eabi/10.3.1/../../../../arm-none-eabi/lib/thumb/v7e-m+fp/hard/libc_nano.a(lib_a-findfp.o)
 .debug_frame   0x0000000000001fdc       0x54 /mnt/c/VSARM/gcc-arm-none-eabi-10.3-2021.10/bin/../lib/gcc/arm-none-eabi/10.3.1/../../../../arm-none-eabi/lib/thumb/v7e-m+fp/hard/libc_nano.a(lib_a-fwalk.o)
 .debug_frame   0x0000000000002030       0xb0 /mnt/c/VSARM/gcc-arm-none-eabi-10.3-2021.10/bin/../lib/gcc/arm-none-eabi/10.3.1/../../../../arm-none-eabi/lib/thumb/v7e-m+fp/hard/libc_nano.a(lib_a-lock.o)
 .debug_frame   0x00000000000020e0       0x4c /mnt/c/VSARM/gcc-arm-none-eabi-10.3-2021.10/bin/../lib/gcc/arm-none-eabi/10.3.1/../../../../arm-none-eabi/lib/thumb/v7e-m+fp/hard/libc_nano.a(lib_a-nano-mallocr.o)
 .debug_frame   0x000000000000212c       0xac /mnt/c/VSARM/gcc-arm-none-eabi-10.3-2021.10/bin/../lib/gcc/arm-none-eabi/10.3.1/../../../../arm-none-eabi/lib/thumb/v7e-m+fp/hard/libc_nano.a(lib_a-nano-vfprintf.o)
 .debug_frame   0x00000000000021d8       0x60 /mnt/c/VSARM/gcc-arm-none-eabi-10.3-2021.10/bin/../lib/gcc/arm-none-eabi/10.3.1/../../../../arm-none-eabi/lib/thumb/v7e-m+fp/hard/libc_nano.a(lib_a-nano-vfprintf_i.o)
 .debug_frame   0x0000000000002238       0x2c /mnt/c/VSARM/gcc-arm-none-eabi-10.3-2021.10/bin/../lib/gcc/arm-none-eabi/10.3.1/../../../../arm-none-eabi/lib/thumb/v7e-m+fp/hard/libc_nano.a(lib_a-sbrkr.o)
 .debug_frame   0x0000000000002264       0x88 /mnt/c/VSARM/gcc-arm-none-eabi-10.3-2021.10/bin/../lib/gcc/arm-none-eabi/10.3.1/../../../../arm-none-eabi/lib/thumb/v7e-m+fp/hard/libc_nano.a(lib_a-stdio.o)
 .debug_frame   0x00000000000022ec       0x40 /mnt/c/VSARM/gcc-arm-none-eabi-10.3-2021.10/bin/../lib/gcc/arm-none-eabi/10.3.1/../../../../arm-none-eabi/lib/thumb/v7e-m+fp/hard/libc_nano.a(lib_a-wbuf.o)
 .debug_frame   0x000000000000232c       0x2c /mnt/c/VSARM/gcc-arm-none-eabi-10.3-2021.10/bin/../lib/gcc/arm-none-eabi/10.3.1/../../../../arm-none-eabi/lib/thumb/v7e-m+fp/hard/libc_nano.a(lib_a-writer.o)
 .debug_frame   0x0000000000002358       0x2c /mnt/c/VSARM/gcc-arm-none-eabi-10.3-2021.10/bin/../lib/gcc/arm-none-eabi/10.3.1/../../../../arm-none-eabi/lib/thumb/v7e-m+fp/hard/libc_nano.a(lib_a-wsetup.o)
 .debug_frame   0x0000000000002384       0x2c /mnt/c/VSARM/gcc-arm-none-eabi-10.3-2021.10/bin/../lib/gcc/arm-none-eabi/10.3.1/../../../../arm-none-eabi/lib/thumb/v7e-m+fp/hard/libc_nano.a(lib_a-closer.o)
 .debug_frame   0x00000000000023b0       0x5c /mnt/c/VSARM/gcc-arm-none-eabi-10.3-2021.10/bin/../lib/gcc/arm-none-eabi/10.3.1/../../../../arm-none-eabi/lib/thumb/v7e-m+fp/hard/libc_nano.a(lib_a-fflush.o)
 .debug_frame   0x000000000000240c       0x2c /mnt/c/VSARM/gcc-arm-none-eabi-10.3-2021.10/bin/../lib/gcc/arm-none-eabi/10.3.1/../../../../arm-none-eabi/lib/thumb/v7e-m+fp/hard/libc_nano.a(lib_a-lseekr.o)
 .debug_frame   0x0000000000002438       0x58 /mnt/c/VSARM/gcc-arm-none-eabi-10.3-2021.10/bin/../lib/gcc/arm-none-eabi/10.3.1/../../../../arm-none-eabi/lib/thumb/v7e-m+fp/hard/libc_nano.a(lib_a-makebuf.o)
 .debug_frame   0x0000000000002490       0x30 /mnt/c/VSARM/gcc-arm-none-eabi-10.3-2021.10/bin/../lib/gcc/arm-none-eabi/10.3.1/../../../../arm-none-eabi/lib/thumb/v7e-m+fp/hard/libc_nano.a(lib_a-mlock.o)
 .debug_frame   0x00000000000024c0       0x38 /mnt/c/VSARM/gcc-arm-none-eabi-10.3-2021.10/bin/../lib/gcc/arm-none-eabi/10.3.1/../../../../arm-none-eabi/lib/thumb/v7e-m+fp/hard/libc_nano.a(lib_a-nano-freer.o)
 .debug_frame   0x00000000000024f8       0x2c /mnt/c/VSARM/gcc-arm-none-eabi-10.3-2021.10/bin/../lib/gcc/arm-none-eabi/10.3.1/../../../../arm-none-eabi/lib/thumb/v7e-m+fp/hard/libc_nano.a(lib_a-readr.o)
 .debug_frame   0x0000000000002524       0x5c /mnt/c/VSARM/gcc-arm-none-eabi-10.3-2021.10/bin/../lib/gcc/arm-none-eabi/10.3.1/../../../../arm-none-eabi/lib/thumb/v7e-m+fp/hard/libc_nano.a(lib_a-reent.o)
 .debug_frame   0x0000000000002580       0x2c /mnt/c/VSARM/gcc-arm-none-eabi-10.3-2021.10/bin/../lib/gcc/arm-none-eabi/10.3.1/../../../../arm-none-eabi/lib/thumb/v7e-m+fp/hard/libc_nano.a(lib_a-fstatr.o)
 .debug_frame   0x00000000000025ac       0x2c /mnt/c/VSARM/gcc-arm-none-eabi-10.3-2021.10/bin/../lib/gcc/arm-none-eabi/10.3.1/../../../../arm-none-eabi/lib/thumb/v7e-m+fp/hard/libc_nano.a(lib_a-isattyr.o)
 .debug_frame   0x00000000000025d8       0x20 /mnt/c/VSARM/gcc-arm-none-eabi-10.3-2021.10/bin/../lib/gcc/arm-none-eabi/10.3.1/../../../../arm-none-eabi/lib/thumb/v7e-m+fp/hard/libnosys.a(close.o)
 .debug_frame   0x00000000000025f8       0x20 /mnt/c/VSARM/gcc-arm-none-eabi-10.3-2021.10/bin/../lib/gcc/arm-none-eabi/10.3.1/../../../../arm-none-eabi/lib/thumb/v7e-m+fp/hard/libnosys.a(fstat.o)
 .debug_frame   0x0000000000002618       0x20 /mnt/c/VSARM/gcc-arm-none-eabi-10.3-2021.10/bin/../lib/gcc/arm-none-eabi/10.3.1/../../../../arm-none-eabi/lib/thumb/v7e-m+fp/hard/libnosys.a(isatty.o)
 .debug_frame   0x0000000000002638       0x20 /mnt/c/VSARM/gcc-arm-none-eabi-10.3-2021.10/bin/../lib/gcc/arm-none-eabi/10.3.1/../../../../arm-none-eabi/lib/thumb/v7e-m+fp/hard/libnosys.a(lseek.o)
 .debug_frame   0x0000000000002658       0x20 /mnt/c/VSARM/gcc-arm-none-eabi-10.3-2021.10/bin/../lib/gcc/arm-none-eabi/10.3.1/../../../../arm-none-eabi/lib/thumb/v7e-m+fp/hard/libnosys.a(read.o)
 .debug_frame   0x0000000000002678       0x20 /mnt/c/VSARM/gcc-arm-none-eabi-10.3-2021.10/bin/../lib/gcc/arm-none-eabi/10.3.1/../../../../arm-none-eabi/lib/thumb/v7e-m+fp/hard/libnosys.a(sbrk.o)
 .debug_frame   0x0000000000002698       0x20 /mnt/c/VSARM/gcc-arm-none-eabi-10.3-2021.10/bin/../lib/gcc/arm-none-eabi/10.3.1/../../../../arm-none-eabi/lib/thumb/v7e-m+fp/hard/libnosys.a(write.o)
 .debug_frame   0x00000000000026b8       0x30 /mnt/c/VSARM/gcc-arm-none-eabi-10.3-2021.10/bin/../lib/gcc/arm-none-eabi/10.3.1/thumb/v7e-m+fp/hard/libgcc.a(_arm_muldf3.o)
 .debug_frame   0x00000000000026e8       0xac /mnt/c/VSARM/gcc-arm-none-eabi-10.3-2021.10/bin/../lib/gcc/arm-none-eabi/10.3.1/thumb/v7e-m+fp/hard/libgcc.a(_arm_addsubdf3.o)
 .debug_frame   0x0000000000002794       0x24 /mnt/c/VSARM/gcc-arm-none-eabi-10.3-2021.10/bin/../lib/gcc/arm-none-eabi/10.3.1/thumb/v7e-m+fp/hard/libgcc.a(_arm_truncdfsf2.o)
 .debug_frame   0x00000000000027b8       0x2c /mnt/c/VSARM/gcc-arm-none-eabi-10.3-2021.10/bin/../lib/gcc/arm-none-eabi/10.3.1/thumb/v7e-m+fp/hard/libgcc.a(_aeabi_uldivmod.o)
 .debug_frame   0x00000000000027e4       0x34 /mnt/c/VSARM/gcc-arm-none-eabi-10.3-2021.10/bin/../lib/gcc/arm-none-eabi/10.3.1/thumb/v7e-m+fp/hard/libgcc.a(_udivmoddi4.o)

.stab           0x0000000000000000       0x9c
 .stab          0x0000000000000000       0x24 /mnt/c/VSARM/gcc-arm-none-eabi-10.3-2021.10/bin/../lib/gcc/arm-none-eabi/10.3.1/../../../../arm-none-eabi/lib/thumb/v7e-m+fp/hard/libnosys.a(close.o)
 .stab          0x0000000000000024       0x18 /mnt/c/VSARM/gcc-arm-none-eabi-10.3-2021.10/bin/../lib/gcc/arm-none-eabi/10.3.1/../../../../arm-none-eabi/lib/thumb/v7e-m+fp/hard/libnosys.a(fstat.o)
                                         0x24 (size before relaxing)
 .stab          0x000000000000003c       0x18 /mnt/c/VSARM/gcc-arm-none-eabi-10.3-2021.10/bin/../lib/gcc/arm-none-eabi/10.3.1/../../../../arm-none-eabi/lib/thumb/v7e-m+fp/hard/libnosys.a(isatty.o)
                                         0x24 (size before relaxing)
 .stab          0x0000000000000054       0x18 /mnt/c/VSARM/gcc-arm-none-eabi-10.3-2021.10/bin/../lib/gcc/arm-none-eabi/10.3.1/../../../../arm-none-eabi/lib/thumb/v7e-m+fp/hard/libnosys.a(lseek.o)
                                         0x24 (size before relaxing)
 .stab          0x000000000000006c       0x18 /mnt/c/VSARM/gcc-arm-none-eabi-10.3-2021.10/bin/../lib/gcc/arm-none-eabi/10.3.1/../../../../arm-none-eabi/lib/thumb/v7e-m+fp/hard/libnosys.a(read.o)
                                         0x24 (size before relaxing)
 .stab          0x0000000000000084       0x18 /mnt/c/VSARM/gcc-arm-none-eabi-10.3-2021.10/bin/../lib/gcc/arm-none-eabi/10.3.1/../../../../arm-none-eabi/lib/thumb/v7e-m+fp/hard/libnosys.a(write.o)
                                         0x24 (size before relaxing)

.stabstr        0x0000000000000000      0x14d
 .stabstr       0x0000000000000000      0x14d /mnt/c/VSARM/gcc-arm-none-eabi-10.3-2021.10/bin/../lib/gcc/arm-none-eabi/10.3.1/../../../../arm-none-eabi/lib/thumb/v7e-m+fp/hard/libnosys.a(close.o)

Cross Reference Table

Symbol                                            File
ADC_IRQHandler                                    build/startup_stm32f407xx.o
AHBPrescTable                                     build/system_stm32f4xx.o
                                                  build/stm32f4xx_hal_rcc.o
APBPrescTable                                     build/system_stm32f4xx.o
                                                  build/stm32f4xx_hal_rcc.o
BusFault_Handler                                  build/stm32f4xx_it.o
CAN1_RX0_IRQHandler                               build/startup_stm32f407xx.o
CAN1_RX1_IRQHandler                               build/startup_stm32f407xx.o
CAN1_SCE_IRQHandler                               build/startup_stm32f407xx.o
CAN1_TX_IRQHandler                                build/startup_stm32f407xx.o
CAN2_RX0_IRQHandler                               build/startup_stm32f407xx.o
CAN2_RX1_IRQHandler                               build/startup_stm32f407xx.o
CAN2_SCE_IRQHandler                               build/startup_stm32f407xx.o
CAN2_TX_IRQHandler                                build/startup_stm32f407xx.o
DCMI_IRQHandler                                   build/startup_stm32f407xx.o
DMA1_Stream0_IRQHandler                           build/startup_stm32f407xx.o
DMA1_Stream1_IRQHandler                           build/startup_stm32f407xx.o
DMA1_Stream2_IRQHandler                           build/stm32f4xx_it.o
DMA1_Stream3_IRQHandler                           build/startup_stm32f407xx.o
DMA1_Stream4_IRQHandler                           build/startup_stm32f407xx.o
DMA1_Stream5_IRQHandler                           build/startup_stm32f407xx.o
DMA1_Stream6_IRQHandler                           build/startup_stm32f407xx.o
DMA1_Stream7_IRQHandler                           build/startup_stm32f407xx.o
DMA2_Stream0_IRQHandler                           build/startup_stm32f407xx.o
DMA2_Stream1_IRQHandler                           build/startup_stm32f407xx.o
DMA2_Stream2_IRQHandler                           build/startup_stm32f407xx.o
DMA2_Stream3_IRQHandler                           build/startup_stm32f407xx.o
DMA2_Stream4_IRQHandler                           build/startup_stm32f407xx.o
DMA2_Stream5_IRQHandler                           build/startup_stm32f407xx.o
DMA2_Stream6_IRQHandler                           build/startup_stm32f407xx.o
DMA2_Stream7_IRQHandler                           build/startup_stm32f407xx.o
DebugMon_Handler                                  build/stm32f4xx_it.o
Default_Handler                                   build/startup_stm32f407xx.o
ETH_IRQHandler                                    build/startup_stm32f407xx.o
ETH_WKUP_IRQHandler                               build/startup_stm32f407xx.o
EXTI0_IRQHandler                                  build/startup_stm32f407xx.o
EXTI15_10_IRQHandler                              build/startup_stm32f407xx.o
EXTI1_IRQHandler                                  build/startup_stm32f407xx.o
EXTI2_IRQHandler                                  build/startup_stm32f407xx.o
EXTI3_IRQHandler                                  build/startup_stm32f407xx.o
EXTI4_IRQHandler                                  build/startup_stm32f407xx.o
EXTI9_5_IRQHandler                                build/startup_stm32f407xx.o
Error_Handler                                     build/main.o
                                                  build/stm32f4xx_hal_msp.o
FLASH_Erase_Sector                                build/stm32f4xx_hal_flash_ex.o
                                                  build/stm32f4xx_hal_flash.o
FLASH_FlushCaches                                 build/stm32f4xx_hal_flash_ex.o
                                                  build/stm32f4xx_hal_flash.o
FLASH_IRQHandler                                  build/startup_stm32f407xx.o
FLASH_WaitForLastOperation                        build/stm32f4xx_hal_flash.o
                                                  build/stm32f4xx_hal_flash_ex.o
FPU_IRQHandler                                    build/startup_stm32f407xx.o
FSMC_IRQHandler                                   build/startup_stm32f407xx.o
HAL_DBGMCU_DisableDBGSleepMode                    build/stm32f4xx_hal.o
HAL_DBGMCU_DisableDBGStandbyMode                  build/stm32f4xx_hal.o
HAL_DBGMCU_DisableDBGStopMode                     build/stm32f4xx_hal.o
HAL_DBGMCU_EnableDBGSleepMode                     build/stm32f4xx_hal.o
HAL_DBGMCU_EnableDBGStandbyMode                   build/stm32f4xx_hal.o
HAL_DBGMCU_EnableDBGStopMode                      build/stm32f4xx_hal.o
HAL_DMAEx_ChangeMemory                            build/stm32f4xx_hal_dma_ex.o
HAL_DMAEx_MultiBufferStart                        build/stm32f4xx_hal_dma_ex.o
HAL_DMAEx_MultiBufferStart_IT                     build/stm32f4xx_hal_dma_ex.o
HAL_DMA_Abort                                     build/stm32f4xx_hal_dma.o
                                                  build/stm32f4xx_hal_uart.o
HAL_DMA_Abort_IT                                  build/stm32f4xx_hal_dma.o
                                                  build/stm32f4xx_hal_uart.o
                                                  build/stm32f4xx_hal_tim_ex.o
                                                  build/stm32f4xx_hal_tim.o
HAL_DMA_DeInit                                    build/stm32f4xx_hal_dma.o
                                                  build/stm32f4xx_hal_msp.o
HAL_DMA_GetError                                  build/stm32f4xx_hal_dma.o
                                                  build/stm32f4xx_hal_uart.o
HAL_DMA_GetState                                  build/stm32f4xx_hal_dma.o
HAL_DMA_IRQHandler                                build/stm32f4xx_hal_dma.o
                                                  build/stm32f4xx_it.o
HAL_DMA_Init                                      build/stm32f4xx_hal_dma.o
                                                  build/stm32f4xx_hal_msp.o
HAL_DMA_PollForTransfer                           build/stm32f4xx_hal_dma.o
HAL_DMA_RegisterCallback                          build/stm32f4xx_hal_dma.o
HAL_DMA_Start                                     build/stm32f4xx_hal_dma.o
HAL_DMA_Start_IT                                  build/stm32f4xx_hal_dma.o
                                                  build/stm32f4xx_hal_uart.o
                                                  build/stm32f4xx_hal_tim_ex.o
                                                  build/stm32f4xx_hal_tim.o
HAL_DMA_UnRegisterCallback                        build/stm32f4xx_hal_dma.o
HAL_DeInit                                        build/stm32f4xx_hal.o
HAL_Delay                                         build/stm32f4xx_hal.o
                                                  build/main.o
HAL_DisableCompensationCell                       build/stm32f4xx_hal.o
HAL_EXTI_ClearConfigLine                          build/stm32f4xx_hal_exti.o
HAL_EXTI_ClearPending                             build/stm32f4xx_hal_exti.o
HAL_EXTI_GenerateSWI                              build/stm32f4xx_hal_exti.o
HAL_EXTI_GetConfigLine                            build/stm32f4xx_hal_exti.o
HAL_EXTI_GetHandle                                build/stm32f4xx_hal_exti.o
HAL_EXTI_GetPending                               build/stm32f4xx_hal_exti.o
HAL_EXTI_IRQHandler                               build/stm32f4xx_hal_exti.o
HAL_EXTI_RegisterCallback                         build/stm32f4xx_hal_exti.o
HAL_EXTI_SetConfigLine                            build/stm32f4xx_hal_exti.o
HAL_EnableCompensationCell                        build/stm32f4xx_hal.o
HAL_FLASHEx_Erase                                 build/stm32f4xx_hal_flash_ex.o
HAL_FLASHEx_Erase_IT                              build/stm32f4xx_hal_flash_ex.o
HAL_FLASHEx_OBGetConfig                           build/stm32f4xx_hal_flash_ex.o
HAL_FLASHEx_OBProgram                             build/stm32f4xx_hal_flash_ex.o
HAL_FLASH_EndOfOperationCallback                  build/stm32f4xx_hal_flash.o
HAL_FLASH_GetError                                build/stm32f4xx_hal_flash.o
HAL_FLASH_IRQHandler                              build/stm32f4xx_hal_flash.o
HAL_FLASH_Lock                                    build/stm32f4xx_hal_flash.o
HAL_FLASH_OB_Launch                               build/stm32f4xx_hal_flash.o
HAL_FLASH_OB_Lock                                 build/stm32f4xx_hal_flash.o
HAL_FLASH_OB_Unlock                               build/stm32f4xx_hal_flash.o
HAL_FLASH_OperationErrorCallback                  build/stm32f4xx_hal_flash.o
HAL_FLASH_Program                                 build/stm32f4xx_hal_flash.o
HAL_FLASH_Program_IT                              build/stm32f4xx_hal_flash.o
HAL_FLASH_Unlock                                  build/stm32f4xx_hal_flash.o
HAL_GPIO_DeInit                                   build/stm32f4xx_hal_gpio.o
                                                  build/stm32f4xx_hal_msp.o
HAL_GPIO_EXTI_Callback                            build/stm32f4xx_hal_gpio.o
HAL_GPIO_EXTI_IRQHandler                          build/stm32f4xx_hal_gpio.o
HAL_GPIO_Init                                     build/stm32f4xx_hal_gpio.o
                                                  build/stm32f4xx_hal_rcc.o
                                                  build/stm32f4xx_hal_msp.o
                                                  build/main.o
HAL_GPIO_LockPin                                  build/stm32f4xx_hal_gpio.o
HAL_GPIO_ReadPin                                  build/stm32f4xx_hal_gpio.o
HAL_GPIO_TogglePin                                build/stm32f4xx_hal_gpio.o
                                                  build/main.o
HAL_GPIO_WritePin                                 build/stm32f4xx_hal_gpio.o
                                                  build/main.o
HAL_GetDEVID                                      build/stm32f4xx_hal.o
HAL_GetHalVersion                                 build/stm32f4xx_hal.o
HAL_GetREVID                                      build/stm32f4xx_hal.o
HAL_GetTick                                       build/stm32f4xx_hal.o
                                                  build/stm32f4xx_hal_uart.o
                                                  build/stm32f4xx_hal_pwr_ex.o
                                                  build/stm32f4xx_hal_dma.o
                                                  build/stm32f4xx_hal_flash.o
                                                  build/stm32f4xx_hal_rcc_ex.o
                                                  build/stm32f4xx_hal_rcc.o
HAL_GetTickFreq                                   build/stm32f4xx_hal.o
HAL_GetTickPrio                                   build/stm32f4xx_hal.o
HAL_GetUIDw0                                      build/stm32f4xx_hal.o
HAL_GetUIDw1                                      build/stm32f4xx_hal.o