<html>
<body>
<pre>
<h1>µVision Build Log</h1>
<h2>Tool Versions:</h2>
IDE-Version: µVision V5.32.0.0
Copyright (C) 2020 ARM Ltd and ARM Germany GmbH. All rights reserved.
License Information: Thanh Duong, no, LIC=----
 
Tool Versions:
Toolchain:       MDK-Lite  Version: 5.32.0.0
Toolchain Path:  C:\Keil_v5\ARM\ARMCC\Bin
C Compiler:      Armcc.exe V5.06 update 7 (build 960)
Assembler:       Armasm.exe V5.06 update 7 (build 960)
Linker/Locator:  ArmLink.exe V5.06 update 7 (build 960)
Library Manager: ArmAr.exe V5.06 update 7 (build 960)
Hex Converter:   FromElf.exe V5.06 update 7 (build 960)
CPU DLL:         SARMCM3.DLL V5.32.0.0
Dialog DLL:      DCM.DLL V1.17.3.0
Target DLL:      STLink\ST-LINKIII-KEIL_SWO.dll V3.0.8.0
Dialog DLL:      TCM.DLL V1.46.0.0
 
<h2>Project:</h2>
C:\Users\DELL\Documents\STM32_Code\STM32_F4\HTDKN__13\BTVN_ADC\BTL_htn\BTL_htn.uvprojx
Project File Date:  05/18/2021

<h2>Output:</h2>
*** Using Compiler 'V5.06 update 7 (build 960)', folder: 'C:\Keil_v5\ARM\ARMCC\Bin'
Rebuild target 'ADC'
assembling startup_stm32f40_41xxx.s...
compiling system_timetick.c...
compiling misc.c...
compiling system_stm32f4xx.c...
compiling stm32f4xx_usart.c...
compiling stm32f4xx_adc.c...
compiling stm32f4xx_gpio.c...
compiling main.c...
main.c(239): warning:  #1035-D: single-precision operand implicitly converted to double-precision
  		volt=(ADC_1/1000)*3.0/4095.0;
main.c(249): warning:  #1035-D: single-precision operand implicitly converted to double-precision
  		volt_1=(ADC_2/1000)*3.0/4095.0;
main.c(257): warning:  #1035-D: single-precision operand implicitly converted to double-precision
  		volt_2=(ADC_3/1000)*3.0/4095.0;
main.c(227): warning:  #177-D: variable "f"  was declared but never referenced
  	 uint16_t i,m=0,k=0,f=0;
main.c(290): warning:  #1-D: last line of file ends without a newline
  }
main.c: 5 warnings, 0 errors
compiling stm32f4xx_dma.c...
compiling stm32f4xx_rcc.c...
compiling stm32f4xx_tim.c...
linking...
Program Size: Code=5916 RO-data=424 RW-data=92 ZI-data=7708  
FromELF: creating hex file...
".\Objects\BTL_htn.axf" - 0 Error(s), 5 Warning(s).

<h2>Software Packages used:</h2>

Package Vendor: ARM
                http://www.keil.com/pack/ARM.CMSIS.5.7.0.pack
                ARM.CMSIS.5.7.0
                CMSIS (Cortex Microcontroller Software Interface Standard)
   * Component: CORE Version: 5.4.0

Package Vendor: Keil
                http://www.keil.com/pack/Keil.STM32F4xx_DFP.2.15.0.pack
                Keil.STM32F4xx_DFP.2.15.0
                STMicroelectronics STM32F4 Series Device Support, Drivers and Examples

<h2>Collection of Component include folders:</h2>
  .\RTE\_ADC
  C:\Users\DELL\AppData\Local\Arm\Packs\ARM\CMSIS\5.7.0\CMSIS\Core\Include
  C:\Users\DELL\AppData\Local\Arm\Packs\Keil\STM32F4xx_DFP\2.15.0\Drivers\CMSIS\Device\ST\STM32F4xx\Include

<h2>Collection of Component Files used:</h2>

   * Component: ARM::CMSIS:CORE:5.4.0
Build Time Elapsed:  00:00:02
</pre>
</body>
</html>
